Component: ARM Compiler 5.06 update 7 (build 960) Tool: armlink [4d3601]

==============================================================================

Section Cross References

    hal_led.o(i.hal_LedConfig) refers to stm32f10x_rcc.o(i.RCC_APB2PeriphClockCmd) for RCC_APB2PeriphClockCmd
    hal_led.o(i.hal_LedConfig) refers to stm32f10x_gpio.o(i.GPIO_Init) for GPIO_Init
    hal_led.o(i.hal_LedConfig) refers to stm32f10x_gpio.o(i.GPIO_ResetBits) for GPIO_ResetBits
    hal_led.o(i.hal_LedInit) refers to hal_led.o(i.hal_LedConfig) for hal_LedConfig
    hal_led.o(i.hal_LedTurn) refers to stm32f10x_gpio.o(i.GPIO_ReadOutputDataBit) for GPIO_ReadOutputDataBit
    hal_led.o(i.hal_LedTurn) refers to stm32f10x_gpio.o(i.GPIO_WriteBit) for GPIO_WriteBit
    hal_init.o(i.Hal_Init) refers to hal_led.o(i.hal_LedInit) for hal_LedInit
    hal_init.o(i.Hal_Init) refers to hal_usart.o(i.Hal_Usart_Init) for Hal_Usart_Init
    hal_init.o(i.Hal_Init) refers to hal_gpio.o(i.hal_Gpio_Init) for hal_Gpio_Init
    hal_init.o(i.Hal_Init) refers to hal_flash.o(i.hal_spi2Init) for hal_spi2Init
    hal_init.o(i.Hal_Init) refers to hal_tftlcd.o(i.hal_tftlcd_Init) for hal_tftlcd_Init
    hal_init.o(i.Hal_Init) refers to hal_tftlcd.o(i.LCD_Open_Init) for LCD_Open_Init
    hal_init.o(i.Hal_Init) refers to hal_wtn6.o(i.hal_Wtn6_Init) for hal_Wtn6_Init
    hal_init.o(i.Hal_Init) refers to hal_timer.o(i.hal_timer_Init) for hal_timer_Init
    hal_init.o(i.Hal_Init) refers to hal_al6630.o(i.hal_Al6630_Init) for hal_Al6630_Init
    hal_init.o(i.Hal_Init) refers to hal_key.o(i.hal_Key_Init) for hal_Key_Init
    hal_usart.o(i.Hal_Usart_Init) refers to stm32f10x_rcc.o(i.RCC_APB2PeriphClockCmd) for RCC_APB2PeriphClockCmd
    hal_usart.o(i.Hal_Usart_Init) refers to stm32f10x_rcc.o(i.RCC_APB1PeriphClockCmd) for RCC_APB1PeriphClockCmd
    hal_usart.o(i.Hal_Usart_Init) refers to stm32f10x_gpio.o(i.GPIO_Init) for GPIO_Init
    hal_usart.o(i.Hal_Usart_Init) refers to stm32f10x_usart.o(i.USART_Init) for USART_Init
    hal_usart.o(i.Hal_Usart_Init) refers to misc.o(i.NVIC_Init) for NVIC_Init
    hal_usart.o(i.Hal_Usart_Init) refers to stm32f10x_usart.o(i.USART_ITConfig) for USART_ITConfig
    hal_usart.o(i.Hal_Usart_Init) refers to stm32f10x_usart.o(i.USART_Cmd) for USART_Cmd
    hal_usart.o(i.UART5_IRQHandler) refers to stm32f10x_usart.o(i.USART_GetITStatus) for USART_GetITStatus
    hal_usart.o(i.UART5_IRQHandler) refers to stm32f10x_usart.o(i.USART_ReceiveData) for USART_ReceiveData
    hal_usart.o(i.UART5_IRQHandler) refers to stm32f10x_usart.o(i.USART_ClearITPendingBit) for USART_ClearITPendingBit
    hal_usart.o(i.UART5_IRQHandler) refers to queue.o(i.xQueueGenericSendFromISR) for xQueueGenericSendFromISR
    hal_usart.o(i.UART5_IRQHandler) refers to hal_usart.o(.data) for dataIndex
    hal_usart.o(i.UART5_IRQHandler) refers to app_lora.o(.data) for LoraQueue
    hal_usart.o(i.USART3_IRQHandler) refers to stm32f10x_usart.o(i.USART_GetITStatus) for USART_GetITStatus
    hal_usart.o(i.USART3_IRQHandler) refers to stm32f10x_usart.o(i.USART_ReceiveData) for USART_ReceiveData
    hal_usart.o(i.USART3_IRQHandler) refers to stm32f10x_usart.o(i.USART_ClearITPendingBit) for USART_ClearITPendingBit
    hal_usart.o(i.USART3_IRQHandler) refers to queue.o(i.xQueueGenericSendFromISR) for xQueueGenericSendFromISR
    hal_usart.o(i.USART3_IRQHandler) refers to hal_usart.o(.data) for dataIndex
    hal_usart.o(i.USART3_IRQHandler) refers to app_wifi.o(.data) for Wifi_Queue
    hal_gpio.o(i.hal_GPIO_4GPowerKey_H) refers to stm32f10x_gpio.o(i.GPIO_SetBits) for GPIO_SetBits
    hal_gpio.o(i.hal_GPIO_4GPowerKey_L) refers to stm32f10x_gpio.o(i.GPIO_ResetBits) for GPIO_ResetBits
    hal_gpio.o(i.hal_GPIO_GetACState) refers to stm32f10x_gpio.o(i.GPIO_ReadInputDataBit) for GPIO_ReadInputDataBit
    hal_gpio.o(i.hal_GPIO_WIFIPowerEN_H) refers to stm32f10x_gpio.o(i.GPIO_ResetBits) for GPIO_ResetBits
    hal_gpio.o(i.hal_GPIO_WIFIPowerEN_L) refers to stm32f10x_gpio.o(i.GPIO_SetBits) for GPIO_SetBits
    hal_gpio.o(i.hal_Gpio_AcStateCheck) refers to hal_gpio.o(i.hal_GPIO_GetACState) for hal_GPIO_GetACState
    hal_gpio.o(i.hal_Gpio_AcStateCheck) refers to hal_gpio.o(i.delay_1msTest) for delay_1msTest
    hal_gpio.o(i.hal_Gpio_AcStateCheck) refers to hal_gpio.o(.data) for AcState
    hal_gpio.o(i.hal_Gpio_Init) refers to stm32f10x_rcc.o(i.RCC_APB2PeriphClockCmd) for RCC_APB2PeriphClockCmd
    hal_gpio.o(i.hal_Gpio_Init) refers to stm32f10x_gpio.o(i.GPIO_Init) for GPIO_Init
    hal_gpio.o(i.hal_Gpio_Init) refers to hal_gpio.o(i.hal_GPIO_GetACState) for hal_GPIO_GetACState
    hal_gpio.o(i.hal_Gpio_Init) refers to hal_gpio.o(i.hal_GPIO_WIFIPowerEN_L) for hal_GPIO_WIFIPowerEN_L
    hal_gpio.o(i.hal_Gpio_Init) refers to hal_gpio.o(i.hal_GPIO_4GPowerKey_L) for hal_GPIO_4GPowerKey_L
    hal_gpio.o(i.hal_Gpio_Init) refers to hal_gpio.o(.data) for AcState
    hal_flash.o(i.hal_spi2CSDrive) refers to stm32f10x_gpio.o(i.GPIO_SetBits) for GPIO_SetBits
[...]
    i.UART5_IRQHandler                       0x08002188   Section        0  hal_usart.o(i.UART5_IRQHandler)
    i.USART3_IRQHandler                      0x08002238   Section        0  hal_usart.o(i.USART3_IRQHandler)
    i.USART_ClearITPendingBit                0x080022c4   Section        0  stm32f10x_usart.o(i.USART_ClearITPendingBit)
    i.USART_Cmd                              0x080022e2   Section        0  stm32f10x_usart.o(i.USART_Cmd)
    i.USART_GetFlagStatus                    0x080022fa   Section        0  stm32f10x_usart.o(i.USART_GetFlagStatus)
    i.USART_GetITStatus                      0x08002314   Section        0  stm32f10x_usart.o(i.USART_GetITStatus)
    i.USART_ITConfig                         0x08002368   Section        0  stm32f10x_usart.o(i.USART_ITConfig)
    i.USART_Init                             0x080023b4   Section        0  stm32f10x_usart.o(i.USART_Init)
    i.USART_ReceiveData                      0x0800248c   Section        0  stm32f10x_usart.o(i.USART_ReceiveData)
    i.USART_SendData                         0x08002496   Section        0  stm32f10x_usart.o(i.USART_SendData)
    i.UsageFault_Handler                     0x0800249e   Section        0  stm32f10x_it.o(i.UsageFault_Handler)
    i.Wifi_Task                              0x080024a4   Section        0  app_wifi.o(i.Wifi_Task)
    i.__0printf$5                            0x080024d8   Section        0  printf5.o(i.__0printf$5)
    i.__0sprintf$5                           0x080024f8   Section        0  printf5.o(i.__0sprintf$5)
    i.__scatterload_copy                     0x08002520   Section       14  handlers.o(i.__scatterload_copy)
    i.__scatterload_null                     0x0800252e   Section        2  handlers.o(i.__scatterload_null)
    i.__scatterload_zeroinit                 0x08002530   Section       14  handlers.o(i.__scatterload_zeroinit)
    i._printf_core                           0x08002540   Section        0  printf5.o(i._printf_core)
    _printf_core                             0x08002541   Thumb Code   660  printf5.o(i._printf_core)
    i._sputc                                 0x08002800   Section        0  printf5.o(i._sputc)
    _sputc                                   0x08002801   Thumb Code    10  printf5.o(i._sputc)
    i.delay_1msTest                          0x0800280a   Section        0  hal_gpio.o(i.delay_1msTest)
    i.eTaskGetState                          0x0800281c   Section        0  tasks.o(i.eTaskGetState)
    i.fputc                                  0x08002888   Section        0  hal_usart.o(i.fputc)
    i.hal_Al6630_Init                        0x080028a0   Section        0  hal_al6630.o(i.hal_Al6630_Init)
    i.hal_CreatTimer                         0x080028bc   Section        0  hal_timer.o(i.hal_CreatTimer)
    i.hal_GPIO_4GPowerKey_L                  0x080028f4   Section        0  hal_gpio.o(i.hal_GPIO_4GPowerKey_L)
    i.hal_GPIO_GetACState                    0x08002904   Section        0  hal_gpio.o(i.hal_GPIO_GetACState)
    hal_GPIO_GetACState                      0x08002905   Thumb Code    12  hal_gpio.o(i.hal_GPIO_GetACState)
    i.hal_GPIO_WIFIPowerEN_H                 0x08002914   Section        0  hal_gpio.o(i.hal_GPIO_WIFIPowerEN_H)
    i.hal_GPIO_WIFIPowerEN_L                 0x08002924   Section        0  hal_gpio.o(i.hal_GPIO_WIFIPowerEN_L)
    i.hal_GetTemHum_Proc                     0x08002934   Section        0  hal_al6630.o(i.hal_GetTemHum_Proc)
    i.hal_Gpio_AcStateCheck                  0x080029f4   Section        0  hal_gpio.o(i.hal_Gpio_AcStateCheck)
    i.hal_Gpio_Init                          0x08002a40   Section        0  hal_gpio.o(i.hal_Gpio_Init)
    i.hal_Key_DBGet_Sta                      0x08002ac4   Section        0  hal_key.o(i.hal_Key_DBGet_Sta)
    hal_Key_DBGet_Sta                        0x08002ac5   Thumb Code   202  hal_key.o(i.hal_Key_DBGet_Sta)
    i.hal_Key_Init                           0x08002b98   Section        0  hal_key.o(i.hal_Key_Init)
    i.hal_Key_Proc                           0x08002bdc   Section        0  hal_key.o(i.hal_Key_Proc)
    i.hal_LedConfig                          0x08002cf4   Section        0  hal_led.o(i.hal_LedConfig)
    hal_LedConfig                            0x08002cf5   Thumb Code    50  hal_led.o(i.hal_LedConfig)
    i.hal_LedInit                            0x08002d2c   Section        0  hal_led.o(i.hal_LedInit)
    i.hal_LedTurn                            0x08002d34   Section        0  hal_led.o(i.hal_LedTurn)
    i.hal_Oled_Display_on                    0x08002d74   Section        0  hal_tftlcd.o(i.hal_Oled_Display_on)
    i.hal_ResetTimer                         0x08002d88   Section        0  hal_timer.o(i.hal_ResetTimer)
    i.hal_SC8002Config                       0x08002dbc   Section        0  hal_wtn6.o(i.hal_SC8002Config)
    i.hal_Tim3_SentDatPin                    0x08002de8   Section        0  hal_al6630.o(i.hal_Tim3_SentDatPin)
    hal_Tim3_SentDatPin                      0x08002de9   Thumb Code    74  hal_al6630.o(i.hal_Tim3_SentDatPin)
    i.hal_Wtn6Config                         0x08002e38   Section        0  hal_wtn6.o(i.hal_Wtn6Config)
    hal_Wtn6Config                           0x08002e39   Thumb Code    96  hal_wtn6.o(i.hal_Wtn6Config)
    i.hal_Wtn6_Init                          0x08002e9c   Section        0  hal_wtn6.o(i.hal_Wtn6_Init)
    i.hal_Wtn6_Play                          0x08002ec4   Section        0  hal_wtn6.o(i.hal_Wtn6_Play)
    i.hal_Wtn6_PlayHandle                    0x08002f38   Section        0  hal_wtn6.o(i.hal_Wtn6_PlayHandle)
    hal_Wtn6_PlayHandle                      0x08002f39   Thumb Code   232  hal_wtn6.o(i.hal_Wtn6_PlayHandle)
    i.hal_get_DB0Sta                         0x08003040   Section        0  hal_key.o(i.hal_get_DB0Sta)
    hal_get_DB0Sta                           0x08003041   Thumb Code    12  hal_key.o(i.hal_get_DB0Sta)
    i.hal_get_DB1Sta                         0x08003050   Section        0  hal_key.o(i.hal_get_DB1Sta)
    hal_get_DB1Sta                           0x08003051   Thumb Code    12  hal_key.o(i.hal_get_DB1Sta)
    i.hal_get_DB2Sta                         0x08003060   Section        0  hal_key.o(i.hal_get_DB2Sta)
    hal_get_DB2Sta                           0x08003061   Thumb Code    14  hal_key.o(i.hal_get_DB2Sta)
    i.hal_get_DB3Sta                         0x08003074   Section        0  hal_key.o(i.hal_get_DB3Sta)
    hal_get_DB3Sta                           0x08003075   Thumb Code    14  hal_key.o(i.hal_get_DB3Sta)
    i.hal_get_DB4Sta                         0x08003088   Section        0  hal_key.o(i.hal_get_DB4Sta)
    hal_get_DB4Sta                           0x08003089   Thumb Code    14  hal_key.o(i.hal_get_DB4Sta)
    i.hal_key_Config                         0x0800309c   Section        0  hal_key.o(i.hal_key_Config)
    hal_key_Config                           0x0800309d   Thumb Code    56  hal_key.o(i.hal_key_Config)
    i.hal_oled_RestH                         0x080030dc   Section        0  hal_tftlcd.o(i.hal_oled_RestH)
    i.hal_oled_RestL                         0x080030f0   Section        0  hal_tftlcd.o(i.hal_oled_RestL)
    i.hal_spi2CSDrive                        0x08003104   Section        0  hal_flash.o(i.hal_spi2CSDrive)
    i.hal_spi2Init                           0x08003128   Section        0  hal_flash.o(i.hal_spi2Init)
    i.hal_tftlcd_Delay                       0x080031e0   Section        0  hal_tftlcd.o(i.hal_tftlcd_Delay)
    hal_tftlcd_Delay                         0x080031e1   Thumb Code    12  hal_tftlcd.o(i.hal_tftlcd_Delay)
    i.hal_tftlcd_Init                        0x080031ec   Section        0  hal_tftlcd.o(i.hal_tftlcd_Init)
    i.hal_timer3CapConfig                    0x0800333c   Section        0  hal_al6630.o(i.hal_timer3CapConfig)
    hal_timer3CapConfig                      0x0800333d   Thumb Code   172  hal_al6630.o(i.hal_timer3CapConfig)
    i.hal_timer4Config                       0x080033f0   Section        0  hal_timer.o(i.hal_timer4Config)
    hal_timer4Config                         0x080033f1   Thumb Code   116  hal_timer.o(i.hal_timer4Config)
    i.hal_timer_Init                         0x08003470   Section        0  hal_timer.o(i.hal_timer_Init)
    i.main                                   0x080034b4   Section        0  main.o(i.main)
    i.prvAddCurrentTaskToDelayedList         0x080035e4   Section        0  tasks.o(i.prvAddCurrentTaskToDelayedList)
    prvAddCurrentTaskToDelayedList           0x080035e5   Thumb Code   124  tasks.o(i.prvAddCurrentTaskToDelayedList)
    i.prvAddNewTaskToReadyList               0x0800367c   Section        0  tasks.o(i.prvAddNewTaskToReadyList)
    prvAddNewTaskToReadyList                 0x0800367d   Thumb Code   156  tasks.o(i.prvAddNewTaskToReadyList)
    i.prvCheckTasksWaitingTermination        0x08003734   Section        0  tasks.o(i.prvCheckTasksWaitingTermination)
    prvCheckTasksWaitingTermination          0x08003735   Thumb Code    60  tasks.o(i.prvCheckTasksWaitingTermination)
    i.prvCopyDataFromQueue                   0x0800377c   Section        0  queue.o(i.prvCopyDataFromQueue)
    prvCopyDataFromQueue                     0x0800377d   Thumb Code    42  queue.o(i.prvCopyDataFromQueue)
    i.prvCopyDataToQueue                     0x080037a6   Section        0  queue.o(i.prvCopyDataToQueue)
    prvCopyDataToQueue                       0x080037a7   Thumb Code   124  queue.o(i.prvCopyDataToQueue)
    i.prvDeleteTCB                           0x08003822   Section        0  tasks.o(i.prvDeleteTCB)
    prvDeleteTCB                             0x08003823   Thumb Code    18  tasks.o(i.prvDeleteTCB)
    i.prvGetDisinheritPriorityAfterTimeout   0x08003834   Section        0  queue.o(i.prvGetDisinheritPriorityAfterTimeout)
    prvGetDisinheritPriorityAfterTimeout     0x08003835   Thumb Code    20  queue.o(i.prvGetDisinheritPriorityAfterTimeout)
    i.prvHeapInit                            0x08003848   Section        0  heap_4.o(i.prvHeapInit)
    prvHeapInit                              0x08003849   Thumb Code    98  heap_4.o(i.prvHeapInit)
    i.prvIdleTask                            0x080038c4   Section        0  tasks.o(i.prvIdleTask)
    prvIdleTask                              0x080038c5   Thumb Code    32  tasks.o(i.prvIdleTask)
    i.prvInitialiseMutex                     0x080038ec   Section        0  queue.o(i.prvInitialiseMutex)
    prvInitialiseMutex                       0x080038ed   Thumb Code    28  queue.o(i.prvInitialiseMutex)
    i.prvInitialiseNewQueue                  0x08003908   Section        0  queue.o(i.prvInitialiseNewQueue)
    prvInitialiseNewQueue                    0x08003909   Thumb Code    46  queue.o(i.prvInitialiseNewQueue)
    i.prvInitialiseNewTask                   0x08003936   Section        0  tasks.o(i.prvInitialiseNewTask)
    prvInitialiseNewTask                     0x08003937   Thumb Code   144  tasks.o(i.prvInitialiseNewTask)
    i.prvInitialiseTaskLists                 0x080039c8   Section        0  tasks.o(i.prvInitialiseTaskLists)
    prvInitialiseTaskLists                   0x080039c9   Thumb Code    70  tasks.o(i.prvInitialiseTaskLists)
    i.prvInsertBlockIntoFreeList             0x08003a30   Section        0  heap_4.o(i.prvInsertBlockIntoFreeList)
    prvInsertBlockIntoFreeList               0x08003a31   Thumb Code    96  heap_4.o(i.prvInsertBlockIntoFreeList)
    i.prvIsQueueEmpty                        0x08003a98   Section        0  queue.o(i.prvIsQueueEmpty)
    prvIsQueueEmpty                          0x08003a99   Thumb Code    26  queue.o(i.prvIsQueueEmpty)
    i.prvIsQueueFull                         0x08003ab2   Section        0  queue.o(i.prvIsQueueFull)
    prvIsQueueFull                           0x08003ab3   Thumb Code    30  queue.o(i.prvIsQueueFull)
    i.prvListTasksWithinSingleList           0x08003ad0   Section        0  tasks.o(i.prvListTasksWithinSingleList)
    prvListTasksWithinSingleList             0x08003ad1   Thumb Code   106  tasks.o(i.prvListTasksWithinSingleList)
    i.prvNotifyQueueSetContainer             0x08003b3a   Section        0  queue.o(i.prvNotifyQueueSetContainer)
    prvNotifyQueueSetContainer               0x08003b3b   Thumb Code    82  queue.o(i.prvNotifyQueueSetContainer)
    i.prvResetNextTaskUnblockTime            0x08003b8c   Section        0  tasks.o(i.prvResetNextTaskUnblockTime)
    prvResetNextTaskUnblockTime              0x08003b8d   Thumb Code    42  tasks.o(i.prvResetNextTaskUnblockTime)
    i.prvTaskCheckFreeStackSpace             0x08003bc0   Section        0  tasks.o(i.prvTaskCheckFreeStackSpace)
    prvTaskCheckFreeStackSpace               0x08003bc1   Thumb Code    22  tasks.o(i.prvTaskCheckFreeStackSpace)
    i.prvTaskExitError                       0x08003bd6   Section        0  port.o(i.prvTaskExitError)
    prvTaskExitError                         0x08003bd7   Thumb Code    22  port.o(i.prvTaskExitError)
    i.prvUnlockQueue                         0x08003bec   Section        0  queue.o(i.prvUnlockQueue)
    prvUnlockQueue                           0x08003bed   Thumb Code   146  queue.o(i.prvUnlockQueue)
    i.prvWriteNameToBuffer                   0x08003c7e   Section        0  tasks.o(i.prvWriteNameToBuffer)
    prvWriteNameToBuffer                     0x08003c7f   Thumb Code    42  tasks.o(i.prvWriteNameToBuffer)
    i.pvPortMalloc                           0x08003ca8   Section        0  heap_4.o(i.pvPortMalloc)
    i.pvTaskIncrementMutexHeldCount          0x08003d78   Section        0  tasks.o(i.pvTaskIncrementMutexHeldCount)
    i.pxPortInitialiseStack                  0x08003d98   Section        0  port.o(i.pxPortInitialiseStack)
    i.showSystemTime                         0x08003dbc   Section        0  app_tftlcd.o(i.showSystemTime)
    i.tick_check                             0x08003efc   Section        0  systick.o(i.tick_check)
    i.uxListRemove                           0x08003f20   Section        0  list.o(i.uxListRemove)
    i.uxTaskGetSystemState                   0x08003f48   Section        0  tasks.o(i.uxTaskGetSystemState)
    i.vListInitialise                        0x08003ff8   Section        0  list.o(i.vListInitialise)
    i.vListInitialiseItem                    0x08004012   Section        0  list.o(i.vListInitialiseItem)
    i.vListInsert                            0x08004018   Section        0  list.o(i.vListInsert)
    i.vListInsertEnd                         0x0800404c   Section        0  list.o(i.vListInsertEnd)
    i.vPortEnterCritical                     0x08004064   Section        0  port.o(i.vPortEnterCritical)
    i.vPortExitCritical                      0x08004088   Section        0  port.o(i.vPortExitCritical)
    i.vPortFree                              0x080040a8   Section        0  heap_4.o(i.vPortFree)
    i.vPortSetupTimerInterrupt               0x080040f0   Section        0  port.o(i.vPortSetupTimerInterrupt)
    i.vTaskDelay                             0x08004118   Section        0  tasks.o(i.vTaskDelay)
    i.vTaskGetInfo                           0x0800414c   Section        0  tasks.o(i.vTaskGetInfo)
    i.vTaskInternalSetTimeOutState           0x080041d0   Section        0  tasks.o(i.vTaskInternalSetTimeOutState)
    i.vTaskList                              0x080041e8   Section        0  tasks.o(i.vTaskList)
    i.vTaskMissedYield                       0x080042c8   Section        0  tasks.o(i.vTaskMissedYield)
    i.vTaskPlaceOnEventList                  0x080042d4   Section        0  tasks.o(i.vTaskPlaceOnEventList)
    i.vTaskPriorityDisinheritAfterTimeout    0x080042f4   Section        0  tasks.o(i.vTaskPriorityDisinheritAfterTimeout)
    i.vTaskStartScheduler                    0x080043a4   Section        0  tasks.o(i.vTaskStartScheduler)
    i.vTaskSuspendAll                        0x08004408   Section        0  tasks.o(i.vTaskSuspendAll)
    i.vTaskSwitchContext                     0x08004418   Section        0  tasks.o(i.vTaskSwitchContext)
    i.wifi_PowerManage                       0x08004478   Section        0  app_wifi.o(i.wifi_PowerManage)
    i.xPortStartScheduler                    0x080044c4   Section        0  port.o(i.xPortStartScheduler)
    i.xPortSysTickHandler                    0x080044f8   Section        0  port.o(i.xPortSysTickHandler)
    i.xQueueCreateMutex                      0x0800452c   Section        0  queue.o(i.xQueueCreateMutex)
    i.xQueueGenericCreate                    0x0800454e   Section        0  queue.o(i.xQueueGenericCreate)
    i.xQueueGenericReset                     0x08004588   Section        0  queue.o(i.xQueueGenericReset)
    i.xQueueGenericSend                      0x08004608   Section        0  queue.o(i.xQueueGenericSend)
    i.xQueueGenericSendFromISR               0x08004740   Section        0  queue.o(i.xQueueGenericSendFromISR)
    i.xQueueReceive                          0x080047dc   Section        0  queue.o(i.xQueueReceive)
    i.xQueueSemaphoreTake                    0x080048e0   Section        0  queue.o(i.xQueueSemaphoreTake)
    i.xTaskCheckForTimeOut                   0x08004a10   Section        0  tasks.o(i.xTaskCheckForTimeOut)
    i.xTaskCreate                            0x08004a6c   Section        0  tasks.o(i.xTaskCreate)
    i.xTaskGetSchedulerState                 0x08004acc   Section        0  tasks.o(i.xTaskGetSchedulerState)
    i.xTaskGetTickCount                      0x08004aec   Section        0  tasks.o(i.xTaskGetTickCount)
    i.xTaskIncrementTick                     0x08004af8   Section        0  tasks.o(i.xTaskIncrementTick)
    i.xTaskPriorityDisinherit                0x08004c14   Section        0  tasks.o(i.xTaskPriorityDisinherit)
    i.xTaskPriorityInherit                   0x08004c98   Section        0  tasks.o(i.xTaskPriorityInherit)
    i.xTaskRemoveFromEventList               0x08004d60   Section        0  tasks.o(i.xTaskRemoveFromEventList)
    i.xTaskResumeAll                         0x08004de0   Section        0  tasks.o(i.xTaskResumeAll)
    .constdata                               0x08004ec8   Section    29412  lcdfont.o(.constdata)
    .data                                    0x20000000   Section        3  hal_usart.o(.data)
    len                                      0x20000000   Data           1  hal_usart.o(.data)
    dataIndex                                0x20000001   Data           1  hal_usart.o(.data)
    dataIndex                                0x20000002   Data           1  hal_usart.o(.data)
    .data                                    0x20000003   Section        2  hal_gpio.o(.data)
    AcState                                  0x20000003   Data           1  hal_gpio.o(.data)
    times                                    0x20000004   Data           1  hal_gpio.o(.data)
    .data                                    0x20000006   Section       48  hal_wtn6.o(.data)
    VolNum                                   0x20000034   Data           1  hal_wtn6.o(.data)
    Time_Num                                 0x20000035   Data           1  hal_wtn6.o(.data)
    .data                                    0x20000038   Section        4  hal_al6630.o(.data)
    GetTemHum_Timer                          0x20000038   Data           4  hal_al6630.o(.data)
    .data                                    0x2000003c   Section       20  hal_key.o(.data)
    .data                                    0x20000050   Section       28  main.o(.data)
    .data                                    0x2000006c   Section       20  system_stm32f10x.o(.data)
    .data                                    0x20000080   Section        4  app_led.o(.data)
    u32LedTick                               0x20000080   Data           4  app_led.o(.data)
    .data                                    0x20000084   Section        8  app_key.o(.data)
    .data                                    0x2000008c   Section        4  app_al6630.o(.data)
    HumidityValue                            0x2000008c   Data           2  app_al6630.o(.data)
    TemperatureValue                         0x2000008e   Data           2  app_al6630.o(.data)
    .data                                    0x20000090   Section        6  app_wifi.o(.data)
    StartTime                                0x20000094   Data           2  app_wifi.o(.data)
    .data                                    0x20000098   Section        4  app_lora.o(.data)
    .data                                    0x2000009c   Section       20  stm32f10x_rcc.o(.data)
    APBAHBPrescTable                         0x2000009c   Data          16  stm32f10x_rcc.o(.data)
    ADCPrescTable                            0x200000ac   Data           4  stm32f10x_rcc.o(.data)
    .data                                    0x200000b0   Section       60  tasks.o(.data)
    pxDelayedTaskList                        0x200000b4   Data           4  tasks.o(.data)
    pxOverflowDelayedTaskList                0x200000b8   Data           4  tasks.o(.data)
    uxDeletedTasksWaitingCleanUp             0x200000bc   Data           4  tasks.o(.data)
    uxCurrentNumberOfTasks                   0x200000c0   Data           4  tasks.o(.data)
    xTickCount                               0x200000c4   Data           4  tasks.o(.data)
    uxTopReadyPriority                       0x200000c8   Data           4  tasks.o(.data)
    xSchedulerRunning                        0x200000cc   Data           4  tasks.o(.data)
    uxPendedTicks                            0x200000d0   Data           4  tasks.o(.data)
    xYieldPending                            0x200000d4   Data           4  tasks.o(.data)
    xNumOfOverflows                          0x200000d8   Data           4  tasks.o(.data)
    uxTaskNumber                             0x200000dc   Data           4  tasks.o(.data)
    xNextTaskUnblockTime                     0x200000e0   Data           4  tasks.o(.data)
    xIdleTaskHandle                          0x200000e4   Data           4  tasks.o(.data)
    uxSchedulerSuspended                     0x200000e8   Data           4  tasks.o(.data)
    .data                                    0x200000ec   Section       24  heap_4.o(.data)
    xStart                                   0x200000ec   Data           8  heap_4.o(.data)
    pxEnd                                    0x200000f4   Data           4  heap_4.o(.data)
    xFreeBytesRemaining                      0x200000f8   Data           4  heap_4.o(.data)
    xMinimumEverFreeBytesRemaining           0x200000fc   Data           4  heap_4.o(.data)
    xBlockAllocatedBit                       0x20000100   Data           4  heap_4.o(.data)
    .data                                    0x20000104   Section        4  port.o(.data)
    uxCriticalNesting                        0x20000104   Data           4  port.o(.data)
    .data                                    0x20000108   Section        4  systick.o(.data)
    fac_us                                   0x20000108   Data           1  systick.o(.data)
    fac_ms                                   0x2000010a   Data           2  systick.o(.data)
    .data                                    0x2000010c   Section        4  test.o(.data)
    u32TestTick                              0x2000010c   Data           4  test.o(.data)
    .data                                    0x20000110   Section        4  stdout.o(.data)
    .bss                                     0x20000114   Section       24  hal_timer.o(.bss)
    .bss                                     0x2000012c   Section       20  hal_al6630.o(.bss)
    .bss                                     0x20000140   Section      128  hal_key.o(.bss)
    .bss                                     0x200001c0   Section      740  tasks.o(.bss)
    pxReadyTasksLists                        0x200001c0   Data         640  tasks.o(.bss)
    xDelayedTaskList1                        0x20000440   Data          20  tasks.o(.bss)
    xDelayedTaskList2                        0x20000454   Data          20  tasks.o(.bss)
    xPendingReadyList                        0x20000468   Data          20  tasks.o(.bss)
    xTasksWaitingTermination                 0x2000047c   Data          20  tasks.o(.bss)
    xSuspendedTaskList                       0x20000490   Data          20  tasks.o(.bss)
    .bss                                     0x200004a4   Section    36864  heap_4.o(.bss)
    ucHeap                                   0x200004a4   Data       36864  heap_4.o(.bss)
    .bss                                     0x200094a4   Section      640  mt_tftlcd.o(.bss)
    STACK                                    0x20009728   Section     1024  startup_stm32f10x_cl.o(STACK)

    Global Symbols

    Symbol Name                              Value     Ov Type        Size  Object(Section)

    BuildAttributes$$THM_ISAv4$P$D$K$B$S$PE$A:L22UL41UL21$X:L11$S22US41US21$IEEE1$IW$USESV6$~STKCKD$USESV7$~SHL$OSPACE$ROPI$EBA8$MICROLIB$REQ8$PRES8$EABIv2 0x00000000   Number         0  anon$$obj.o ABSOLUTE
    __ARM_use_no_argv                        0x00000000   Number         0  main.o ABSOLUTE
    _printf_a                                0x00000000   Number         0  stubs.o ABSOLUTE
    _printf_c                                0x00000000   Number         0  stubs.o ABSOLUTE
    _printf_charcount                        0x00000000   Number         0  stubs.o ABSOLUTE
    _printf_d                                0x00000000   Number         0  stubs.o ABSOLUTE
    _printf_e                                0x00000000   Number         0  stubs.o ABSOLUTE
    _printf_f                                0x00000000   Number         0  stubs.o ABSOLUTE
    _printf_flags                            0x00000000   Number         0  stubs.o ABSOLUTE
    _printf_fp_dec                           0x00000000   Number         0  stubs.o ABSOLUTE
    _printf_fp_hex                           0x00000000   Number         0  stubs.o ABSOLUTE
    _printf_g                                0x00000000   Number         0  stubs.o ABSOLUTE
    _printf_i                                0x00000000   Number         0  stubs.o ABSOLUTE
    _printf_int_dec                          0x00000000   Number         0  stubs.o ABSOLUTE
    _printf_l                                0x00000000   Number         0  stubs.o ABSOLUTE
    _printf_lc                               0x00000000   Number         0  stubs.o ABSOLUTE
    _printf_ll                               0x00000000   Number         0  stubs.o ABSOLUTE
    _printf_lld                              0x00000000   Number         0  stubs.o ABSOLUTE
    _printf_lli                              0x00000000   Number         0  stubs.o ABSOLUTE
    _printf_llo                              0x00000000   Number         0  stubs.o ABSOLUTE
    _printf_llu                              0x00000000   Number         0  stubs.o ABSOLUTE
    _printf_llx                              0x00000000   Number         0  stubs.o ABSOLUTE
    _printf_longlong_dec                     0x00000000   Number         0  stubs.o ABSOLUTE
    _printf_longlong_hex                     0x00000000   Number         0  stubs.o ABSOLUTE
    _printf_longlong_oct                     0x00000000   Number         0  stubs.o ABSOLUTE
    _printf_ls                               0x00000000   Number         0  stubs.o ABSOLUTE
    _printf_mbtowc                           0x00000000   Number         0  stubs.o ABSOLUTE
    _printf_n                                0x00000000   Number         0  stubs.o ABSOLUTE
    _printf_o                                0x00000000   Number         0  stubs.o ABSOLUTE
    _printf_p                                0x00000000   Number         0  stubs.o ABSOLUTE
    _printf_percent                          0x00000000   Number         0  stubs.o ABSOLUTE
    _printf_pre_padding                      0x00000000   Number         0  stubs.o ABSOLUTE
    _printf_return_value                     0x00000000   Number         0  stubs.o ABSOLUTE
    _printf_s                                0x00000000   Number         0  stubs.o ABSOLUTE
    _printf_sizespec                         0x00000000   Number         0  stubs.o ABSOLUTE
    _printf_str                              0x00000000   Number         0  stubs.o ABSOLUTE
    _printf_truncate_signed                  0x00000000   Number         0  stubs.o ABSOLUTE
    _printf_truncate_unsigned                0x00000000   Number         0  stubs.o ABSOLUTE
    _printf_u                                0x00000000   Number         0  stubs.o ABSOLUTE
    _printf_wc                               0x00000000   Number         0  stubs.o ABSOLUTE
    _printf_wctomb                           0x00000000   Number         0  stubs.o ABSOLUTE
    _printf_widthprec                        0x00000000   Number         0  stubs.o ABSOLUTE
    _printf_x                                0x00000000   Number         0  stubs.o ABSOLUTE
    __arm_fini_                               - Undefined Weak Reference
    __cpp_initialize__aeabi_                  - Undefined Weak Reference
    __cxa_finalize                            - Undefined Weak Reference
    __decompress                              - Undefined Weak Reference
    _clock_init                               - Undefined Weak Reference
    _microlib_exit                            - Undefined Weak Reference
    __Vectors_Size                           0x00000150   Number         0  startup_stm32f10x_cl.o ABSOLUTE
    __Vectors                                0x08000000   Data           4  startup_stm32f10x_cl.o(RESET)
    __Vectors_End                            0x08000150   Data           0  startup_stm32f10x_cl.o(RESET)
    __main                                   0x08000151   Thumb Code     0  entry.o(.ARM.Collect$$$$00000000)
    _main_stk                                0x08000151   Thumb Code     0  entry2.o(.ARM.Collect$$$$00000001)
    _main_scatterload                        0x08000155   Thumb Code     0  entry5.o(.ARM.Collect$$$$00000004)
    __main_after_scatterload                 0x08000159   Thumb Code     0  entry5.o(.ARM.Collect$$$$00000004)
    _main_clock                              0x08000159   Thumb Code     0  entry7b.o(.ARM.Collect$$$$00000008)
    _main_cpp_init                           0x08000159   Thumb Code     0  entry8b.o(.ARM.Collect$$$$0000000A)
    _main_init                               0x08000159   Thumb Code     0  entry9a.o(.ARM.Collect$$$$0000000B)
    __rt_lib_shutdown_fini                   0x08000161   Thumb Code     0  entry12b.o(.ARM.Collect$$$$0000000E)
    __rt_final_cpp                           0x08000165   Thumb Code     0  entry10a.o(.ARM.Collect$$$$0000000F)
    __rt_final_exit                          0x08000165   Thumb Code     0  entry11a.o(.ARM.Collect$$$$00000011)
    SVC_Handler                              0x08000169   Thumb Code    32  port.o(.emb_text)
    __asm___6_port_c_39a90d8d__prvStartFirstTask 0x0800018d   Thumb Code    28  port.o(.emb_text)
    PendSV_Handler                           0x080001ad   Thumb Code    72  port.o(.emb_text)
    vPortGetIPSR                             0x080001f9   Thumb Code     6  port.o(.emb_text)
    Reset_Handler                            0x08000201   Thumb Code     8  startup_stm32f10x_cl.o(.text)
    ADC1_2_IRQHandler                        0x0800021b   Thumb Code     0  startup_stm32f10x_cl.o(.text)
    CAN1_RX0_IRQHandler                      0x0800021b   Thumb Code     0  startup_stm32f10x_cl.o(.text)
    CAN1_RX1_IRQHandler                      0x0800021b   Thumb Code     0  startup_stm32f10x_cl.o(.text)
    CAN1_SCE_IRQHandler                      0x0800021b   Thumb Code     0  startup_stm32f10x_cl.o(.text)
    CAN1_TX_IRQHandler                       0x0800021b   Thumb Code     0  startup_stm32f10x_cl.o(.text)
    CAN2_RX0_IRQHandler                      0x0800021b   Thumb Code     0  startup_stm32f10x_cl.o(.text)
    CAN2_RX1_IRQHandler                      0x0800021b   Thumb Code     0  startup_stm32f10x_cl.o(.text)
    CAN2_SCE_IRQHandler                      0x0800021b   Thumb Code     0  startup_stm32f10x_cl.o(.text)
    CAN2_TX_IRQHandler                       0x0800021b   Thumb Code     0  startup_stm32f10x_cl.o(.text)
    DMA1_Channel1_IRQHandler                 0x0800021b   Thumb Code     0  startup_stm32f10x_cl.o(.text)
    DMA1_Channel2_IRQHandler                 0x0800021b   Thumb Code     0  startup_stm32f10x_cl.o(.text)
    DMA1_Channel3_IRQHandler                 0x0800021b   Thumb Code     0  startup_stm32f10x_cl.o(.text)
    DMA1_Channel4_IRQHandler                 0x0800021b   Thumb Code     0  startup_stm32f10x_cl.o(.text)
    DMA1_Channel5_IRQHandler                 0x0800021b   Thumb Code     0  startup_stm32f10x_cl.o(.text)
    DMA1_Channel6_IRQHandler                 0x0800021b   Thumb Code     0  startup_stm32f10x_cl.o(.text)
    DMA1_Channel7_IRQHandler                 0x0800021b   Thumb Code     0  startup_stm32f10x_cl.o(.text)
    DMA2_Channel1_IRQHandler                 0x0800021b   Thumb Code     0  startup_stm32f10x_cl.o(.text)
    DMA2_Channel2_IRQHandler                 0x0800021b   Thumb Code     0  startup_stm32f10x_cl.o(.text)
    DMA2_Channel3_IRQHandler                 0x0800021b   Thumb Code     0  startup_stm32f10x_cl.o(.text)
    DMA2_Channel4_IRQHandler                 0x0800021b   Thumb Code     0  startup_stm32f10x_cl.o(.text)
    DMA2_Channel5_IRQHandler                 0x0800021b   Thumb Code     0  startup_stm32f10x_cl.o(.text)
    ETH_IRQHandler                           0x0800021b   Thumb Code     0  startup_stm32f10x_cl.o(.text)
    ETH_WKUP_IRQHandler                      0x0800021b   Thumb Code     0  startup_stm32f10x_cl.o(.text)
    EXTI0_IRQHandler                         0x0800021b   Thumb Code     0  startup_stm32f10x_cl.o(.text)
    EXTI15_10_IRQHandler                     0x0800021b   Thumb Code     0  startup_stm32f10x_cl.o(.text)
    EXTI1_IRQHandler                         0x0800021b   Thumb Code     0  startup_stm32f10x_cl.o(.text)
    EXTI2_IRQHandler                         0x0800021b   Thumb Code     0  startup_stm32f10x_cl.o(.text)
    EXTI3_IRQHandler                         0x0800021b   Thumb Code     0  startup_stm32f10x_cl.o(.text)
    EXTI4_IRQHandler                         0x0800021b   Thumb Code     0  startup_stm32f10x_cl.o(.text)
    EXTI9_5_IRQHandler                       0x0800021b   Thumb Code     0  startup_stm32f10x_cl.o(.text)
    FLASH_IRQHandler                         0x0800021b   Thumb Code     0  startup_stm32f10x_cl.o(.text)
    I2C1_ER_IRQHandler                       0x0800021b   Thumb Code     0  startup_stm32f10x_cl.o(.text)
    I2C1_EV_IRQHandler                       0x0800021b   Thumb Code     0  startup_stm32f10x_cl.o(.text)
    I2C2_ER_IRQHandler                       0x0800021b   Thumb Code     0  startup_stm32f10x_cl.o(.text)
    I2C2_EV_IRQHandler                       0x0800021b   Thumb Code     0  startup_stm32f10x_cl.o(.text)
    OTG_FS_IRQHandler                        0x0800021b   Thumb Code     0  startup_stm32f10x_cl.o(.text)
    OTG_FS_WKUP_IRQHandler                   0x0800021b   Thumb Code     0  startup_stm32f10x_cl.o(.text)
    PVD_IRQHandler                           0x0800021b   Thumb Code     0  startup_stm32f10x_cl.o(.text)
    RCC_IRQHandler                           0x0800021b   Thumb Code     0  startup_stm32f10x_cl.o(.text)
    RTCAlarm_IRQHandler                      0x0800021b   Thumb Code     0  startup_stm32f10x_cl.o(.text)
    RTC_IRQHandler                           0x0800021b   Thumb Code     0  startup_stm32f10x_cl.o(.text)
    SPI1_IRQHandler                          0x0800021b   Thumb Code     0  startup_stm32f10x_cl.o(.text)
    SPI2_IRQHandler                          0x0800021b   Thumb Code     0  startup_stm32f10x_cl.o(.text)
    SPI3_IRQHandler                          0x0800021b   Thumb Code     0  startup_stm32f10x_cl.o(.text)
    TAMPER_IRQHandler                        0x0800021b   Thumb Code     0  startup_stm32f10x_cl.o(.text)
    TIM1_BRK_IRQHandler                      0x0800021b   Thumb Code     0  startup_stm32f10x_cl.o(.text)
    TIM1_CC_IRQHandler                       0x0800021b   Thumb Code     0  startup_stm32f10x_cl.o(.text)
    TIM1_TRG_COM_IRQHandler                  0x0800021b   Thumb Code     0  startup_stm32f10x_cl.o(.text)
    TIM1_UP_IRQHandler                       0x0800021b   Thumb Code     0  startup_stm32f10x_cl.o(.text)
    TIM2_IRQHandler                          0x0800021b   Thumb Code     0  startup_stm32f10x_cl.o(.text)
    TIM5_IRQHandler                          0x0800021b   Thumb Code     0  startup_stm32f10x_cl.o(.text)
    TIM6_IRQHandler                          0x0800021b   Thumb Code     0  startup_stm32f10x_cl.o(.text)
    TIM7_IRQHandler                          0x0800021b   Thumb Code     0  startup_stm32f10x_cl.o(.text)
    UART4_IRQHandler                         0x0800021b   Thumb Code     0  startup_stm32f10x_cl.o(.text)
    USART1_IRQHandler                        0x0800021b   Thumb Code     0  startup_stm32f10x_cl.o(.text)
    USART2_IRQHandler                        0x0800021b   Thumb Code     0  startup_stm32f10x_cl.o(.text)
    WWDG_IRQHandler                          0x0800021b   Thumb Code     0  startup_stm32f10x_cl.o(.text)
    __aeabi_memcpy                           0x08000225   Thumb Code    36  memcpya.o(.text)
    __aeabi_memcpy4                          0x08000225   Thumb Code     0  memcpya.o(.text)
    __aeabi_memcpy8                          0x08000225   Thumb Code     0  memcpya.o(.text)
    __aeabi_memset                           0x08000249   Thumb Code    14  memseta.o(.text)
    __aeabi_memset4                          0x08000249   Thumb Code     0  memseta.o(.text)
    __aeabi_memset8                          0x08000249   Thumb Code     0  memseta.o(.text)
    __aeabi_memclr                           0x08000257   Thumb Code     4  memseta.o(.text)
    __aeabi_memclr4                          0x08000257   Thumb Code     0  memseta.o(.text)
    __aeabi_memclr8                          0x08000257   Thumb Code     0  memseta.o(.text)
    _memset$wrapper                          0x0800025b   Thumb Code    18  memseta.o(.text)
    strlen                                   0x0800026d   Thumb Code    14  strlen.o(.text)
    strcpy                                   0x0800027b   Thumb Code    18  strcpy.o(.text)
    __aeabi_uldivmod                         0x0800028d   Thumb Code    98  uldiv.o(.text)
    __scatterload                            0x080002f1   Thumb Code    28  init.o(.text)
    __scatterload_rt2                        0x080002f1   Thumb Code     0  init.o(.text)
    __aeabi_llsl                             0x08000315   Thumb Code    30  llshl.o(.text)
    _ll_shift_l                              0x08000315   Thumb Code     0  llshl.o(.text)
    __aeabi_llsr                             0x08000333   Thumb Code    32  llushr.o(.text)
    _ll_ushift_r                             0x08000333   Thumb Code     0  llushr.o(.text)
    App_TempHum_show                         0x08000355   Thumb Code    62  app_al6630.o(i.App_TempHum_show)
    BusFault_Handler                         0x0800039d   Thumb Code     4  stm32f10x_it.o(i.BusFault_Handler)
    DMA_DeInit                               0x080003a1   Thumb Code   324  stm32f10x_dma.o(i.DMA_DeInit)
    DMA_Init                                 0x080004ed   Thumb Code    60  stm32f10x_dma.o(i.DMA_Init)
    DMA_SPI3_TX                              0x08000529   Thumb Code    74  hal_tftlcd.o(i.DMA_SPI3_TX)
    DebugMon_Handler                         0x08000579   Thumb Code     2  stm32f10x_it.o(i.DebugMon_Handler)
    GPIO_Init                                0x0800057b   Thumb Code   278  stm32f10x_gpio.o(i.GPIO_Init)
    GPIO_PinRemapConfig                      0x08000691   Thumb Code   138  stm32f10x_gpio.o(i.GPIO_PinRemapConfig)
    GPIO_ReadInputDataBit                    0x08000721   Thumb Code    18  stm32f10x_gpio.o(i.GPIO_ReadInputDataBit)
    GPIO_ReadOutputDataBit                   0x08000733   Thumb Code    18  stm32f10x_gpio.o(i.GPIO_ReadOutputDataBit)
    GPIO_ResetBits                           0x08000745   Thumb Code     4  stm32f10x_gpio.o(i.GPIO_ResetBits)
    GPIO_SetBits                             0x08000749   Thumb Code     4  stm32f10x_gpio.o(i.GPIO_SetBits)
    GPIO_WriteBit                            0x0800074d   Thumb Code    10  stm32f10x_gpio.o(i.GPIO_WriteBit)
    Get_Humidity_Data                        0x08000759   Thumb Code     6  hal_al6630.o(i.Get_Humidity_Data)
    Get_Temperature_Data                     0x08000765   Thumb Code     6  hal_al6630.o(i.Get_Temperature_Data)
    Hal_Init                                 0x08000771   Thumb Code    44  hal_init.o(i.Hal_Init)
    Hal_Usart_Init                           0x08000815   Thumb Code   430  hal_usart.o(i.Hal_Usart_Init)
    HardFault_Handler                        0x080009e1   Thumb Code     4  stm32f10x_it.o(i.HardFault_Handler)
    HumidityValue_Show                       0x080009e5   Thumb Code   174  app_al6630.o(i.HumidityValue_Show)
    Key_Handle                               0x08000a99   Thumb Code   166  app_key.o(i.Key_Handle)
    Key_Task                                 0x08000c45   Thumb Code    54  app_key.o(i.Key_Task)
    LCD_Address_Set                          0x08000c81   Thumb Code    62  mt_tftlcd.o(i.LCD_Address_Set)
    LCD_Fill                                 0x08000cdd   Thumb Code    88  mt_tftlcd.o(i.LCD_Fill)
    LCD_Open_Init                            0x08000d39   Thumb Code   436  hal_tftlcd.o(i.LCD_Open_Init)
    LCD_ShowChar                             0x08000eed   Thumb Code   348  mt_tftlcd.o(i.LCD_ShowChar)
    LCD_ShowPicture32PixFont                 0x0800105d   Thumb Code   110  mt_tftlcd.o(i.LCD_ShowPicture32PixFont)
    LCD_ShowString                           0x080010d1   Thumb Code    66  mt_tftlcd.o(i.LCD_ShowString)
    LCD_WR_DATA                              0x08001113   Thumb Code    26  hal_tftlcd.o(i.LCD_WR_DATA)
    LCD_WR_DATA8                             0x0800112d   Thumb Code    12  hal_tftlcd.o(i.LCD_WR_DATA8)
    LCD_WR_REG                               0x08001139   Thumb Code    28  hal_tftlcd.o(i.LCD_WR_REG)
    LCD_Writ_Bus                             0x08001159   Thumb Code    20  hal_tftlcd.o(i.LCD_Writ_Bus)
    Led_Task                                 0x08001171   Thumb Code    56  app_led.o(i.Led_Task)
    Lora_Task                                0x080011ad   Thumb Code   352  app_lora.o(i.Lora_Task)
    MemManage_Handler                        0x08001315   Thumb Code     4  stm32f10x_it.o(i.MemManage_Handler)
    NMI_Handler                              0x08001319   Thumb Code     2  stm32f10x_it.o(i.NMI_Handler)
    NVIC_Init                                0x0800131d   Thumb Code   100  misc.o(i.NVIC_Init)
    NVIC_PriorityGroupConfig                 0x0800138d   Thumb Code    10  misc.o(i.NVIC_PriorityGroupConfig)
    RCC_AHBPeriphClockCmd                    0x080013a1   Thumb Code    26  stm32f10x_rcc.o(i.RCC_AHBPeriphClockCmd)
    RCC_APB1PeriphClockCmd                   0x080013c1   Thumb Code    26  stm32f10x_rcc.o(i.RCC_APB1PeriphClockCmd)
    RCC_APB1PeriphResetCmd                   0x080013e1   Thumb Code    26  stm32f10x_rcc.o(i.RCC_APB1PeriphResetCmd)
    RCC_APB2PeriphClockCmd                   0x08001401   Thumb Code    26  stm32f10x_rcc.o(i.RCC_APB2PeriphClockCmd)
    RCC_APB2PeriphResetCmd                   0x08001421   Thumb Code    26  stm32f10x_rcc.o(i.RCC_APB2PeriphResetCmd)
    RCC_GetClocksFreq                        0x08001441   Thumb Code   374  stm32f10x_rcc.o(i.RCC_GetClocksFreq)
    SPI_Cmd                                  0x080015d1   Thumb Code    24  stm32f10x_spi.o(i.SPI_Cmd)
    SPI_I2S_DMACmd                           0x080015e9   Thumb Code    18  stm32f10x_spi.o(i.SPI_I2S_DMACmd)
    SPI_Init                                 0x080015fb   Thumb Code    60  stm32f10x_spi.o(i.SPI_Init)
    Str_TemHum_Init                          0x08001759   Thumb Code    26  hal_al6630.o(i.Str_TemHum_Init)
    SysTick_CLKSourceConfig                  0x08001779   Thumb Code    40  misc.o(i.SysTick_CLKSourceConfig)
    SysTick_Handler                          0x080017a1   Thumb Code    16  stm32f10x_it.o(i.SysTick_Handler)
    SysTick_Init                             0x080017b1   Thumb Code    76  systick.o(i.SysTick_Init)
    SystemInit                               0x0800180d   Thumb Code    92  system_stm32f10x.o(i.SystemInit)
    TIM3_IRQHandler                          0x08001ab9   Thumb Code   198  hal_al6630.o(i.TIM3_IRQHandler)
    TIM4_IRQHandler                          0x08001b89   Thumb Code    16  hal_timer.o(i.TIM4_IRQHandler)
    TIM_ClearFlag                            0x08001b9d   Thumb Code     6  stm32f10x_tim.o(i.TIM_ClearFlag)
    TIM_ClearITPendingBit                    0x08001ba3   Thumb Code     6  stm32f10x_tim.o(i.TIM_ClearITPendingBit)
    TIM_Cmd                                  0x08001ba9   Thumb Code    24  stm32f10x_tim.o(i.TIM_Cmd)
    TIM_DeInit                               0x08001bc1   Thumb Code   424  stm32f10x_tim.o(i.TIM_DeInit)
    TIM_GetCapture2                          0x08001da9   Thumb Code     6  stm32f10x_tim.o(i.TIM_GetCapture2)
    TIM_GetITStatus                          0x08001daf   Thumb Code    34  stm32f10x_tim.o(i.TIM_GetITStatus)
    TIM_ICInit                               0x08001dd1   Thumb Code   150  stm32f10x_tim.o(i.TIM_ICInit)
    TIM_ITConfig                             0x08001e7d   Thumb Code    18  stm32f10x_tim.o(i.TIM_ITConfig)
    TIM_SetCounter                           0x08001e8f   Thumb Code     4  stm32f10x_tim.o(i.TIM_SetCounter)
    TIM_SetIC1Prescaler                      0x08001e93   Thumb Code    18  stm32f10x_tim.o(i.TIM_SetIC1Prescaler)
    TIM_SetIC2Prescaler                      0x08001ea5   Thumb Code    26  stm32f10x_tim.o(i.TIM_SetIC2Prescaler)
    TIM_SetIC3Prescaler                      0x08001ebf   Thumb Code    18  stm32f10x_tim.o(i.TIM_SetIC3Prescaler)
    TIM_SetIC4Prescaler                      0x08001ed1   Thumb Code    26  stm32f10x_tim.o(i.TIM_SetIC4Prescaler)
    TIM_TimeBaseInit                         0x08001eed   Thumb Code   122  stm32f10x_tim.o(i.TIM_TimeBaseInit)
    TemHum_Task                              0x08001f91   Thumb Code    18  app_al6630.o(i.TemHum_Task)
    TemperatureValue_Show                    0x08001fa5   Thumb Code   174  app_al6630.o(i.TemperatureValue_Show)
    Test_Task                                0x08002059   Thumb Code   106  test.o(i.Test_Task)
    TftLcd_Task                              0x08002161   Thumb Code    18  app_tftlcd.o(i.TftLcd_Task)
    Tftlcd_Clear                             0x08002173   Thumb Code    20  app_tftlcd.o(i.Tftlcd_Clear)
    UART5_IRQHandler                         0x08002189   Thumb Code   154  hal_usart.o(i.UART5_IRQHandler)
    USART3_IRQHandler                        0x08002239   Thumb Code   122  hal_usart.o(i.USART3_IRQHandler)
    USART_ClearITPendingBit                  0x080022c5   Thumb Code    30  stm32f10x_usart.o(i.USART_ClearITPendingBit)
    USART_Cmd                                0x080022e3   Thumb Code    24  stm32f10x_usart.o(i.USART_Cmd)
    USART_GetFlagStatus                      0x080022fb   Thumb Code    26  stm32f10x_usart.o(i.USART_GetFlagStatus)
    USART_GetITStatus                        0x08002315   Thumb Code    84  stm32f10x_usart.o(i.USART_GetITStatus)
    USART_ITConfig                           0x08002369   Thumb Code    74  stm32f10x_usart.o(i.USART_ITConfig)
    USART_Init                               0x080023b5   Thumb Code   210  stm32f10x_usart.o(i.USART_Init)
    USART_ReceiveData                        0x0800248d   Thumb Code    10  stm32f10x_usart.o(i.USART_ReceiveData)
    USART_SendData                           0x08002497   Thumb Code     8  stm32f10x_usart.o(i.USART_SendData)
    UsageFault_Handler                       0x0800249f   Thumb Code     4  stm32f10x_it.o(i.UsageFault_Handler)
    Wifi_Task                                0x080024a5   Thumb Code    46  app_wifi.o(i.Wifi_Task)
    __0printf$5                              0x080024d9   Thumb Code    22  printf5.o(i.__0printf$5)
    __1printf$5                              0x080024d9   Thumb Code     0  printf5.o(i.__0printf$5)
    __2printf                                0x080024d9   Thumb Code     0  printf5.o(i.__0printf$5)
    __0sprintf$5                             0x080024f9   Thumb Code    34  printf5.o(i.__0sprintf$5)
    __1sprintf$5                             0x080024f9   Thumb Code     0  printf5.o(i.__0sprintf$5)
    __2sprintf                               0x080024f9   Thumb Code     0  printf5.o(i.__0sprintf$5)
    __scatterload_copy                       0x08002521   Thumb Code    14  handlers.o(i.__scatterload_copy)
    __scatterload_null                       0x0800252f   Thumb Code     2  handlers.o(i.__scatterload_null)
    __scatterload_zeroinit                   0x08002531   Thumb Code    14  handlers.o(i.__scatterload_zeroinit)
    delay_1msTest                            0x0800280b   Thumb Code    18  hal_gpio.o(i.delay_1msTest)
    eTaskGetState                            0x0800281d   Thumb Code    88  tasks.o(i.eTaskGetState)
    fputc                                    0x08002889   Thumb Code    20  hal_usart.o(i.fputc)
    hal_Al6630_Init                          0x080028a1   Thumb Code    24  hal_al6630.o(i.hal_Al6630_Init)
    hal_CreatTimer                           0x080028bd   Thumb Code    50  hal_timer.o(i.hal_CreatTimer)
    hal_GPIO_4GPowerKey_L                    0x080028f5   Thumb Code    12  hal_gpio.o(i.hal_GPIO_4GPowerKey_L)
    hal_GPIO_WIFIPowerEN_H                   0x08002915   Thumb Code    12  hal_gpio.o(i.hal_GPIO_WIFIPowerEN_H)
    hal_GPIO_WIFIPowerEN_L                   0x08002925   Thumb Code    12  hal_gpio.o(i.hal_GPIO_WIFIPowerEN_L)
    hal_GetTemHum_Proc                       0x08002935   Thumb Code   174  hal_al6630.o(i.hal_GetTemHum_Proc)
    hal_Gpio_AcStateCheck                    0x080029f5   Thumb Code    68  hal_gpio.o(i.hal_Gpio_AcStateCheck)
    hal_Gpio_Init                            0x08002a41   Thumb Code   116  hal_gpio.o(i.hal_Gpio_Init)
    hal_Key_Init                             0x08002b99   Thumb Code    50  hal_key.o(i.hal_Key_Init)
    hal_Key_Proc                             0x08002bdd   Thumb Code   256  hal_key.o(i.hal_Key_Proc)
    hal_LedInit                              0x08002d2d   Thumb Code     8  hal_led.o(i.hal_LedInit)
    hal_LedTurn                              0x08002d35   Thumb Code    60  hal_led.o(i.hal_LedTurn)
    hal_Oled_Display_on                      0x08002d75   Thumb Code    14  hal_tftlcd.o(i.hal_Oled_Display_on)
    hal_ResetTimer                           0x08002d89   Thumb Code    46  hal_timer.o(i.hal_ResetTimer)
    hal_SC8002Config                         0x08002dbd   Thumb Code    38  hal_wtn6.o(i.hal_SC8002Config)
    hal_Wtn6_Init                            0x08002e9d   Thumb Code    28  hal_wtn6.o(i.hal_Wtn6_Init)
    hal_Wtn6_Play                            0x08002ec5   Thumb Code    82  hal_wtn6.o(i.hal_Wtn6_Play)
    hal_oled_RestH                           0x080030dd   Thumb Code    14  hal_tftlcd.o(i.hal_oled_RestH)
    hal_oled_RestL                           0x080030f1   Thumb Code    14  hal_tftlcd.o(i.hal_oled_RestL)
    hal_spi2CSDrive                          0x08003105   Thumb Code    30  hal_flash.o(i.hal_spi2CSDrive)
    hal_spi2Init                             0x08003129   Thumb Code   176  hal_flash.o(i.hal_spi2Init)
    hal_tftlcd_Init                          0x080031ed   Thumb Code   312  hal_tftlcd.o(i.hal_tftlcd_Init)
    hal_timer_Init                           0x08003471   Thumb Code    64  hal_timer.o(i.hal_timer_Init)
    main                                     0x080034b5   Thumb Code   164  main.o(i.main)
    pvPortMalloc                             0x08003ca9   Thumb Code   188  heap_4.o(i.pvPortMalloc)
    pvTaskIncrementMutexHeldCount            0x08003d79   Thumb Code    26  tasks.o(i.pvTaskIncrementMutexHeldCount)
    pxPortInitialiseStack                    0x08003d99   Thumb Code    30  port.o(i.pxPortInitialiseStack)
    showSystemTime                           0x08003dbd   Thumb Code   304  app_tftlcd.o(i.showSystemTime)
    tick_check                               0x08003efd   Thumb Code    36  systick.o(i.tick_check)
    uxListRemove                             0x08003f21   Thumb Code    40  list.o(i.uxListRemove)
    uxTaskGetSystemState                     0x08003f49   Thumb Code   152  tasks.o(i.uxTaskGetSystemState)
    vListInitialise                          0x08003ff9   Thumb Code    26  list.o(i.vListInitialise)
    vListInitialiseItem                      0x08004013   Thumb Code     6  list.o(i.vListInitialiseItem)
    vListInsert                              0x08004019   Thumb Code    52  list.o(i.vListInsert)
    vListInsertEnd                           0x0800404d   Thumb Code    24  list.o(i.vListInsertEnd)
    vPortEnterCritical                       0x08004065   Thumb Code    30  port.o(i.vPortEnterCritical)
    vPortExitCritical                        0x08004089   Thumb Code    28  port.o(i.vPortExitCritical)
    vPortFree                                0x080040a9   Thumb Code    64  heap_4.o(i.vPortFree)
    vPortSetupTimerInterrupt                 0x080040f1   Thumb Code    36  port.o(i.vPortSetupTimerInterrupt)
    vTaskDelay                               0x08004119   Thumb Code    46  tasks.o(i.vTaskDelay)
    vTaskGetInfo                             0x0800414d   Thumb Code   126  tasks.o(i.vTaskGetInfo)
    vTaskInternalSetTimeOutState             0x080041d1   Thumb Code    14  tasks.o(i.vTaskInternalSetTimeOutState)
    vTaskList                                0x080041e9   Thumb Code   204  tasks.o(i.vTaskList)
    vTaskMissedYield                         0x080042c9   Thumb Code     8  tasks.o(i.vTaskMissedYield)
    vTaskPlaceOnEventList                    0x080042d5   Thumb Code    28  tasks.o(i.vTaskPlaceOnEventList)
    vTaskPriorityDisinheritAfterTimeout      0x080042f5   Thumb Code   166  tasks.o(i.vTaskPriorityDisinheritAfterTimeout)
    vTaskStartScheduler                      0x080043a5   Thumb Code    72  tasks.o(i.vTaskStartScheduler)
    vTaskSuspendAll                          0x08004409   Thumb Code    12  tasks.o(i.vTaskSuspendAll)
    vTaskSwitchContext                       0x08004419   Thumb Code    76  tasks.o(i.vTaskSwitchContext)
    wifi_PowerManage                         0x08004479   Thumb Code    70  app_wifi.o(i.wifi_PowerManage)
    xPortStartScheduler                      0x080044c5   Thumb Code    42  port.o(i.xPortStartScheduler)
    xPortSysTickHandler                      0x080044f9   Thumb Code    46  port.o(i.xPortSysTickHandler)
    xQueueCreateMutex                        0x0800452d   Thumb Code    34  queue.o(i.xQueueCreateMutex)
    xQueueGenericCreate                      0x0800454f   Thumb Code    56  queue.o(i.xQueueGenericCreate)
    xQueueGenericReset                       0x08004589   Thumb Code   122  queue.o(i.xQueueGenericReset)
    xQueueGenericSend                        0x08004609   Thumb Code   308  queue.o(i.xQueueGenericSend)
    xQueueGenericSendFromISR                 0x08004741   Thumb Code   156  queue.o(i.xQueueGenericSendFromISR)
    xQueueReceive                            0x080047dd   Thumb Code   256  queue.o(i.xQueueReceive)
    xQueueSemaphoreTake                      0x080048e1   Thumb Code   300  queue.o(i.xQueueSemaphoreTake)
    xTaskCheckForTimeOut                     0x08004a11   Thumb Code    84  tasks.o(i.xTaskCheckForTimeOut)
    xTaskCreate                              0x08004a6d   Thumb Code    96  tasks.o(i.xTaskCreate)
    xTaskGetSchedulerState                   0x08004acd   Thumb Code    24  tasks.o(i.xTaskGetSchedulerState)
    xTaskGetTickCount                        0x08004aed   Thumb Code     6  tasks.o(i.xTaskGetTickCount)
    xTaskIncrementTick                       0x08004af9   Thumb Code   238  tasks.o(i.xTaskIncrementTick)
    xTaskPriorityDisinherit                  0x08004c15   Thumb Code   122  tasks.o(i.xTaskPriorityDisinherit)
    xTaskPriorityInherit                     0x08004c99   Thumb Code   186  tasks.o(i.xTaskPriorityInherit)
    xTaskRemoveFromEventList                 0x08004d61   Thumb Code   104  tasks.o(i.xTaskRemoveFromEventList)
    xTaskResumeAll                           0x08004de1   Thumb Code   196  tasks.o(i.xTaskResumeAll)
    ascii_1206                               0x08004ec8   Data        1140  lcdfont.o(.constdata)
    ascii_1608                               0x0800533c   Data        1520  lcdfont.o(.constdata)
    ascii_2412                               0x0800592c   Data        4560  lcdfont.o(.constdata)
    ascii_3216                               0x08006afc   Data        6080  lcdfont.o(.constdata)
    ascii_4824                               0x080082bc   Data       13680  lcdfont.o(.constdata)
    gImage_wifiSigal                         0x0800b82c   Data        2432  lcdfont.o(.constdata)
    Region$$Table$$Base                      0x0800c1ac   Number         0  anon$$obj.o(Region$$Table)
    Region$$Table$$Limit                     0x0800c1cc   Number         0  anon$$obj.o(Region$$Table)
    wtn6                                     0x20000006   Data          40  hal_wtn6.o(.data)
    Wtn6Playflag                             0x2000002e   Data           1  hal_wtn6.o(.data)
    Wtn6VolueNum                             0x2000002f   Data           1  hal_wtn6.o(.data)
    Wtn6NextNum                              0x20000030   Data           1  hal_wtn6.o(.data)
    Wtn6Timer                                0x20000032   Data           2  hal_wtn6.o(.data)
    get_key_sta                              0x2000003c   Data          20  hal_key.o(.data)
    LedTask_Handle                           0x20000050   Data           4  main.o(.data)
    KeyTask_Handle                           0x20000054   Data           4  main.o(.data)
    TftLcd_Task_Handle                       0x20000058   Data           4  main.o(.data)
    TemHum_Task_Handle                       0x2000005c   Data           4  main.o(.data)
    Test_Task_Handle                         0x20000060   Data           4  main.o(.data)
    Wifi_Task_Handle                         0x20000064   Data           4  main.o(.data)
    Lora_Task_Handle                         0x20000068   Data           4  main.o(.data)
    SystemCoreClock                          0x2000006c   Data           4  system_stm32f10x.o(.data)
    AHBPrescTable                            0x20000070   Data          16  system_stm32f10x.o(.data)
    KeyQueue                                 0x20000084   Data           4  app_key.o(.data)
    KeyEvent                                 0x20000088   Data           4  app_key.o(.data)
    Wifi_Queue                               0x20000090   Data           4  app_wifi.o(.data)
    LoraQueue                                0x20000098   Data           4  app_lora.o(.data)
    pxCurrentTCB                             0x200000b0   Data           4  tasks.o(.data)
    __stdout                                 0x20000110   Data           4  stdout.o(.data)
    Stu_Timer                                0x20000114   Data          24  hal_timer.o(.bss)
    TemHum_Para                              0x2000012c   Data          20  hal_al6630.o(.bss)
    KeyState                                 0x20000140   Data          16  hal_key.o(.bss)
    KeyScanTime                              0x20000150   Data          32  hal_key.o(.bss)
    KeyPressLongTimer                        0x20000170   Data          32  hal_key.o(.bss)
    KeyContPressTimer                        0x20000190   Data          32  hal_key.o(.bss)
    Key_PressValue                           0x200001b0   Data          16  hal_key.o(.bss)
    ColorBuf                                 0x200094a4   Data         640  mt_tftlcd.o(.bss)
    __initial_sp                             0x20009b28   Data           0  startup_stm32f10x_cl.o(STACK)



==============================================================================

Memory Map of the image

  Image Entry point : 0x08000151

  Load Region LR_IROM1 (Base: 0x08000000, Size: 0x0000c2e0, Max: 0x00040000, ABSOLUTE)

    Execution Region ER_IROM1 (Exec base: 0x08000000, Load base: 0x08000000, Size: 0x0000c1cc, Max: 0x00040000, ABSOLUTE)

    Exec Addr    Load Addr    Size         Type   Attr      Idx    E Section Name        Object

    0x08000000   0x08000000   0x00000150   Data   RO          973    RESET               startup_stm32f10x_cl.o
    0x08000150   0x08000150   0x00000000   Code   RO         5114  * .ARM.Collect$$$$00000000  mc_w.l(entry.o)
    0x08000150   0x08000150   0x00000004   Code   RO         5388    .ARM.Collect$$$$00000001  mc_w.l(entry2.o)
    0x08000154   0x08000154   0x00000004   Code   RO         5391    .ARM.Collect$$$$00000004  mc_w.l(entry5.o)
    0x08000158   0x08000158   0x00000000   Code   RO         5393    .ARM.Collect$$$$00000008  mc_w.l(entry7b.o)
    0x08000158   0x08000158   0x00000000   Code   RO         5395    .ARM.Collect$$$$0000000A  mc_w.l(entry8b.o)
    0x08000158   0x08000158   0x00000008   Code   RO         5396    .ARM.Collect$$$$0000000B  mc_w.l(entry9a.o)
    0x08000160   0x08000160   0x00000004   Code   RO         5403    .ARM.Collect$$$$0000000E  mc_w.l(entry12b.o)
    0x08000164   0x08000164   0x00000000   Code   RO         5398    .ARM.Collect$$$$0000000F  mc_w.l(entry10a.o)
    0x08000164   0x08000164   0x00000000   Code   RO         5400    .ARM.Collect$$$$00000011  mc_w.l(entry11a.o)
    0x08000164   0x08000164   0x00000004   Code   RO         5389    .ARM.Collect$$$$00002712  mc_w.l(entry2.o)
    0x08000168   0x08000168   0x00000096   Code   RO         4810    .emb_text           port.o
    0x080001fe   0x080001fe   0x00000002   PAD
    0x08000200   0x08000200   0x00000024   Code   RO          974    .text               startup_stm32f10x_cl.o
    0x08000224   0x08000224   0x00000024   Code   RO         5117    .text               mc_w.l(memcpya.o)
    0x08000248   0x08000248   0x00000024   Code   RO         5119    .text               mc_w.l(memseta.o)
    0x0800026c   0x0800026c   0x0000000e   Code   RO         5121    .text               mc_w.l(strlen.o)
    0x0800027a   0x0800027a   0x00000012   Code   RO         5123    .text               mc_w.l(strcpy.o)
    0x0800028c   0x0800028c   0x00000062   Code   RO         5407    .text               mc_w.l(uldiv.o)
    0x080002ee   0x080002ee   0x00000002   PAD
    0x080002f0   0x080002f0   0x00000024   Code   RO         5420    .text               mc_w.l(init.o)
    0x08000314   0x08000314   0x0000001e   Code   RO         5422    .text               mc_w.l(llshl.o)
    0x08000332   0x08000332   0x00000020   Code   RO         5424    .text               mc_w.l(llushr.o)
    0x08000352   0x08000352   0x00000002   PAD
    0x08000354   0x08000354   0x00000048   Code   RO          861    i.App_TempHum_show  app_al6630.o
    0x0800039c   0x0800039c   0x00000004   Code   RO          691    i.BusFault_Handler  stm32f10x_it.o
    0x080003a0   0x080003a0   0x0000014c   Code   RO         1707    i.DMA_DeInit        stm32f10x_dma.o
    0x080004ec   0x080004ec   0x0000003c   Code   RO         1712    i.DMA_Init          stm32f10x_dma.o
    0x08000528   0x08000528   0x00000050   Code   RO          331    i.DMA_SPI3_TX       hal_tftlcd.o
    0x08000578   0x08000578   0x00000002   Code   RO          692    i.DebugMon_Handler  stm32f10x_it.o
    0x0800057a   0x0800057a   0x00000116   Code   RO         2130    i.GPIO_Init         stm32f10x_gpio.o
    0x08000690   0x08000690   0x00000090   Code   RO         2132    i.GPIO_PinRemapConfig  stm32f10x_gpio.o
    0x08000720   0x08000720   0x00000012   Code   RO         2134    i.GPIO_ReadInputDataBit  stm32f10x_gpio.o
    0x08000732   0x08000732   0x00000012   Code   RO         2136    i.GPIO_ReadOutputDataBit  stm32f10x_gpio.o
    0x08000744   0x08000744   0x00000004   Code   RO         2137    i.GPIO_ResetBits    stm32f10x_gpio.o
    0x08000748   0x08000748   0x00000004   Code   RO         2138    i.GPIO_SetBits      stm32f10x_gpio.o
    0x0800074c   0x0800074c   0x0000000a   Code   RO         2141    i.GPIO_WriteBit     stm32f10x_gpio.o
    0x08000756   0x08000756   0x00000002   PAD
    0x08000758   0x08000758   0x0000000c   Code   RO          534    i.Get_Humidity_Data  hal_al6630.o
    0x08000764   0x08000764   0x0000000c   Code   RO          535    i.Get_Temperature_Data  hal_al6630.o
    0x08000770   0x08000770   0x0000002c   Code   RO          115    i.Hal_Init          hal_init.o
    0x0800079c   0x0800079c   0x00000078   Code   RO          470    i.Hal_TimerHandle   hal_timer.o
    0x08000814   0x08000814   0x000001cc   Code   RO          194    i.Hal_Usart_Init    hal_usart.o
    0x080009e0   0x080009e0   0x00000004   Code   RO          693    i.HardFault_Handler  stm32f10x_it.o
    0x080009e4   0x080009e4   0x000000b4   Code   RO          862    i.HumidityValue_Show  app_al6630.o
    0x08000a98   0x08000a98   0x000001ac   Code   RO          786    i.Key_Handle        app_key.o
    0x08000c44   0x08000c44   0x0000003c   Code   RO          787    i.Key_Task          app_key.o
    0x08000c80   0x08000c80   0x0000003e   Code   RO         5049    i.LCD_Address_Set   mt_tftlcd.o
    0x08000cbe   0x08000cbe   0x0000001c   Code   RO         5050    i.LCD_DrawPoint     mt_tftlcd.o
    0x08000cda   0x08000cda   0x00000002   PAD
    0x08000cdc   0x08000cdc   0x0000005c   Code   RO         5051    i.LCD_Fill          mt_tftlcd.o
    0x08000d38   0x08000d38   0x000001b4   Code   RO          332    i.LCD_Open_Init     hal_tftlcd.o
    0x08000eec   0x08000eec   0x00000170   Code   RO         5052    i.LCD_ShowChar      mt_tftlcd.o
    0x0800105c   0x0800105c   0x00000074   Code   RO         5053    i.LCD_ShowPicture32PixFont  mt_tftlcd.o
    0x080010d0   0x080010d0   0x00000042   Code   RO         5054    i.LCD_ShowString    mt_tftlcd.o
    0x08001112   0x08001112   0x0000001a   Code   RO          333    i.LCD_WR_DATA       hal_tftlcd.o
    0x0800112c   0x0800112c   0x0000000c   Code   RO          334    i.LCD_WR_DATA8      hal_tftlcd.o
    0x08001138   0x08001138   0x00000020   Code   RO          335    i.LCD_WR_REG        hal_tftlcd.o
    0x08001158   0x08001158   0x00000018   Code   RO          336    i.LCD_Writ_Bus      hal_tftlcd.o
    0x08001170   0x08001170   0x0000003c   Code   RO          773    i.Led_Task          app_led.o
    0x080011ac   0x080011ac   0x00000168   Code   RO          940    i.Lora_Task         app_lora.o
    0x08001314   0x08001314   0x00000004   Code   RO          694    i.MemManage_Handler  stm32f10x_it.o
    0x08001318   0x08001318   0x00000002   Code   RO          695    i.NMI_Handler       stm32f10x_it.o
    0x0800131a   0x0800131a   0x00000002   PAD
    0x0800131c   0x0800131c   0x00000070   Code   RO          979    i.NVIC_Init         misc.o
    0x0800138c   0x0800138c   0x00000014   Code   RO          980    i.NVIC_PriorityGroupConfig  misc.o
    0x080013a0   0x080013a0   0x00000020   Code   RO         2545    i.RCC_AHBPeriphClockCmd  stm32f10x_rcc.o
    0x080013c0   0x080013c0   0x00000020   Code   RO         2547    i.RCC_APB1PeriphClockCmd  stm32f10x_rcc.o
    0x080013e0   0x080013e0   0x00000020   Code   RO         2548    i.RCC_APB1PeriphResetCmd  stm32f10x_rcc.o
    0x08001400   0x08001400   0x00000020   Code   RO         2549    i.RCC_APB2PeriphClockCmd  stm32f10x_rcc.o
    0x08001420   0x08001420   0x00000020   Code   RO         2550    i.RCC_APB2PeriphResetCmd  stm32f10x_rcc.o
    0x08001440   0x08001440   0x00000190   Code   RO         2557    i.RCC_GetClocksFreq  stm32f10x_rcc.o
    0x080015d0   0x080015d0   0x00000018   Code   RO         3079    i.SPI_Cmd           stm32f10x_spi.o
    0x080015e8   0x080015e8   0x00000012   Code   RO         3085    i.SPI_I2S_DMACmd    stm32f10x_spi.o
    0x080015fa   0x080015fa   0x0000003c   Code   RO         3092    i.SPI_Init          stm32f10x_spi.o
    0x08001636   0x08001636   0x00000008   Code   RO          742    i.SetSysClock       system_stm32f10x.o
    0x0800163e   0x0800163e   0x00000002   PAD
    0x08001640   0x08001640   0x00000118   Code   RO          743    i.SetSysClockTo72   system_stm32f10x.o
    0x08001758   0x08001758   0x00000020   Code   RO          536    i.Str_TemHum_Init   hal_al6630.o
    0x08001778   0x08001778   0x00000028   Code   RO          983    i.SysTick_CLKSourceConfig  misc.o
    0x080017a0   0x080017a0   0x00000010   Code   RO          696    i.SysTick_Handler   stm32f10x_it.o
    0x080017b0   0x080017b0   0x0000005c   Code   RO         4881    i.SysTick_Init      systick.o
    0x0800180c   0x0800180c   0x0000006c   Code   RO          745    i.SystemInit        system_stm32f10x.o
    0x08001878   0x08001878   0x00000080   Code   RO         3218    i.TI1_Config        stm32f10x_tim.o
    0x080018f8   0x080018f8   0x00000098   Code   RO         3219    i.TI2_Config        stm32f10x_tim.o
    0x08001990   0x08001990   0x00000090   Code   RO         3220    i.TI3_Config        stm32f10x_tim.o
    0x08001a20   0x08001a20   0x00000098   Code   RO         3221    i.TI4_Config        stm32f10x_tim.o
    0x08001ab8   0x08001ab8   0x000000d0   Code   RO          537    i.TIM3_IRQHandler   hal_al6630.o
    0x08001b88   0x08001b88   0x00000014   Code   RO          471    i.TIM4_IRQHandler   hal_timer.o
    0x08001b9c   0x08001b9c   0x00000006   Code   RO         3228    i.TIM_ClearFlag     stm32f10x_tim.o
    0x08001ba2   0x08001ba2   0x00000006   Code   RO         3229    i.TIM_ClearITPendingBit  stm32f10x_tim.o
    0x08001ba8   0x08001ba8   0x00000018   Code   RO         3234    i.TIM_Cmd           stm32f10x_tim.o
    0x08001bc0   0x08001bc0   0x000001e8   Code   RO         3239    i.TIM_DeInit        stm32f10x_tim.o
    0x08001da8   0x08001da8   0x00000006   Code   RO         3250    i.TIM_GetCapture2   stm32f10x_tim.o
    0x08001dae   0x08001dae   0x00000022   Code   RO         3255    i.TIM_GetITStatus   stm32f10x_tim.o
    0x08001dd0   0x08001dd0   0x000000ac   Code   RO         3257    i.TIM_ICInit        stm32f10x_tim.o
    0x08001e7c   0x08001e7c   0x00000012   Code   RO         3259    i.TIM_ITConfig      stm32f10x_tim.o
    0x08001e8e   0x08001e8e   0x00000004   Code   RO         3299    i.TIM_SetCounter    stm32f10x_tim.o
    0x08001e92   0x08001e92   0x00000012   Code   RO         3300    i.TIM_SetIC1Prescaler  stm32f10x_tim.o
    0x08001ea4   0x08001ea4   0x0000001a   Code   RO         3301    i.TIM_SetIC2Prescaler  stm32f10x_tim.o
    0x08001ebe   0x08001ebe   0x00000012   Code   RO         3302    i.TIM_SetIC3Prescaler  stm32f10x_tim.o
    0x08001ed0   0x08001ed0   0x0000001a   Code   RO         3303    i.TIM_SetIC4Prescaler  stm32f10x_tim.o
    0x08001eea   0x08001eea   0x00000002   PAD
    0x08001eec   0x08001eec   0x000000a4   Code   RO         3305    i.TIM_TimeBaseInit  stm32f10x_tim.o
    0x08001f90   0x08001f90   0x00000012   Code   RO          863    i.TemHum_Task       app_al6630.o
    0x08001fa2   0x08001fa2   0x00000002   PAD
    0x08001fa4   0x08001fa4   0x000000b4   Code   RO          864    i.TemperatureValue_Show  app_al6630.o
    0x08002058   0x08002058   0x00000108   Code   RO         4937    i.Test_Task         test.o
    0x08002160   0x08002160   0x00000012   Code   RO          823    i.TftLcd_Task       app_tftlcd.o
    0x08002172   0x08002172   0x00000014   Code   RO          824    i.Tftlcd_Clear      app_tftlcd.o
    0x08002186   0x08002186   0x00000002   PAD
    0x08002188   0x08002188   0x000000b0   Code   RO          195    i.UART5_IRQHandler  hal_usart.o
    0x08002238   0x08002238   0x0000008c   Code   RO          196    i.USART3_IRQHandler  hal_usart.o
    0x080022c4   0x080022c4   0x0000001e   Code   RO         3767    i.USART_ClearITPendingBit  stm32f10x_usart.o
    0x080022e2   0x080022e2   0x00000018   Code   RO         3770    i.USART_Cmd         stm32f10x_usart.o
    0x080022fa   0x080022fa   0x0000001a   Code   RO         3773    i.USART_GetFlagStatus  stm32f10x_usart.o
    0x08002314   0x08002314   0x00000054   Code   RO         3774    i.USART_GetITStatus  stm32f10x_usart.o
    0x08002368   0x08002368   0x0000004a   Code   RO         3776    i.USART_ITConfig    stm32f10x_usart.o
    0x080023b2   0x080023b2   0x00000002   PAD
    0x080023b4   0x080023b4   0x000000d8   Code   RO         3777    i.USART_Init        stm32f10x_usart.o
    0x0800248c   0x0800248c   0x0000000a   Code   RO         3784    i.USART_ReceiveData  stm32f10x_usart.o
    0x08002496   0x08002496   0x00000008   Code   RO         3787    i.USART_SendData    stm32f10x_usart.o
    0x0800249e   0x0800249e   0x00000004   Code   RO          697    i.UsageFault_Handler  stm32f10x_it.o
    0x080024a2   0x080024a2   0x00000002   PAD
    0x080024a4   0x080024a4   0x00000034   Code   RO          903    i.Wifi_Task         app_wifi.o
    0x080024d8   0x080024d8   0x00000020   Code   RO         5260    i.__0printf$5       mc_w.l(printf5.o)
    0x080024f8   0x080024f8   0x00000028   Code   RO         5262    i.__0sprintf$5      mc_w.l(printf5.o)
    0x08002520   0x08002520   0x0000000e   Code   RO         5432    i.__scatterload_copy  mc_w.l(handlers.o)
    0x0800252e   0x0800252e   0x00000002   Code   RO         5433    i.__scatterload_null  mc_w.l(handlers.o)
    0x08002530   0x08002530   0x0000000e   Code   RO         5434    i.__scatterload_zeroinit  mc_w.l(handlers.o)
    0x0800253e   0x0800253e   0x00000002   PAD
    0x08002540   0x08002540   0x000002c0   Code   RO         5267    i._printf_core      mc_w.l(printf5.o)
    0x08002800   0x08002800   0x0000000a   Code   RO         5269    i._sputc            mc_w.l(printf5.o)
    0x0800280a   0x0800280a   0x00000012   Code   RO          249    i.delay_1msTest     hal_gpio.o
    0x0800281c   0x0800281c   0x0000006c   Code   RO         4384    i.eTaskGetState     tasks.o
    0x08002888   0x08002888   0x00000018   Code   RO          197    i.fputc             hal_usart.o
    0x080028a0   0x080028a0   0x0000001c   Code   RO          538    i.hal_Al6630_Init   hal_al6630.o
    0x080028bc   0x080028bc   0x00000038   Code   RO          472    i.hal_CreatTimer    hal_timer.o
    0x080028f4   0x080028f4   0x00000010   Code   RO          251    i.hal_GPIO_4GPowerKey_L  hal_gpio.o
    0x08002904   0x08002904   0x00000010   Code   RO          252    i.hal_GPIO_GetACState  hal_gpio.o
    0x08002914   0x08002914   0x00000010   Code   RO          253    i.hal_GPIO_WIFIPowerEN_H  hal_gpio.o
    0x08002924   0x08002924   0x00000010   Code   RO          254    i.hal_GPIO_WIFIPowerEN_L  hal_gpio.o
    0x08002934   0x08002934   0x000000c0   Code   RO          539    i.hal_GetTemHum_Proc  hal_al6630.o
    0x080029f4   0x080029f4   0x0000004c   Code   RO          255    i.hal_Gpio_AcStateCheck  hal_gpio.o
    0x08002a40   0x08002a40   0x00000084   Code   RO          256    i.hal_Gpio_Init     hal_gpio.o
    0x08002ac4   0x08002ac4   0x000000d4   Code   RO          590    i.hal_Key_DBGet_Sta  hal_key.o
    0x08002b98   0x08002b98   0x00000044   Code   RO          591    i.hal_Key_Init      hal_key.o
    0x08002bdc   0x08002bdc   0x00000118   Code   RO          592    i.hal_Key_Proc      hal_key.o
    0x08002cf4   0x08002cf4   0x00000038   Code   RO            1    i.hal_LedConfig     hal_led.o
    0x08002d2c   0x08002d2c   0x00000008   Code   RO            2    i.hal_LedInit       hal_led.o
    0x08002d34   0x08002d34   0x00000040   Code   RO            3    i.hal_LedTurn       hal_led.o
    0x08002d74   0x08002d74   0x00000014   Code   RO          338    i.hal_Oled_Display_on  hal_tftlcd.o
    0x08002d88   0x08002d88   0x00000034   Code   RO          476    i.hal_ResetTimer    hal_timer.o
    0x08002dbc   0x08002dbc   0x0000002c   Code   RO          408    i.hal_SC8002Config  hal_wtn6.o
    0x08002de8   0x08002de8   0x00000050   Code   RO          540    i.hal_Tim3_SentDatPin  hal_al6630.o
    0x08002e38   0x08002e38   0x00000064   Code   RO          409    i.hal_Wtn6Config    hal_wtn6.o
    0x08002e9c   0x08002e9c   0x00000028   Code   RO          410    i.hal_Wtn6_Init     hal_wtn6.o
    0x08002ec4   0x08002ec4   0x00000074   Code   RO          411    i.hal_Wtn6_Play     hal_wtn6.o
    0x08002f38   0x08002f38   0x00000108   Code   RO          412    i.hal_Wtn6_PlayHandle  hal_wtn6.o
    0x08003040   0x08003040   0x00000010   Code   RO          593    i.hal_get_DB0Sta    hal_key.o
    0x08003050   0x08003050   0x00000010   Code   RO          594    i.hal_get_DB1Sta    hal_key.o
    0x08003060   0x08003060   0x00000014   Code   RO          595    i.hal_get_DB2Sta    hal_key.o
    0x08003074   0x08003074   0x00000014   Code   RO          596    i.hal_get_DB3Sta    hal_key.o
    0x08003088   0x08003088   0x00000014   Code   RO          597    i.hal_get_DB4Sta    hal_key.o
    0x0800309c   0x0800309c   0x00000040   Code   RO          598    i.hal_key_Config    hal_key.o
    0x080030dc   0x080030dc   0x00000014   Code   RO          339    i.hal_oled_RestH    hal_tftlcd.o
    0x080030f0   0x080030f0   0x00000014   Code   RO          340    i.hal_oled_RestL    hal_tftlcd.o
    0x08003104   0x08003104   0x00000024   Code   RO          307    i.hal_spi2CSDrive   hal_flash.o
    0x08003128   0x08003128   0x000000b8   Code   RO          308    i.hal_spi2Init      hal_flash.o
    0x080031e0   0x080031e0   0x0000000c   Code   RO          341    i.hal_tftlcd_Delay  hal_tftlcd.o
    0x080031ec   0x080031ec   0x00000150   Code   RO          342    i.hal_tftlcd_Init   hal_tftlcd.o
    0x0800333c   0x0800333c   0x000000b4   Code   RO          541    i.hal_timer3CapConfig  hal_al6630.o
    0x080033f0   0x080033f0   0x00000080   Code   RO          477    i.hal_timer4Config  hal_timer.o
    0x08003470   0x08003470   0x00000044   Code   RO          478    i.hal_timer_Init    hal_timer.o
    0x080034b4   0x080034b4   0x00000130   Code   RO          651    i.main              main.o
    0x080035e4   0x080035e4   0x00000098   Code   RO         4386    i.prvAddCurrentTaskToDelayedList  tasks.o
    0x0800367c   0x0800367c   0x000000b8   Code   RO         4387    i.prvAddNewTaskToReadyList  tasks.o
    0x08003734   0x08003734   0x00000048   Code   RO         4388    i.prvCheckTasksWaitingTermination  tasks.o
    0x0800377c   0x0800377c   0x0000002a   Code   RO         4160    i.prvCopyDataFromQueue  queue.o
    0x080037a6   0x080037a6   0x0000007c   Code   RO         4161    i.prvCopyDataToQueue  queue.o
    0x08003822   0x08003822   0x00000012   Code   RO         4389    i.prvDeleteTCB      tasks.o
    0x08003834   0x08003834   0x00000014   Code   RO         4162    i.prvGetDisinheritPriorityAfterTimeout  queue.o
    0x08003848   0x08003848   0x0000007c   Code   RO         4761    i.prvHeapInit       heap_4.o
    0x080038c4   0x080038c4   0x00000028   Code   RO         4390    i.prvIdleTask       tasks.o
    0x080038ec   0x080038ec   0x0000001c   Code   RO         4163    i.prvInitialiseMutex  queue.o
    0x08003908   0x08003908   0x0000002e   Code   RO         4164    i.prvInitialiseNewQueue  queue.o
    0x08003936   0x08003936   0x00000090   Code   RO         4391    i.prvInitialiseNewTask  tasks.o
    0x080039c6   0x080039c6   0x00000002   PAD
    0x080039c8   0x080039c8   0x00000068   Code   RO         4392    i.prvInitialiseTaskLists  tasks.o
    0x08003a30   0x08003a30   0x00000068   Code   RO         4762    i.prvInsertBlockIntoFreeList  heap_4.o
    0x08003a98   0x08003a98   0x0000001a   Code   RO         4165    i.prvIsQueueEmpty   queue.o
    0x08003ab2   0x08003ab2   0x0000001e   Code   RO         4166    i.prvIsQueueFull    queue.o
    0x08003ad0   0x08003ad0   0x0000006a   Code   RO         4393    i.prvListTasksWithinSingleList  tasks.o
    0x08003b3a   0x08003b3a   0x00000052   Code   RO         4167    i.prvNotifyQueueSetContainer  queue.o
    0x08003b8c   0x08003b8c   0x00000034   Code   RO         4394    i.prvResetNextTaskUnblockTime  tasks.o
    0x08003bc0   0x08003bc0   0x00000016   Code   RO         4395    i.prvTaskCheckFreeStackSpace  tasks.o
    0x08003bd6   0x08003bd6   0x00000016   Code   RO         4811    i.prvTaskExitError  port.o
    0x08003bec   0x08003bec   0x00000092   Code   RO         4168    i.prvUnlockQueue    queue.o
    0x08003c7e   0x08003c7e   0x0000002a   Code   RO         4397    i.prvWriteNameToBuffer  tasks.o
    0x08003ca8   0x08003ca8   0x000000d0   Code   RO         4763    i.pvPortMalloc      heap_4.o
    0x08003d78   0x08003d78   0x00000020   Code   RO         4398    i.pvTaskIncrementMutexHeldCount  tasks.o
    0x08003d98   0x08003d98   0x00000024   Code   RO         4812    i.pxPortInitialiseStack  port.o
    0x08003dbc   0x08003dbc   0x00000140   Code   RO          825    i.showSystemTime    app_tftlcd.o
    0x08003efc   0x08003efc   0x00000024   Code   RO         4885    i.tick_check        systick.o
    0x08003f20   0x08003f20   0x00000028   Code   RO         4120    i.uxListRemove      list.o
    0x08003f48   0x08003f48   0x000000b0   Code   RO         4401    i.uxTaskGetSystemState  tasks.o
    0x08003ff8   0x08003ff8   0x0000001a   Code   RO         4121    i.vListInitialise   list.o
    0x08004012   0x08004012   0x00000006   Code   RO         4122    i.vListInitialiseItem  list.o
    0x08004018   0x08004018   0x00000034   Code   RO         4123    i.vListInsert       list.o
    0x0800404c   0x0800404c   0x00000018   Code   RO         4124    i.vListInsertEnd    list.o
    0x08004064   0x08004064   0x00000024   Code   RO         4814    i.vPortEnterCritical  port.o
    0x08004088   0x08004088   0x00000020   Code   RO         4815    i.vPortExitCritical  port.o
    0x080040a8   0x080040a8   0x00000048   Code   RO         4764    i.vPortFree         heap_4.o
    0x080040f0   0x080040f0   0x00000028   Code   RO         4816    i.vPortSetupTimerInterrupt  port.o
    0x08004118   0x08004118   0x00000034   Code   RO         4406    i.vTaskDelay        tasks.o
    0x0800414c   0x0800414c   0x00000084   Code   RO         4410    i.vTaskGetInfo      tasks.o
    0x080041d0   0x080041d0   0x00000018   Code   RO         4411    i.vTaskInternalSetTimeOutState  tasks.o
    0x080041e8   0x080041e8   0x000000e0   Code   RO         4412    i.vTaskList         tasks.o
    0x080042c8   0x080042c8   0x0000000c   Code   RO         4413    i.vTaskMissedYield  tasks.o
    0x080042d4   0x080042d4   0x00000020   Code   RO         4415    i.vTaskPlaceOnEventList  tasks.o
    0x080042f4   0x080042f4   0x000000b0   Code   RO         4417    i.vTaskPriorityDisinheritAfterTimeout  tasks.o
    0x080043a4   0x080043a4   0x00000064   Code   RO         4423    i.vTaskStartScheduler  tasks.o
    0x08004408   0x08004408   0x00000010   Code   RO         4425    i.vTaskSuspendAll   tasks.o
    0x08004418   0x08004418   0x00000060   Code   RO         4426    i.vTaskSwitchContext  tasks.o
    0x08004478   0x08004478   0x0000004c   Code   RO          904    i.wifi_PowerManage  app_wifi.o
    0x080044c4   0x080044c4   0x00000034   Code   RO         4817    i.xPortStartScheduler  port.o
    0x080044f8   0x080044f8   0x00000034   Code   RO         4818    i.xPortSysTickHandler  port.o
    0x0800452c   0x0800452c   0x00000022   Code   RO         4179    i.xQueueCreateMutex  queue.o
    0x0800454e   0x0800454e   0x00000038   Code   RO         4181    i.xQueueGenericCreate  queue.o
    0x08004586   0x08004586   0x00000002   PAD
    0x08004588   0x08004588   0x00000080   Code   RO         4182    i.xQueueGenericReset  queue.o
    0x08004608   0x08004608   0x00000138   Code   RO         4183    i.xQueueGenericSend  queue.o
    0x08004740   0x08004740   0x0000009c   Code   RO         4184    i.xQueueGenericSendFromISR  queue.o
    0x080047dc   0x080047dc   0x00000104   Code   RO         4190    i.xQueueReceive     queue.o
    0x080048e0   0x080048e0   0x00000130   Code   RO         4195    i.xQueueSemaphoreTake  queue.o
    0x08004a10   0x08004a10   0x0000005c   Code   RO         4427    i.xTaskCheckForTimeOut  tasks.o
    0x08004a6c   0x08004a6c   0x00000060   Code   RO         4428    i.xTaskCreate       tasks.o
    0x08004acc   0x08004acc   0x00000020   Code   RO         4432    i.xTaskGetSchedulerState  tasks.o
    0x08004aec   0x08004aec   0x0000000c   Code   RO         4433    i.xTaskGetTickCount  tasks.o
    0x08004af8   0x08004af8   0x0000011c   Code   RO         4435    i.xTaskIncrementTick  tasks.o
    0x08004c14   0x08004c14   0x00000084   Code   RO         4438    i.xTaskPriorityDisinherit  tasks.o
    0x08004c98   0x08004c98   0x000000c8   Code   RO         4439    i.xTaskPriorityInherit  tasks.o
    0x08004d60   0x08004d60   0x00000080   Code   RO         4440    i.xTaskRemoveFromEventList  tasks.o
    0x08004de0   0x08004de0   0x000000e8   Code   RO         4441    i.xTaskResumeAll    tasks.o
    0x08004ec8   0x08004ec8   0x000072e4   Data   RO         4925    .constdata          lcdfont.o
    0x0800c1ac   0x0800c1ac   0x00000020   Data   RO         5430    Region$$Table       anon$$obj.o


    Execution Region RW_IRAM1 (Exec base: 0x20000000, Load base: 0x0800c1cc, Size: 0x00009b28, Max: 0x00010000, ABSOLUTE)

    Exec Addr    Load Addr    Size         Type   Attr      Idx    E Section Name        Object

    0x20000000   0x0800c1cc   0x00000003   Data   RW          198    .data               hal_usart.o
    0x20000003   0x0800c1cf   0x00000002   Data   RW          257    .data               hal_gpio.o
    0x20000005   0x0800c1d1   0x00000001   PAD
    0x20000006   0x0800c1d2   0x00000030   Data   RW          413    .data               hal_wtn6.o
    0x20000036   0x0800c202   0x00000002   PAD
    0x20000038   0x0800c204   0x00000004   Data   RW          543    .data               hal_al6630.o
    0x2000003c   0x0800c208   0x00000014   Data   RW          600    .data               hal_key.o
    0x20000050   0x0800c21c   0x0000001c   Data   RW          652    .data               main.o
    0x2000006c   0x0800c238   0x00000014   Data   RW          746    .data               system_stm32f10x.o
    0x20000080   0x0800c24c   0x00000004   Data   RW          774    .data               app_led.o
    0x20000084   0x0800c250   0x00000008   Data   RW          788    .data               app_key.o
    0x2000008c   0x0800c258   0x00000004   Data   RW          865    .data               app_al6630.o
    0x20000090   0x0800c25c   0x00000006   Data   RW          905    .data               app_wifi.o
    0x20000096   0x0800c262   0x00000002   PAD
    0x20000098   0x0800c264   0x00000004   Data   RW          941    .data               app_lora.o
    0x2000009c   0x0800c268   0x00000014   Data   RW         2585    .data               stm32f10x_rcc.o
    0x200000b0   0x0800c27c   0x0000003c   Data   RW         4444    .data               tasks.o
    0x200000ec   0x0800c2b8   0x00000018   Data   RW         4769    .data               heap_4.o
    0x20000104   0x0800c2d0   0x00000004   Data   RW         4819    .data               port.o
    0x20000108   0x0800c2d4   0x00000004   Data   RW         4886    .data               systick.o
    0x2000010c   0x0800c2d8   0x00000004   Data   RW         4938    .data               test.o
    0x20000110   0x0800c2dc   0x00000004   Data   RW         5404    .data               mc_w.l(stdout.o)
    0x20000114        -       0x00000018   Zero   RW          479    .bss                hal_timer.o
    0x2000012c        -       0x00000014   Zero   RW          542    .bss                hal_al6630.o
    0x20000140        -       0x00000080   Zero   RW          599    .bss                hal_key.o
    0x200001c0        -       0x000002e4   Zero   RW         4443    .bss                tasks.o
    0x200004a4        -       0x00009000   Zero   RW         4768    .bss                heap_4.o
    0x200094a4        -       0x00000280   Zero   RW         5055    .bss                mt_tftlcd.o
    0x20009724   0x0800c2e0   0x00000004   PAD
    0x20009728        -       0x00000400   Zero   RW          971    STACK               startup_stm32f10x_cl.o


==============================================================================

Image component sizes


      Code (inc. data)   RO Data    RW Data    ZI Data      Debug   Object Name

       450         22          0          4          0       2266   app_al6630.o
       488        284          0          8          0       1368   app_key.o
        60          4          0          4          0        535   app_led.o
       360          8          0          4          0       1764   app_lora.o
       358         16          0          0          0       1454   app_tftlcd.o
       128         12          0          6          0       1272   app_wifi.o
         0          0          0          0          0       9152   event_groups.o
       744         64          0          4         20       4320   hal_al6630.o
       220         14          0          0          0       1073   hal_flash.o
       290         40          0          2          0       3806   hal_gpio.o
        44          0          0          0          0      15287   hal_init.o
       716        110          0         20        128       5320   hal_key.o
       128         10          0          0          0     292384   hal_led.o
      1018         56          0          0          0       5569   hal_tftlcd.o
       444         38          0          0         24       3761   hal_timer.o
       800         74          0          3          0       5252   hal_usart.o
       564         88          0         48          0     224734   hal_wtn6.o
       508         62          0         24      36864       3735   heap_4.o
         0          0      29412          0          0        902   lcdfont.o
       148          0          0          0          0       2982   list.o
       304        140          0         28          0        976   main.o
       172         22          0          0          0       2241   misc.o
       732         30          0          0        640       5307   mt_tftlcd.o
       420         48          0          4          0       8748   port.o
      1794         18          0          0          0      13424   queue.o
        36          8        336          0       1024        804   startup_stm32f10x_cl.o
       392          8          0          0          0       3048   stm32f10x_dma.o
       476          6          0          0          0       5923   stm32f10x_gpio.o
        36          0          0          0          0       2835   stm32f10x_it.o
       560         56          0         20          0       7140   stm32f10x_rcc.o
       102          0          0          0          0       2902   stm32f10x_spi.o
      1586        214          0          0          0      12279   stm32f10x_tim.o
       472          6          0          0          0       7043   stm32f10x_usart.o
       396         32          0         20          0       2209   system_stm32f10x.o
       128         16          0          4          0       1352   systick.o
      3324        440          0         60        740      31871   tasks.o
       264        158          0          4          0       2524   test.o

    ----------------------------------------------------------------------
     18686       2104      29780        272      39444     697562   Object Totals
         0          0         32          0          0          0   (incl. Generated)
        24          0          0          5          4          0   (incl. Padding)

    ----------------------------------------------------------------------

      Code (inc. data)   RO Data    RW Data    ZI Data      Debug   Library Member Name

         0          0          0          0          0          0   entry.o
         0          0          0          0          0          0   entry10a.o
         0          0          0          0          0          0   entry11a.o
         4          0          0          0          0          0   entry12b.o
         8          4          0          0          0          0   entry2.o
         4          0          0          0          0          0   entry5.o
         0          0          0          0          0          0   entry7b.o
         0          0          0          0          0          0   entry8b.o
         8          4          0          0          0          0   entry9a.o
        30          0          0          0          0          0   handlers.o
        36          8          0          0          0         68   init.o
        30          0          0          0          0         68   llshl.o
        32          0          0          0          0         68   llushr.o
        36          0          0          0          0         68   memcpya.o
        36          0          0          0          0        108   memseta.o
       786         60          0          0          0        336   printf5.o
         0          0          0          4          0          0   stdout.o
        18          0          0          0          0         68   strcpy.o
        14          0          0          0          0         68   strlen.o
        98          0          0          0          0         92   uldiv.o

    ----------------------------------------------------------------------
      1146         76          0          4          0        944   Library Totals
         6          0          0          0          0          0   (incl. Padding)

    ----------------------------------------------------------------------

      Code (inc. data)   RO Data    RW Data    ZI Data      Debug   Library Name

      1140         76          0          4          0        944   mc_w.l

    ----------------------------------------------------------------------
      1146         76          0          4          0        944   Library Totals

    ----------------------------------------------------------------------

==============================================================================


      Code (inc. data)   RO Data    RW Data    ZI Data      Debug   

     19832       2180      29780        276      39444     687946   Grand Totals
     19832       2180      29780        276      39444     687946   ELF Image Totals
     19832       2180      29780        276          0          0   ROM Totals

==============================================================================

    Total RO  Size (Code + RO Data)                49612 (  48.45kB)
    Total RW  Size (RW Data + ZI Data)             39720 (  38.79kB)
    Total ROM Size (Code + RO Data + RW Data)      49888 (  48.72kB)

==============================================================================

