Component: ARM Compiler 5.06 update 7 (build 960) Tool: armlink [4d3601]

==============================================================================

Section Cross References

    hal_led.o(i.hal_LedConfig) refers to stm32f10x_rcc.o(i.RCC_APB2PeriphClockCmd) for RCC_APB2PeriphClockCmd
    hal_led.o(i.hal_LedConfig) refers to stm32f10x_gpio.o(i.GPIO_Init) for GPIO_Init
    hal_led.o(i.hal_LedConfig) refers to stm32f10x_gpio.o(i.GPIO_ResetBits) for GPIO_ResetBits
    hal_led.o(i.hal_LedInit) refers to hal_led.o(i.hal_LedConfig) for hal_LedConfig
    hal_led.o(i.hal_LedTurn) refers to stm32f10x_gpio.o(i.GPIO_ReadOutputDataBit) for GPIO_ReadOutputDataBit
    hal_led.o(i.hal_LedTurn) refers to stm32f10x_gpio.o(i.GPIO_WriteBit) for GPIO_WriteBit
    hal_init.o(i.Hal_Init) refers to hal_led.o(i.hal_LedInit) for hal_LedInit
    hal_init.o(i.Hal_Init) refers to hal_usart.o(i.Hal_Usart_Init) for Hal_Usart_Init
    hal_init.o(i.Hal_Init) refers to hal_gpio.o(i.hal_Gpio_Init) for hal_Gpio_Init
    hal_init.o(i.Hal_Init) refers to hal_flash.o(i.hal_spi2Init) for hal_spi2Init
    hal_init.o(i.Hal_Init) refers to hal_tftlcd.o(i.hal_tftlcd_Init) for hal_tftlcd_Init
    hal_init.o(i.Hal_Init) refers to hal_tftlcd.o(i.LCD_Open_Init) for LCD_Open_Init
    hal_init.o(i.Hal_Init) refers to hal_wtn6.o(i.hal_Wtn6_Init) for hal_Wtn6_Init
    hal_init.o(i.Hal_Init) refers to hal_timer.o(i.hal_timer_Init) for hal_timer_Init
    hal_init.o(i.Hal_Init) refers to hal_al6630.o(i.hal_Al6630_Init) for hal_Al6630_Init
    hal_init.o(i.Hal_Init) refers to hal_key.o(i.hal_Key_Init) for hal_Key_Init
    hal_usart.o(i.Hal_Usart_Init) refers to stm32f10x_rcc.o(i.RCC_APB2PeriphClockCmd) for RCC_APB2PeriphClockCmd
    hal_usart.o(i.Hal_Usart_Init) refers to stm32f10x_rcc.o(i.RCC_APB1PeriphClockCmd) for RCC_APB1PeriphClockCmd
    hal_usart.o(i.Hal_Usart_Init) refers to stm32f10x_gpio.o(i.GPIO_Init) for GPIO_Init
    hal_usart.o(i.Hal_Usart_Init) refers to stm32f10x_usart.o(i.USART_Init) for USART_Init
    hal_usart.o(i.Hal_Usart_Init) refers to misc.o(i.NVIC_Init) for NVIC_Init
    hal_usart.o(i.Hal_Usart_Init) refers to stm32f10x_usart.o(i.USART_ITConfig) for USART_ITConfig
    hal_usart.o(i.Hal_Usart_Init) refers to stm32f10x_usart.o(i.USART_Cmd) for USART_Cmd
    hal_usart.o(i.UART5_IRQHandler) refers to stm32f10x_usart.o(i.USART_GetITStatus) for USART_GetITStatus
    hal_usart.o(i.UART5_IRQHandler) refers to stm32f10x_usart.o(i.USART_ReceiveData) for USART_ReceiveData
    hal_usart.o(i.UART5_IRQHandler) refers to stm32f10x_usart.o(i.USART_ClearITPendingBit) for USART_ClearITPendingBit
    hal_usart.o(i.UART5_IRQHandler) refers to queue.o(i.xQueueGenericSendFromISR) for xQueueGenericSendFromISR
    hal_usart.o(i.UART5_IRQHandler) refers to hal_usart.o(.data) for dataIndex
    hal_usart.o(i.UART5_IRQHandler) refers to app_lora.o(.data) for LoraQueue
    hal_usart.o(i.USART2_IRQHandler) refers to stm32f10x_usart.o(i.USART_GetITStatus) for USART_GetITStatus
    hal_usart.o(i.USART2_IRQHandler) refers to stm32f10x_usart.o(i.USART_ReceiveData) for USART_ReceiveData
    hal_usart.o(i.USART2_IRQHandler) refers to stm32f10x_usart.o(i.USART_ClearITPendingBit) for USART_ClearITPendingBit
    hal_usart.o(i.USART2_IRQHandler) refers to queue.o(i.xQueueGenericSendFromISR) for xQueueGenericSendFromISR
    hal_usart.o(i.USART2_IRQHandler) refers to hal_usart.o(.data) for dataIndex
    hal_usart.o(i.USART2_IRQHandler) refers to app_4g.o(.data) for EC200N_Queue
    hal_usart.o(i.USART3_IRQHandler) refers to stm32f10x_usart.o(i.USART_GetITStatus) for USART_GetITStatus
    hal_usart.o(i.USART3_IRQHandler) refers to stm32f10x_usart.o(i.USART_ReceiveData) for USART_ReceiveData
    hal_usart.o(i.USART3_IRQHandler) refers to stm32f10x_usart.o(i.USART_ClearITPendingBit) for USART_ClearITPendingBit
    hal_usart.o(i.USART3_IRQHandler) refers to queue.o(i.xQueueGenericSendFromISR) for xQueueGenericSendFromISR
    hal_usart.o(i.USART3_IRQHandler) refers to hal_usart.o(.data) for dataIndex
    hal_usart.o(i.USART3_IRQHandler) refers to app_wifi.o(.data) for Wifi_Queue
    hal_gpio.o(i.hal_GPIO_4GPowerKey_H) refers to stm32f10x_gpio.o(i.GPIO_SetBits) for GPIO_SetBits
    hal_gpio.o(i.hal_GPIO_4GPowerKey_L) refers to stm32f10x_gpio.o(i.GPIO_ResetBits) for GPIO_ResetBits
    hal_gpio.o(i.hal_GPIO_GetACState) refers to stm32f10x_gpio.o(i.GPIO_ReadInputDataBit) for GPIO_ReadInputDataBit
    hal_gpio.o(i.hal_GPIO_WIFIPowerEN_H) refers to stm32f10x_gpio.o(i.GPIO_ResetBits) for GPIO_ResetBits
    hal_gpio.o(i.hal_GPIO_WIFIPowerEN_L) refers to stm32f10x_gpio.o(i.GPIO_SetBits) for GPIO_SetBits
    hal_gpio.o(i.hal_Gpio_AcStateCheck) refers to hal_gpio.o(i.hal_GPIO_GetACState) for hal_GPIO_GetACState
    hal_gpio.o(i.hal_Gpio_AcStateCheck) refers to hal_gpio.o(i.delay_1msTest) for delay_1msTest
    hal_gpio.o(i.hal_Gpio_AcStateCheck) refers to hal_gpio.o(.data) for AcState
[...]
    i.__0sprintf$5                           0x080026e8   Section        0  printf5.o(i.__0sprintf$5)
    i.__scatterload_copy                     0x08002710   Section       14  handlers.o(i.__scatterload_copy)
    i.__scatterload_null                     0x0800271e   Section        2  handlers.o(i.__scatterload_null)
    i.__scatterload_zeroinit                 0x08002720   Section       14  handlers.o(i.__scatterload_zeroinit)
    i._printf_core                           0x08002730   Section        0  printf5.o(i._printf_core)
    _printf_core                             0x08002731   Thumb Code   660  printf5.o(i._printf_core)
    i._sputc                                 0x080029f0   Section        0  printf5.o(i._sputc)
    _sputc                                   0x080029f1   Thumb Code    10  printf5.o(i._sputc)
    i.delay_1msTest                          0x080029fa   Section        0  hal_gpio.o(i.delay_1msTest)
    i.eTaskGetState                          0x08002a0c   Section        0  tasks.o(i.eTaskGetState)
    i.fputc                                  0x08002a78   Section        0  hal_usart.o(i.fputc)
    i.hal_Al6630_Init                        0x08002a90   Section        0  hal_al6630.o(i.hal_Al6630_Init)
    i.hal_CreatTimer                         0x08002aac   Section        0  hal_timer.o(i.hal_CreatTimer)
    i.hal_GPIO_4GPowerKey_H                  0x08002ae4   Section        0  hal_gpio.o(i.hal_GPIO_4GPowerKey_H)
    i.hal_GPIO_4GPowerKey_L                  0x08002af4   Section        0  hal_gpio.o(i.hal_GPIO_4GPowerKey_L)
    i.hal_GPIO_GetACState                    0x08002b04   Section        0  hal_gpio.o(i.hal_GPIO_GetACState)
    hal_GPIO_GetACState                      0x08002b05   Thumb Code    12  hal_gpio.o(i.hal_GPIO_GetACState)
    i.hal_GPIO_WIFIPowerEN_H                 0x08002b14   Section        0  hal_gpio.o(i.hal_GPIO_WIFIPowerEN_H)
    i.hal_GPIO_WIFIPowerEN_L                 0x08002b24   Section        0  hal_gpio.o(i.hal_GPIO_WIFIPowerEN_L)
    i.hal_GetTemHum_Proc                     0x08002b34   Section        0  hal_al6630.o(i.hal_GetTemHum_Proc)
    i.hal_Gpio_AcStateCheck                  0x08002bf4   Section        0  hal_gpio.o(i.hal_Gpio_AcStateCheck)
    i.hal_Gpio_Init                          0x08002c40   Section        0  hal_gpio.o(i.hal_Gpio_Init)
    i.hal_Key_DBGet_Sta                      0x08002cc4   Section        0  hal_key.o(i.hal_Key_DBGet_Sta)
    hal_Key_DBGet_Sta                        0x08002cc5   Thumb Code   202  hal_key.o(i.hal_Key_DBGet_Sta)
    i.hal_Key_Init                           0x08002d98   Section        0  hal_key.o(i.hal_Key_Init)
    i.hal_Key_Proc                           0x08002ddc   Section        0  hal_key.o(i.hal_Key_Proc)
    i.hal_LedConfig                          0x08002ef4   Section        0  hal_led.o(i.hal_LedConfig)
    hal_LedConfig                            0x08002ef5   Thumb Code    50  hal_led.o(i.hal_LedConfig)
    i.hal_LedInit                            0x08002f2c   Section        0  hal_led.o(i.hal_LedInit)
    i.hal_LedTurn                            0x08002f34   Section        0  hal_led.o(i.hal_LedTurn)
    i.hal_Oled_Display_on                    0x08002f74   Section        0  hal_tftlcd.o(i.hal_Oled_Display_on)
    i.hal_ResetTimer                         0x08002f88   Section        0  hal_timer.o(i.hal_ResetTimer)
    i.hal_SC8002Config                       0x08002fbc   Section        0  hal_wtn6.o(i.hal_SC8002Config)
    i.hal_Tim3_SentDatPin                    0x08002fe8   Section        0  hal_al6630.o(i.hal_Tim3_SentDatPin)
    hal_Tim3_SentDatPin                      0x08002fe9   Thumb Code    74  hal_al6630.o(i.hal_Tim3_SentDatPin)
    i.hal_Wtn6Config                         0x08003038   Section        0  hal_wtn6.o(i.hal_Wtn6Config)
    hal_Wtn6Config                           0x08003039   Thumb Code    96  hal_wtn6.o(i.hal_Wtn6Config)
    i.hal_Wtn6_Init                          0x0800309c   Section        0  hal_wtn6.o(i.hal_Wtn6_Init)
    i.hal_Wtn6_Play                          0x080030c4   Section        0  hal_wtn6.o(i.hal_Wtn6_Play)
    i.hal_Wtn6_PlayHandle                    0x08003138   Section        0  hal_wtn6.o(i.hal_Wtn6_PlayHandle)
    hal_Wtn6_PlayHandle                      0x08003139   Thumb Code   232  hal_wtn6.o(i.hal_Wtn6_PlayHandle)
    i.hal_get_DB0Sta                         0x08003240   Section        0  hal_key.o(i.hal_get_DB0Sta)
    hal_get_DB0Sta                           0x08003241   Thumb Code    12  hal_key.o(i.hal_get_DB0Sta)
    i.hal_get_DB1Sta                         0x08003250   Section        0  hal_key.o(i.hal_get_DB1Sta)
    hal_get_DB1Sta                           0x08003251   Thumb Code    12  hal_key.o(i.hal_get_DB1Sta)
    i.hal_get_DB2Sta                         0x08003260   Section        0  hal_key.o(i.hal_get_DB2Sta)
    hal_get_DB2Sta                           0x08003261   Thumb Code    14  hal_key.o(i.hal_get_DB2Sta)
    i.hal_get_DB3Sta                         0x08003274   Section        0  hal_key.o(i.hal_get_DB3Sta)
    hal_get_DB3Sta                           0x08003275   Thumb Code    14  hal_key.o(i.hal_get_DB3Sta)
    i.hal_get_DB4Sta                         0x08003288   Section        0  hal_key.o(i.hal_get_DB4Sta)
    hal_get_DB4Sta                           0x08003289   Thumb Code    14  hal_key.o(i.hal_get_DB4Sta)
    i.hal_key_Config                         0x0800329c   Section        0  hal_key.o(i.hal_key_Config)
    hal_key_Config                           0x0800329d   Thumb Code    56  hal_key.o(i.hal_key_Config)
    i.hal_oled_RestH                         0x080032dc   Section        0  hal_tftlcd.o(i.hal_oled_RestH)
    i.hal_oled_RestL                         0x080032f0   Section        0  hal_tftlcd.o(i.hal_oled_RestL)
    i.hal_spi2CSDrive                        0x08003304   Section        0  hal_flash.o(i.hal_spi2CSDrive)
    i.hal_spi2Init                           0x08003328   Section        0  hal_flash.o(i.hal_spi2Init)
    i.hal_tftlcd_Delay                       0x080033e0   Section        0  hal_tftlcd.o(i.hal_tftlcd_Delay)
    hal_tftlcd_Delay                         0x080033e1   Thumb Code    12  hal_tftlcd.o(i.hal_tftlcd_Delay)
    i.hal_tftlcd_Init                        0x080033ec   Section        0  hal_tftlcd.o(i.hal_tftlcd_Init)
    i.hal_timer3CapConfig                    0x0800353c   Section        0  hal_al6630.o(i.hal_timer3CapConfig)
    hal_timer3CapConfig                      0x0800353d   Thumb Code   172  hal_al6630.o(i.hal_timer3CapConfig)
    i.hal_timer4Config                       0x080035f0   Section        0  hal_timer.o(i.hal_timer4Config)
    hal_timer4Config                         0x080035f1   Thumb Code   116  hal_timer.o(i.hal_timer4Config)
    i.hal_timer_Init                         0x08003670   Section        0  hal_timer.o(i.hal_timer_Init)
    i.main                                   0x080036b4   Section        0  main.o(i.main)
    i.prvAddCurrentTaskToDelayedList         0x0800380c   Section        0  tasks.o(i.prvAddCurrentTaskToDelayedList)
    prvAddCurrentTaskToDelayedList           0x0800380d   Thumb Code   124  tasks.o(i.prvAddCurrentTaskToDelayedList)
    i.prvAddNewTaskToReadyList               0x080038a4   Section        0  tasks.o(i.prvAddNewTaskToReadyList)
    prvAddNewTaskToReadyList                 0x080038a5   Thumb Code   156  tasks.o(i.prvAddNewTaskToReadyList)
    i.prvCheckTasksWaitingTermination        0x0800395c   Section        0  tasks.o(i.prvCheckTasksWaitingTermination)
    prvCheckTasksWaitingTermination          0x0800395d   Thumb Code    60  tasks.o(i.prvCheckTasksWaitingTermination)
    i.prvCopyDataFromQueue                   0x080039a4   Section        0  queue.o(i.prvCopyDataFromQueue)
    prvCopyDataFromQueue                     0x080039a5   Thumb Code    42  queue.o(i.prvCopyDataFromQueue)
    i.prvCopyDataToQueue                     0x080039ce   Section        0  queue.o(i.prvCopyDataToQueue)
    prvCopyDataToQueue                       0x080039cf   Thumb Code   124  queue.o(i.prvCopyDataToQueue)
    i.prvDeleteTCB                           0x08003a4a   Section        0  tasks.o(i.prvDeleteTCB)
    prvDeleteTCB                             0x08003a4b   Thumb Code    18  tasks.o(i.prvDeleteTCB)
    i.prvGetDisinheritPriorityAfterTimeout   0x08003a5c   Section        0  queue.o(i.prvGetDisinheritPriorityAfterTimeout)
    prvGetDisinheritPriorityAfterTimeout     0x08003a5d   Thumb Code    20  queue.o(i.prvGetDisinheritPriorityAfterTimeout)
    i.prvHeapInit                            0x08003a70   Section        0  heap_4.o(i.prvHeapInit)
    prvHeapInit                              0x08003a71   Thumb Code    98  heap_4.o(i.prvHeapInit)
    i.prvIdleTask                            0x08003aec   Section        0  tasks.o(i.prvIdleTask)
    prvIdleTask                              0x08003aed   Thumb Code    32  tasks.o(i.prvIdleTask)
    i.prvInitialiseMutex                     0x08003b14   Section        0  queue.o(i.prvInitialiseMutex)
    prvInitialiseMutex                       0x08003b15   Thumb Code    28  queue.o(i.prvInitialiseMutex)
    i.prvInitialiseNewQueue                  0x08003b30   Section        0  queue.o(i.prvInitialiseNewQueue)
    prvInitialiseNewQueue                    0x08003b31   Thumb Code    46  queue.o(i.prvInitialiseNewQueue)
    i.prvInitialiseNewTask                   0x08003b5e   Section        0  tasks.o(i.prvInitialiseNewTask)
    prvInitialiseNewTask                     0x08003b5f   Thumb Code   144  tasks.o(i.prvInitialiseNewTask)
    i.prvInitialiseTaskLists                 0x08003bf0   Section        0  tasks.o(i.prvInitialiseTaskLists)
    prvInitialiseTaskLists                   0x08003bf1   Thumb Code    70  tasks.o(i.prvInitialiseTaskLists)
    i.prvInsertBlockIntoFreeList             0x08003c58   Section        0  heap_4.o(i.prvInsertBlockIntoFreeList)
    prvInsertBlockIntoFreeList               0x08003c59   Thumb Code    96  heap_4.o(i.prvInsertBlockIntoFreeList)
    i.prvIsQueueEmpty                        0x08003cc0   Section        0  queue.o(i.prvIsQueueEmpty)
    prvIsQueueEmpty                          0x08003cc1   Thumb Code    26  queue.o(i.prvIsQueueEmpty)
    i.prvIsQueueFull                         0x08003cda   Section        0  queue.o(i.prvIsQueueFull)
    prvIsQueueFull                           0x08003cdb   Thumb Code    30  queue.o(i.prvIsQueueFull)
    i.prvListTasksWithinSingleList           0x08003cf8   Section        0  tasks.o(i.prvListTasksWithinSingleList)
    prvListTasksWithinSingleList             0x08003cf9   Thumb Code   106  tasks.o(i.prvListTasksWithinSingleList)
    i.prvNotifyQueueSetContainer             0x08003d62   Section        0  queue.o(i.prvNotifyQueueSetContainer)
    prvNotifyQueueSetContainer               0x08003d63   Thumb Code    82  queue.o(i.prvNotifyQueueSetContainer)
    i.prvResetNextTaskUnblockTime            0x08003db4   Section        0  tasks.o(i.prvResetNextTaskUnblockTime)
    prvResetNextTaskUnblockTime              0x08003db5   Thumb Code    42  tasks.o(i.prvResetNextTaskUnblockTime)
    i.prvTaskCheckFreeStackSpace             0x08003de8   Section        0  tasks.o(i.prvTaskCheckFreeStackSpace)
    prvTaskCheckFreeStackSpace               0x08003de9   Thumb Code    22  tasks.o(i.prvTaskCheckFreeStackSpace)
    i.prvTaskExitError                       0x08003dfe   Section        0  port.o(i.prvTaskExitError)
    prvTaskExitError                         0x08003dff   Thumb Code    22  port.o(i.prvTaskExitError)
    i.prvUnlockQueue                         0x08003e14   Section        0  queue.o(i.prvUnlockQueue)
    prvUnlockQueue                           0x08003e15   Thumb Code   146  queue.o(i.prvUnlockQueue)
    i.prvWriteNameToBuffer                   0x08003ea6   Section        0  tasks.o(i.prvWriteNameToBuffer)
    prvWriteNameToBuffer                     0x08003ea7   Thumb Code    42  tasks.o(i.prvWriteNameToBuffer)
    i.pvPortMalloc                           0x08003ed0   Section        0  heap_4.o(i.pvPortMalloc)
    i.pvTaskIncrementMutexHeldCount          0x08003fa0   Section        0  tasks.o(i.pvTaskIncrementMutexHeldCount)
    i.pxPortInitialiseStack                  0x08003fc0   Section        0  port.o(i.pxPortInitialiseStack)
    i.showSystemTime                         0x08003fe4   Section        0  app_tftlcd.o(i.showSystemTime)
    i.tick_check                             0x08004124   Section        0  systick.o(i.tick_check)
    i.uxListRemove                           0x08004148   Section        0  list.o(i.uxListRemove)
    i.uxTaskGetSystemState                   0x08004170   Section        0  tasks.o(i.uxTaskGetSystemState)
    i.vListInitialise                        0x08004220   Section        0  list.o(i.vListInitialise)
    i.vListInitialiseItem                    0x0800423a   Section        0  list.o(i.vListInitialiseItem)
    i.vListInsert                            0x08004240   Section        0  list.o(i.vListInsert)
    i.vListInsertEnd                         0x08004274   Section        0  list.o(i.vListInsertEnd)
    i.vPortEnterCritical                     0x0800428c   Section        0  port.o(i.vPortEnterCritical)
    i.vPortExitCritical                      0x080042b0   Section        0  port.o(i.vPortExitCritical)
    i.vPortFree                              0x080042d0   Section        0  heap_4.o(i.vPortFree)
    i.vPortSetupTimerInterrupt               0x08004318   Section        0  port.o(i.vPortSetupTimerInterrupt)
    i.vTaskDelay                             0x08004340   Section        0  tasks.o(i.vTaskDelay)
    i.vTaskGetInfo                           0x08004374   Section        0  tasks.o(i.vTaskGetInfo)
    i.vTaskInternalSetTimeOutState           0x080043f8   Section        0  tasks.o(i.vTaskInternalSetTimeOutState)
    i.vTaskList                              0x08004410   Section        0  tasks.o(i.vTaskList)
    i.vTaskMissedYield                       0x080044f0   Section        0  tasks.o(i.vTaskMissedYield)
    i.vTaskPlaceOnEventList                  0x080044fc   Section        0  tasks.o(i.vTaskPlaceOnEventList)
    i.vTaskPriorityDisinheritAfterTimeout    0x0800451c   Section        0  tasks.o(i.vTaskPriorityDisinheritAfterTimeout)
    i.vTaskStartScheduler                    0x080045cc   Section        0  tasks.o(i.vTaskStartScheduler)
    i.vTaskSuspendAll                        0x08004630   Section        0  tasks.o(i.vTaskSuspendAll)
    i.vTaskSwitchContext                     0x08004640   Section        0  tasks.o(i.vTaskSwitchContext)
    i.wifi_PowerManage                       0x080046a0   Section        0  app_wifi.o(i.wifi_PowerManage)
    i.xPortStartScheduler                    0x080046ec   Section        0  port.o(i.xPortStartScheduler)
    i.xPortSysTickHandler                    0x08004720   Section        0  port.o(i.xPortSysTickHandler)
    i.xQueueCreateMutex                      0x08004754   Section        0  queue.o(i.xQueueCreateMutex)
    i.xQueueGenericCreate                    0x08004776   Section        0  queue.o(i.xQueueGenericCreate)
    i.xQueueGenericReset                     0x080047b0   Section        0  queue.o(i.xQueueGenericReset)
    i.xQueueGenericSend                      0x08004830   Section        0  queue.o(i.xQueueGenericSend)
    i.xQueueGenericSendFromISR               0x08004968   Section        0  queue.o(i.xQueueGenericSendFromISR)
    i.xQueueReceive                          0x08004a04   Section        0  queue.o(i.xQueueReceive)
    i.xQueueSemaphoreTake                    0x08004b08   Section        0  queue.o(i.xQueueSemaphoreTake)
    i.xTaskCheckForTimeOut                   0x08004c38   Section        0  tasks.o(i.xTaskCheckForTimeOut)
    i.xTaskCreate                            0x08004c94   Section        0  tasks.o(i.xTaskCreate)
    i.xTaskGetSchedulerState                 0x08004cf4   Section        0  tasks.o(i.xTaskGetSchedulerState)
    i.xTaskGetTickCount                      0x08004d14   Section        0  tasks.o(i.xTaskGetTickCount)
    i.xTaskIncrementTick                     0x08004d20   Section        0  tasks.o(i.xTaskIncrementTick)
    i.xTaskPriorityDisinherit                0x08004e3c   Section        0  tasks.o(i.xTaskPriorityDisinherit)
    i.xTaskPriorityInherit                   0x08004ec0   Section        0  tasks.o(i.xTaskPriorityInherit)
    i.xTaskRemoveFromEventList               0x08004f88   Section        0  tasks.o(i.xTaskRemoveFromEventList)
    i.xTaskResumeAll                         0x08005008   Section        0  tasks.o(i.xTaskResumeAll)
    .constdata                               0x080050f0   Section    29412  lcdfont.o(.constdata)
    .data                                    0x20000000   Section        4  hal_usart.o(.data)
    len                                      0x20000000   Data           1  hal_usart.o(.data)
    dataIndex                                0x20000001   Data           1  hal_usart.o(.data)
    dataIndex                                0x20000002   Data           1  hal_usart.o(.data)
    dataIndex                                0x20000003   Data           1  hal_usart.o(.data)
    .data                                    0x20000004   Section        2  hal_gpio.o(.data)
    AcState                                  0x20000004   Data           1  hal_gpio.o(.data)
    times                                    0x20000005   Data           1  hal_gpio.o(.data)
    .data                                    0x20000006   Section       48  hal_wtn6.o(.data)
    VolNum                                   0x20000034   Data           1  hal_wtn6.o(.data)
    Time_Num                                 0x20000035   Data           1  hal_wtn6.o(.data)
    .data                                    0x20000038   Section        4  hal_al6630.o(.data)
    GetTemHum_Timer                          0x20000038   Data           4  hal_al6630.o(.data)
    .data                                    0x2000003c   Section       20  hal_key.o(.data)
    .data                                    0x20000050   Section       32  main.o(.data)
    .data                                    0x20000070   Section       20  system_stm32f10x.o(.data)
    .data                                    0x20000084   Section        4  app_led.o(.data)
    u32LedTick                               0x20000084   Data           4  app_led.o(.data)
    .data                                    0x20000088   Section        8  app_key.o(.data)
    .data                                    0x20000090   Section        4  app_al6630.o(.data)
    HumidityValue                            0x20000090   Data           2  app_al6630.o(.data)
    TemperatureValue                         0x20000092   Data           2  app_al6630.o(.data)
    .data                                    0x20000094   Section        6  app_wifi.o(.data)
    StartTime                                0x20000098   Data           2  app_wifi.o(.data)
    .data                                    0x2000009c   Section        4  app_lora.o(.data)
    .data                                    0x200000a0   Section       12  app_4g.o(.data)
    Powertime                                0x200000a4   Data           1  app_4g.o(.data)
    Tick                                     0x200000a8   Data           4  app_4g.o(.data)
    .data                                    0x200000ac   Section       20  stm32f10x_rcc.o(.data)
    APBAHBPrescTable                         0x200000ac   Data          16  stm32f10x_rcc.o(.data)
    ADCPrescTable                            0x200000bc   Data           4  stm32f10x_rcc.o(.data)
    .data                                    0x200000c0   Section       60  tasks.o(.data)
    pxDelayedTaskList                        0x200000c4   Data           4  tasks.o(.data)
    pxOverflowDelayedTaskList                0x200000c8   Data           4  tasks.o(.data)
    uxDeletedTasksWaitingCleanUp             0x200000cc   Data           4  tasks.o(.data)
    uxCurrentNumberOfTasks                   0x200000d0   Data           4  tasks.o(.data)
    xTickCount                               0x200000d4   Data           4  tasks.o(.data)
    uxTopReadyPriority                       0x200000d8   Data           4  tasks.o(.data)
    xSchedulerRunning                        0x200000dc   Data           4  tasks.o(.data)
    uxPendedTicks                            0x200000e0   Data           4  tasks.o(.data)
    xYieldPending                            0x200000e4   Data           4  tasks.o(.data)
    xNumOfOverflows                          0x200000e8   Data           4  tasks.o(.data)
    uxTaskNumber                             0x200000ec   Data           4  tasks.o(.data)
    xNextTaskUnblockTime                     0x200000f0   Data           4  tasks.o(.data)
    xIdleTaskHandle                          0x200000f4   Data           4  tasks.o(.data)
    uxSchedulerSuspended                     0x200000f8   Data           4  tasks.o(.data)
    .data                                    0x200000fc   Section       24  heap_4.o(.data)
    xStart                                   0x200000fc   Data           8  heap_4.o(.data)
    pxEnd                                    0x20000104   Data           4  heap_4.o(.data)
    xFreeBytesRemaining                      0x20000108   Data           4  heap_4.o(.data)
    xMinimumEverFreeBytesRemaining           0x2000010c   Data           4  heap_4.o(.data)
    xBlockAllocatedBit                       0x20000110   Data           4  heap_4.o(.data)
    .data                                    0x20000114   Section        4  port.o(.data)
    uxCriticalNesting                        0x20000114   Data           4  port.o(.data)
    .data                                    0x20000118   Section        4  systick.o(.data)
    fac_us                                   0x20000118   Data           1  systick.o(.data)
    fac_ms                                   0x2000011a   Data           2  systick.o(.data)
    .data                                    0x2000011c   Section        4  test.o(.data)
    u32TestTick                              0x2000011c   Data           4  test.o(.data)
    .data                                    0x20000120   Section        4  stdout.o(.data)
    .bss                                     0x20000124   Section       24  hal_timer.o(.bss)
    .bss                                     0x2000013c   Section       20  hal_al6630.o(.bss)
    .bss                                     0x20000150   Section      128  hal_key.o(.bss)
    .bss                                     0x200001d0   Section      740  tasks.o(.bss)
    pxReadyTasksLists                        0x200001d0   Data         640  tasks.o(.bss)
    xDelayedTaskList1                        0x20000450   Data          20  tasks.o(.bss)
    xDelayedTaskList2                        0x20000464   Data          20  tasks.o(.bss)
    xPendingReadyList                        0x20000478   Data          20  tasks.o(.bss)
    xTasksWaitingTermination                 0x2000048c   Data          20  tasks.o(.bss)
    xSuspendedTaskList                       0x200004a0   Data          20  tasks.o(.bss)
    .bss                                     0x200004b4   Section    36864  heap_4.o(.bss)
    ucHeap                                   0x200004b4   Data       36864  heap_4.o(.bss)
    .bss                                     0x200094b4   Section      640  mt_tftlcd.o(.bss)
    STACK                                    0x20009738   Section     1024  startup_stm32f10x_cl.o(STACK)

    Global Symbols

    Symbol Name                              Value     Ov Type        Size  Object(Section)

    BuildAttributes$$THM_ISAv4$P$D$K$B$S$PE$A:L22UL41UL21$X:L11$S22US41US21$IEEE1$IW$USESV6$~STKCKD$USESV7$~SHL$OSPACE$ROPI$EBA8$MICROLIB$REQ8$PRES8$EABIv2 0x00000000   Number         0  anon$$obj.o ABSOLUTE
    __ARM_use_no_argv                        0x00000000   Number         0  main.o ABSOLUTE
    _printf_a                                0x00000000   Number         0  stubs.o ABSOLUTE
    _printf_c                                0x00000000   Number         0  stubs.o ABSOLUTE
    _printf_charcount                        0x00000000   Number         0  stubs.o ABSOLUTE
    _printf_d                                0x00000000   Number         0  stubs.o ABSOLUTE
    _printf_e                                0x00000000   Number         0  stubs.o ABSOLUTE
    _printf_f                                0x00000000   Number         0  stubs.o ABSOLUTE
    _printf_flags                            0x00000000   Number         0  stubs.o ABSOLUTE
    _printf_fp_dec                           0x00000000   Number         0  stubs.o ABSOLUTE
    _printf_fp_hex                           0x00000000   Number         0  stubs.o ABSOLUTE
    _printf_g                                0x00000000   Number         0  stubs.o ABSOLUTE
    _printf_i                                0x00000000   Number         0  stubs.o ABSOLUTE
    _printf_int_dec                          0x00000000   Number         0  stubs.o ABSOLUTE
    _printf_l                                0x00000000   Number         0  stubs.o ABSOLUTE
    _printf_lc                               0x00000000   Number         0  stubs.o ABSOLUTE
    _printf_ll                               0x00000000   Number         0  stubs.o ABSOLUTE
    _printf_lld                              0x00000000   Number         0  stubs.o ABSOLUTE
    _printf_lli                              0x00000000   Number         0  stubs.o ABSOLUTE
    _printf_llo                              0x00000000   Number         0  stubs.o ABSOLUTE
    _printf_llu                              0x00000000   Number         0  stubs.o ABSOLUTE
    _printf_llx                              0x00000000   Number         0  stubs.o ABSOLUTE
    _printf_longlong_dec                     0x00000000   Number         0  stubs.o ABSOLUTE
    _printf_longlong_hex                     0x00000000   Number         0  stubs.o ABSOLUTE
    _printf_longlong_oct                     0x00000000   Number         0  stubs.o ABSOLUTE
    _printf_ls                               0x00000000   Number         0  stubs.o ABSOLUTE
    _printf_mbtowc                           0x00000000   Number         0  stubs.o ABSOLUTE
    _printf_n                                0x00000000   Number         0  stubs.o ABSOLUTE
    _printf_o                                0x00000000   Number         0  stubs.o ABSOLUTE
    _printf_p                                0x00000000   Number         0  stubs.o ABSOLUTE
    _printf_percent                          0x00000000   Number         0  stubs.o ABSOLUTE
    _printf_pre_padding                      0x00000000   Number         0  stubs.o ABSOLUTE
    _printf_return_value                     0x00000000   Number         0  stubs.o ABSOLUTE
    _printf_s                                0x00000000   Number         0  stubs.o ABSOLUTE
    _printf_sizespec                         0x00000000   Number         0  stubs.o ABSOLUTE
    _printf_str                              0x00000000   Number         0  stubs.o ABSOLUTE
    _printf_truncate_signed                  0x00000000   Number         0  stubs.o ABSOLUTE
    _printf_truncate_unsigned                0x00000000   Number         0  stubs.o ABSOLUTE
    _printf_u                                0x00000000   Number         0  stubs.o ABSOLUTE
    _printf_wc                               0x00000000   Number         0  stubs.o ABSOLUTE
    _printf_wctomb                           0x00000000   Number         0  stubs.o ABSOLUTE
    _printf_widthprec                        0x00000000   Number         0  stubs.o ABSOLUTE
    _printf_x                                0x00000000   Number         0  stubs.o ABSOLUTE
    __arm_fini_                               - Undefined Weak Reference
    __cpp_initialize__aeabi_                  - Undefined Weak Reference
    __cxa_finalize                            - Undefined Weak Reference
    __decompress                              - Undefined Weak Reference
    _clock_init                               - Undefined Weak Reference
    _microlib_exit                            - Undefined Weak Reference
    __Vectors_Size                           0x00000150   Number         0  startup_stm32f10x_cl.o ABSOLUTE
    __Vectors                                0x08000000   Data           4  startup_stm32f10x_cl.o(RESET)
    __Vectors_End                            0x08000150   Data           0  startup_stm32f10x_cl.o(RESET)
    __main                                   0x08000151   Thumb Code     0  entry.o(.ARM.Collect$$$$00000000)
    _main_stk                                0x08000151   Thumb Code     0  entry2.o(.ARM.Collect$$$$00000001)
    _main_scatterload                        0x08000155   Thumb Code     0  entry5.o(.ARM.Collect$$$$00000004)
    __main_after_scatterload                 0x08000159   Thumb Code     0  entry5.o(.ARM.Collect$$$$00000004)
    _main_clock                              0x08000159   Thumb Code     0  entry7b.o(.ARM.Collect$$$$00000008)
    _main_cpp_init                           0x08000159   Thumb Code     0  entry8b.o(.ARM.Collect$$$$0000000A)
    _main_init                               0x08000159   Thumb Code     0  entry9a.o(.ARM.Collect$$$$0000000B)
    __rt_lib_shutdown_fini                   0x08000161   Thumb Code     0  entry12b.o(.ARM.Collect$$$$0000000E)
    __rt_final_cpp                           0x08000165   Thumb Code     0  entry10a.o(.ARM.Collect$$$$0000000F)
    __rt_final_exit                          0x08000165   Thumb Code     0  entry11a.o(.ARM.Collect$$$$00000011)
    SVC_Handler                              0x08000169   Thumb Code    32  port.o(.emb_text)
    __asm___6_port_c_39a90d8d__prvStartFirstTask 0x0800018d   Thumb Code    28  port.o(.emb_text)
    PendSV_Handler                           0x080001ad   Thumb Code    72  port.o(.emb_text)
    vPortGetIPSR                             0x080001f9   Thumb Code     6  port.o(.emb_text)
    Reset_Handler                            0x08000201   Thumb Code     8  startup_stm32f10x_cl.o(.text)
    ADC1_2_IRQHandler                        0x0800021b   Thumb Code     0  startup_stm32f10x_cl.o(.text)
    CAN1_RX0_IRQHandler                      0x0800021b   Thumb Code     0  startup_stm32f10x_cl.o(.text)
    CAN1_RX1_IRQHandler                      0x0800021b   Thumb Code     0  startup_stm32f10x_cl.o(.text)
    CAN1_SCE_IRQHandler                      0x0800021b   Thumb Code     0  startup_stm32f10x_cl.o(.text)
    CAN1_TX_IRQHandler                       0x0800021b   Thumb Code     0  startup_stm32f10x_cl.o(.text)
    CAN2_RX0_IRQHandler                      0x0800021b   Thumb Code     0  startup_stm32f10x_cl.o(.text)
    CAN2_RX1_IRQHandler                      0x0800021b   Thumb Code     0  startup_stm32f10x_cl.o(.text)
    CAN2_SCE_IRQHandler                      0x0800021b   Thumb Code     0  startup_stm32f10x_cl.o(.text)
    CAN2_TX_IRQHandler                       0x0800021b   Thumb Code     0  startup_stm32f10x_cl.o(.text)
    DMA1_Channel1_IRQHandler                 0x0800021b   Thumb Code     0  startup_stm32f10x_cl.o(.text)
    DMA1_Channel2_IRQHandler                 0x0800021b   Thumb Code     0  startup_stm32f10x_cl.o(.text)
    DMA1_Channel3_IRQHandler                 0x0800021b   Thumb Code     0  startup_stm32f10x_cl.o(.text)
    DMA1_Channel4_IRQHandler                 0x0800021b   Thumb Code     0  startup_stm32f10x_cl.o(.text)
    DMA1_Channel5_IRQHandler                 0x0800021b   Thumb Code     0  startup_stm32f10x_cl.o(.text)
    DMA1_Channel6_IRQHandler                 0x0800021b   Thumb Code     0  startup_stm32f10x_cl.o(.text)
    DMA1_Channel7_IRQHandler                 0x0800021b   Thumb Code     0  startup_stm32f10x_cl.o(.text)
    DMA2_Channel1_IRQHandler                 0x0800021b   Thumb Code     0  startup_stm32f10x_cl.o(.text)
    DMA2_Channel2_IRQHandler                 0x0800021b   Thumb Code     0  startup_stm32f10x_cl.o(.text)
    DMA2_Channel3_IRQHandler                 0x0800021b   Thumb Code     0  startup_stm32f10x_cl.o(.text)
    DMA2_Channel4_IRQHandler                 0x0800021b   Thumb Code     0  startup_stm32f10x_cl.o(.text)
    DMA2_Channel5_IRQHandler                 0x0800021b   Thumb Code     0  startup_stm32f10x_cl.o(.text)
    ETH_IRQHandler                           0x0800021b   Thumb Code     0  startup_stm32f10x_cl.o(.text)
    ETH_WKUP_IRQHandler                      0x0800021b   Thumb Code     0  startup_stm32f10x_cl.o(.text)
    EXTI0_IRQHandler                         0x0800021b   Thumb Code     0  startup_stm32f10x_cl.o(.text)
    EXTI15_10_IRQHandler                     0x0800021b   Thumb Code     0  startup_stm32f10x_cl.o(.text)
    EXTI1_IRQHandler                         0x0800021b   Thumb Code     0  startup_stm32f10x_cl.o(.text)
    EXTI2_IRQHandler                         0x0800021b   Thumb Code     0  startup_stm32f10x_cl.o(.text)
    EXTI3_IRQHandler                         0x0800021b   Thumb Code     0  startup_stm32f10x_cl.o(.text)
    EXTI4_IRQHandler                         0x0800021b   Thumb Code     0  startup_stm32f10x_cl.o(.text)
    EXTI9_5_IRQHandler                       0x0800021b   Thumb Code     0  startup_stm32f10x_cl.o(.text)
    FLASH_IRQHandler                         0x0800021b   Thumb Code     0  startup_stm32f10x_cl.o(.text)
    I2C1_ER_IRQHandler                       0x0800021b   Thumb Code     0  startup_stm32f10x_cl.o(.text)
    I2C1_EV_IRQHandler                       0x0800021b   Thumb Code     0  startup_stm32f10x_cl.o(.text)
    I2C2_ER_IRQHandler                       0x0800021b   Thumb Code     0  startup_stm32f10x_cl.o(.text)
    I2C2_EV_IRQHandler                       0x0800021b   Thumb Code     0  startup_stm32f10x_cl.o(.text)
    OTG_FS_IRQHandler                        0x0800021b   Thumb Code     0  startup_stm32f10x_cl.o(.text)
    OTG_FS_WKUP_IRQHandler                   0x0800021b   Thumb Code     0  startup_stm32f10x_cl.o(.text)
    PVD_IRQHandler                           0x0800021b   Thumb Code     0  startup_stm32f10x_cl.o(.text)
    RCC_IRQHandler                           0x0800021b   Thumb Code     0  startup_stm32f10x_cl.o(.text)
    RTCAlarm_IRQHandler                      0x0800021b   Thumb Code     0  startup_stm32f10x_cl.o(.text)
    RTC_IRQHandler                           0x0800021b   Thumb Code     0  startup_stm32f10x_cl.o(.text)
    SPI1_IRQHandler                          0x0800021b   Thumb Code     0  startup_stm32f10x_cl.o(.text)
    SPI2_IRQHandler                          0x0800021b   Thumb Code     0  startup_stm32f10x_cl.o(.text)
    SPI3_IRQHandler                          0x0800021b   Thumb Code     0  startup_stm32f10x_cl.o(.text)
    TAMPER_IRQHandler                        0x0800021b   Thumb Code     0  startup_stm32f10x_cl.o(.text)
    TIM1_BRK_IRQHandler                      0x0800021b   Thumb Code     0  startup_stm32f10x_cl.o(.text)
    TIM1_CC_IRQHandler                       0x0800021b   Thumb Code     0  startup_stm32f10x_cl.o(.text)
    TIM1_TRG_COM_IRQHandler                  0x0800021b   Thumb Code     0  startup_stm32f10x_cl.o(.text)
    TIM1_UP_IRQHandler                       0x0800021b   Thumb Code     0  startup_stm32f10x_cl.o(.text)
    TIM2_IRQHandler                          0x0800021b   Thumb Code     0  startup_stm32f10x_cl.o(.text)
    TIM5_IRQHandler                          0x0800021b   Thumb Code     0  startup_stm32f10x_cl.o(.text)
    TIM6_IRQHandler                          0x0800021b   Thumb Code     0  startup_stm32f10x_cl.o(.text)
    TIM7_IRQHandler                          0x0800021b   Thumb Code     0  startup_stm32f10x_cl.o(.text)
    UART4_IRQHandler                         0x0800021b   Thumb Code     0  startup_stm32f10x_cl.o(.text)
    USART1_IRQHandler                        0x0800021b   Thumb Code     0  startup_stm32f10x_cl.o(.text)
    WWDG_IRQHandler                          0x0800021b   Thumb Code     0  startup_stm32f10x_cl.o(.text)
    __aeabi_memcpy                           0x08000225   Thumb Code    36  memcpya.o(.text)
    __aeabi_memcpy4                          0x08000225   Thumb Code     0  memcpya.o(.text)
    __aeabi_memcpy8                          0x08000225   Thumb Code     0  memcpya.o(.text)
    __aeabi_memset                           0x08000249   Thumb Code    14  memseta.o(.text)
    __aeabi_memset4                          0x08000249   Thumb Code     0  memseta.o(.text)
    __aeabi_memset8                          0x08000249   Thumb Code     0  memseta.o(.text)
    __aeabi_memclr                           0x08000257   Thumb Code     4  memseta.o(.text)
    __aeabi_memclr4                          0x08000257   Thumb Code     0  memseta.o(.text)
    __aeabi_memclr8                          0x08000257   Thumb Code     0  memseta.o(.text)
    _memset$wrapper                          0x0800025b   Thumb Code    18  memseta.o(.text)
    strlen                                   0x0800026d   Thumb Code    14  strlen.o(.text)
    strcpy                                   0x0800027b   Thumb Code    18  strcpy.o(.text)
    __aeabi_uldivmod                         0x0800028d   Thumb Code    98  uldiv.o(.text)
    __scatterload                            0x080002f1   Thumb Code    28  init.o(.text)
    __scatterload_rt2                        0x080002f1   Thumb Code     0  init.o(.text)
    __aeabi_llsl                             0x08000315   Thumb Code    30  llshl.o(.text)
    _ll_shift_l                              0x08000315   Thumb Code     0  llshl.o(.text)
    __aeabi_llsr                             0x08000333   Thumb Code    32  llushr.o(.text)
    _ll_ushift_r                             0x08000333   Thumb Code     0  llushr.o(.text)
    App_TempHum_show                         0x08000355   Thumb Code    62  app_al6630.o(i.App_TempHum_show)
    BusFault_Handler                         0x0800039d   Thumb Code     4  stm32f10x_it.o(i.BusFault_Handler)
    DMA_DeInit                               0x080003a1   Thumb Code   324  stm32f10x_dma.o(i.DMA_DeInit)
    DMA_Init                                 0x080004ed   Thumb Code    60  stm32f10x_dma.o(i.DMA_Init)
    DMA_SPI3_TX                              0x08000529   Thumb Code    74  hal_tftlcd.o(i.DMA_SPI3_TX)
    DebugMon_Handler                         0x08000579   Thumb Code     2  stm32f10x_it.o(i.DebugMon_Handler)
    EC200N_Task                              0x0800057d   Thumb Code   140  app_4g.o(i.EC200N_Task)
    GPIO_Init                                0x08000665   Thumb Code   278  stm32f10x_gpio.o(i.GPIO_Init)
    GPIO_PinRemapConfig                      0x0800077d   Thumb Code   138  stm32f10x_gpio.o(i.GPIO_PinRemapConfig)
    GPIO_ReadInputDataBit                    0x0800080d   Thumb Code    18  stm32f10x_gpio.o(i.GPIO_ReadInputDataBit)
    GPIO_ReadOutputDataBit                   0x0800081f   Thumb Code    18  stm32f10x_gpio.o(i.GPIO_ReadOutputDataBit)
    GPIO_ResetBits                           0x08000831   Thumb Code     4  stm32f10x_gpio.o(i.GPIO_ResetBits)
    GPIO_SetBits                             0x08000835   Thumb Code     4  stm32f10x_gpio.o(i.GPIO_SetBits)
    GPIO_WriteBit                            0x08000839   Thumb Code    10  stm32f10x_gpio.o(i.GPIO_WriteBit)
    Get_Humidity_Data                        0x08000845   Thumb Code     6  hal_al6630.o(i.Get_Humidity_Data)
    Get_Temperature_Data                     0x08000851   Thumb Code     6  hal_al6630.o(i.Get_Temperature_Data)
    Hal_Init                                 0x0800085d   Thumb Code    44  hal_init.o(i.Hal_Init)
    Hal_Usart_Init                           0x08000901   Thumb Code   548  hal_usart.o(i.Hal_Usart_Init)
    HardFault_Handler                        0x08000b45   Thumb Code     4  stm32f10x_it.o(i.HardFault_Handler)
    HumidityValue_Show                       0x08000b49   Thumb Code   174  app_al6630.o(i.HumidityValue_Show)
    Key_Handle                               0x08000bfd   Thumb Code   166  app_key.o(i.Key_Handle)
    Key_Task                                 0x08000da9   Thumb Code    54  app_key.o(i.Key_Task)
    LCD_Address_Set                          0x08000de5   Thumb Code    62  mt_tftlcd.o(i.LCD_Address_Set)
    LCD_Fill                                 0x08000e41   Thumb Code    88  mt_tftlcd.o(i.LCD_Fill)
    LCD_Open_Init                            0x08000e9d   Thumb Code   436  hal_tftlcd.o(i.LCD_Open_Init)
    LCD_ShowChar                             0x08001051   Thumb Code   348  mt_tftlcd.o(i.LCD_ShowChar)
    LCD_ShowPicture32PixFont                 0x080011c1   Thumb Code   110  mt_tftlcd.o(i.LCD_ShowPicture32PixFont)
    LCD_ShowString                           0x08001235   Thumb Code    66  mt_tftlcd.o(i.LCD_ShowString)
    LCD_WR_DATA                              0x08001277   Thumb Code    26  hal_tftlcd.o(i.LCD_WR_DATA)
    LCD_WR_DATA8                             0x08001291   Thumb Code    12  hal_tftlcd.o(i.LCD_WR_DATA8)
    LCD_WR_REG                               0x0800129d   Thumb Code    28  hal_tftlcd.o(i.LCD_WR_REG)
    LCD_Writ_Bus                             0x080012bd   Thumb Code    20  hal_tftlcd.o(i.LCD_Writ_Bus)
    Led_Task                                 0x080012d5   Thumb Code    56  app_led.o(i.Led_Task)
    Lora_Task                                0x08001311   Thumb Code   352  app_lora.o(i.Lora_Task)
    MemManage_Handler                        0x08001479   Thumb Code     4  stm32f10x_it.o(i.MemManage_Handler)
    NMI_Handler                              0x0800147d   Thumb Code     2  stm32f10x_it.o(i.NMI_Handler)
    NVIC_Init                                0x08001481   Thumb Code   100  misc.o(i.NVIC_Init)
    NVIC_PriorityGroupConfig                 0x080014f1   Thumb Code    10  misc.o(i.NVIC_PriorityGroupConfig)
    RCC_AHBPeriphClockCmd                    0x08001505   Thumb Code    26  stm32f10x_rcc.o(i.RCC_AHBPeriphClockCmd)
    RCC_APB1PeriphClockCmd                   0x08001525   Thumb Code    26  stm32f10x_rcc.o(i.RCC_APB1PeriphClockCmd)
    RCC_APB1PeriphResetCmd                   0x08001545   Thumb Code    26  stm32f10x_rcc.o(i.RCC_APB1PeriphResetCmd)
    RCC_APB2PeriphClockCmd                   0x08001565   Thumb Code    26  stm32f10x_rcc.o(i.RCC_APB2PeriphClockCmd)
    RCC_APB2PeriphResetCmd                   0x08001585   Thumb Code    26  stm32f10x_rcc.o(i.RCC_APB2PeriphResetCmd)
    RCC_GetClocksFreq                        0x080015a5   Thumb Code   374  stm32f10x_rcc.o(i.RCC_GetClocksFreq)
    SPI_Cmd                                  0x08001735   Thumb Code    24  stm32f10x_spi.o(i.SPI_Cmd)
    SPI_I2S_DMACmd                           0x0800174d   Thumb Code    18  stm32f10x_spi.o(i.SPI_I2S_DMACmd)
    SPI_Init                                 0x0800175f   Thumb Code    60  stm32f10x_spi.o(i.SPI_Init)
    Str_TemHum_Init                          0x080018bd   Thumb Code    26  hal_al6630.o(i.Str_TemHum_Init)
    SysTick_CLKSourceConfig                  0x080018dd   Thumb Code    40  misc.o(i.SysTick_CLKSourceConfig)
    SysTick_Handler                          0x08001905   Thumb Code    16  stm32f10x_it.o(i.SysTick_Handler)
    SysTick_Init                             0x08001915   Thumb Code    76  systick.o(i.SysTick_Init)
    SystemInit                               0x08001971   Thumb Code    92  system_stm32f10x.o(i.SystemInit)
    TIM3_IRQHandler                          0x08001c1d   Thumb Code   198  hal_al6630.o(i.TIM3_IRQHandler)
    TIM4_IRQHandler                          0x08001ced   Thumb Code    16  hal_timer.o(i.TIM4_IRQHandler)
    TIM_ClearFlag                            0x08001d01   Thumb Code     6  stm32f10x_tim.o(i.TIM_ClearFlag)
    TIM_ClearITPendingBit                    0x08001d07   Thumb Code     6  stm32f10x_tim.o(i.TIM_ClearITPendingBit)
    TIM_Cmd                                  0x08001d0d   Thumb Code    24  stm32f10x_tim.o(i.TIM_Cmd)
    TIM_DeInit                               0x08001d25   Thumb Code   424  stm32f10x_tim.o(i.TIM_DeInit)
    TIM_GetCapture2                          0x08001f0d   Thumb Code     6  stm32f10x_tim.o(i.TIM_GetCapture2)
    TIM_GetITStatus                          0x08001f13   Thumb Code    34  stm32f10x_tim.o(i.TIM_GetITStatus)
    TIM_ICInit                               0x08001f35   Thumb Code   150  stm32f10x_tim.o(i.TIM_ICInit)
    TIM_ITConfig                             0x08001fe1   Thumb Code    18  stm32f10x_tim.o(i.TIM_ITConfig)
    TIM_SetCounter                           0x08001ff3   Thumb Code     4  stm32f10x_tim.o(i.TIM_SetCounter)
    TIM_SetIC1Prescaler                      0x08001ff7   Thumb Code    18  stm32f10x_tim.o(i.TIM_SetIC1Prescaler)
    TIM_SetIC2Prescaler                      0x08002009   Thumb Code    26  stm32f10x_tim.o(i.TIM_SetIC2Prescaler)
    TIM_SetIC3Prescaler                      0x08002023   Thumb Code    18  stm32f10x_tim.o(i.TIM_SetIC3Prescaler)
    TIM_SetIC4Prescaler                      0x08002035   Thumb Code    26  stm32f10x_tim.o(i.TIM_SetIC4Prescaler)
    TIM_TimeBaseInit                         0x08002051   Thumb Code   122  stm32f10x_tim.o(i.TIM_TimeBaseInit)
    TemHum_Task                              0x080020f5   Thumb Code    18  app_al6630.o(i.TemHum_Task)
    TemperatureValue_Show                    0x08002109   Thumb Code   174  app_al6630.o(i.TemperatureValue_Show)
    Test_Task                                0x080021bd   Thumb Code   106  test.o(i.Test_Task)
    TftLcd_Task                              0x080022c5   Thumb Code    18  app_tftlcd.o(i.TftLcd_Task)
    Tftlcd_Clear                             0x080022d7   Thumb Code    20  app_tftlcd.o(i.Tftlcd_Clear)
    UART5_IRQHandler                         0x080022ed   Thumb Code   154  hal_usart.o(i.UART5_IRQHandler)
    USART2_IRQHandler                        0x0800239d   Thumb Code   122  hal_usart.o(i.USART2_IRQHandler)
    USART3_IRQHandler                        0x08002429   Thumb Code   122  hal_usart.o(i.USART3_IRQHandler)
    USART_ClearITPendingBit                  0x080024b5   Thumb Code    30  stm32f10x_usart.o(i.USART_ClearITPendingBit)
    USART_Cmd                                0x080024d3   Thumb Code    24  stm32f10x_usart.o(i.USART_Cmd)
    USART_GetFlagStatus                      0x080024eb   Thumb Code    26  stm32f10x_usart.o(i.USART_GetFlagStatus)
    USART_GetITStatus                        0x08002505   Thumb Code    84  stm32f10x_usart.o(i.USART_GetITStatus)
    USART_ITConfig                           0x08002559   Thumb Code    74  stm32f10x_usart.o(i.USART_ITConfig)
    USART_Init                               0x080025a5   Thumb Code   210  stm32f10x_usart.o(i.USART_Init)
    USART_ReceiveData                        0x0800267d   Thumb Code    10  stm32f10x_usart.o(i.USART_ReceiveData)
    USART_SendData                           0x08002687   Thumb Code     8  stm32f10x_usart.o(i.USART_SendData)
    UsageFault_Handler                       0x0800268f   Thumb Code     4  stm32f10x_it.o(i.UsageFault_Handler)
    Wifi_Task                                0x08002695   Thumb Code    46  app_wifi.o(i.Wifi_Task)
    __0printf$5                              0x080026c9   Thumb Code    22  printf5.o(i.__0printf$5)
    __1printf$5                              0x080026c9   Thumb Code     0  printf5.o(i.__0printf$5)
    __2printf                                0x080026c9   Thumb Code     0  printf5.o(i.__0printf$5)
    __0sprintf$5                             0x080026e9   Thumb Code    34  printf5.o(i.__0sprintf$5)
    __1sprintf$5                             0x080026e9   Thumb Code     0  printf5.o(i.__0sprintf$5)
    __2sprintf                               0x080026e9   Thumb Code     0  printf5.o(i.__0sprintf$5)
    __scatterload_copy                       0x08002711   Thumb Code    14  handlers.o(i.__scatterload_copy)
    __scatterload_null                       0x0800271f   Thumb Code     2  handlers.o(i.__scatterload_null)
    __scatterload_zeroinit                   0x08002721   Thumb Code    14  handlers.o(i.__scatterload_zeroinit)
    delay_1msTest                            0x080029fb   Thumb Code    18  hal_gpio.o(i.delay_1msTest)
    eTaskGetState                            0x08002a0d   Thumb Code    88  tasks.o(i.eTaskGetState)
    fputc                                    0x08002a79   Thumb Code    20  hal_usart.o(i.fputc)
    hal_Al6630_Init                          0x08002a91   Thumb Code    24  hal_al6630.o(i.hal_Al6630_Init)
    hal_CreatTimer                           0x08002aad   Thumb Code    50  hal_timer.o(i.hal_CreatTimer)
    hal_GPIO_4GPowerKey_H                    0x08002ae5   Thumb Code    12  hal_gpio.o(i.hal_GPIO_4GPowerKey_H)
    hal_GPIO_4GPowerKey_L                    0x08002af5   Thumb Code    12  hal_gpio.o(i.hal_GPIO_4GPowerKey_L)
    hal_GPIO_WIFIPowerEN_H                   0x08002b15   Thumb Code    12  hal_gpio.o(i.hal_GPIO_WIFIPowerEN_H)
    hal_GPIO_WIFIPowerEN_L                   0x08002b25   Thumb Code    12  hal_gpio.o(i.hal_GPIO_WIFIPowerEN_L)
    hal_GetTemHum_Proc                       0x08002b35   Thumb Code   174  hal_al6630.o(i.hal_GetTemHum_Proc)
    hal_Gpio_AcStateCheck                    0x08002bf5   Thumb Code    68  hal_gpio.o(i.hal_Gpio_AcStateCheck)
    hal_Gpio_Init                            0x08002c41   Thumb Code   116  hal_gpio.o(i.hal_Gpio_Init)
    hal_Key_Init                             0x08002d99   Thumb Code    50  hal_key.o(i.hal_Key_Init)
    hal_Key_Proc                             0x08002ddd   Thumb Code   256  hal_key.o(i.hal_Key_Proc)
    hal_LedInit                              0x08002f2d   Thumb Code     8  hal_led.o(i.hal_LedInit)
    hal_LedTurn                              0x08002f35   Thumb Code    60  hal_led.o(i.hal_LedTurn)
    hal_Oled_Display_on                      0x08002f75   Thumb Code    14  hal_tftlcd.o(i.hal_Oled_Display_on)
    hal_ResetTimer                           0x08002f89   Thumb Code    46  hal_timer.o(i.hal_ResetTimer)
    hal_SC8002Config                         0x08002fbd   Thumb Code    38  hal_wtn6.o(i.hal_SC8002Config)
    hal_Wtn6_Init                            0x0800309d   Thumb Code    28  hal_wtn6.o(i.hal_Wtn6_Init)
    hal_Wtn6_Play                            0x080030c5   Thumb Code    82  hal_wtn6.o(i.hal_Wtn6_Play)
    hal_oled_RestH                           0x080032dd   Thumb Code    14  hal_tftlcd.o(i.hal_oled_RestH)
    hal_oled_RestL                           0x080032f1   Thumb Code    14  hal_tftlcd.o(i.hal_oled_RestL)
    hal_spi2CSDrive                          0x08003305   Thumb Code    30  hal_flash.o(i.hal_spi2CSDrive)
    hal_spi2Init                             0x08003329   Thumb Code   176  hal_flash.o(i.hal_spi2Init)
    hal_tftlcd_Init                          0x080033ed   Thumb Code   312  hal_tftlcd.o(i.hal_tftlcd_Init)
    hal_timer_Init                           0x08003671   Thumb Code    64  hal_timer.o(i.hal_timer_Init)
    main                                     0x080036b5   Thumb Code   184  main.o(i.main)
    pvPortMalloc                             0x08003ed1   Thumb Code   188  heap_4.o(i.pvPortMalloc)
    pvTaskIncrementMutexHeldCount            0x08003fa1   Thumb Code    26  tasks.o(i.pvTaskIncrementMutexHeldCount)
    pxPortInitialiseStack                    0x08003fc1   Thumb Code    30  port.o(i.pxPortInitialiseStack)
    showSystemTime                           0x08003fe5   Thumb Code   304  app_tftlcd.o(i.showSystemTime)
    tick_check                               0x08004125   Thumb Code    36  systick.o(i.tick_check)
    uxListRemove                             0x08004149   Thumb Code    40  list.o(i.uxListRemove)
    uxTaskGetSystemState                     0x08004171   Thumb Code   152  tasks.o(i.uxTaskGetSystemState)
    vListInitialise                          0x08004221   Thumb Code    26  list.o(i.vListInitialise)
    vListInitialiseItem                      0x0800423b   Thumb Code     6  list.o(i.vListInitialiseItem)
    vListInsert                              0x08004241   Thumb Code    52  list.o(i.vListInsert)
    vListInsertEnd                           0x08004275   Thumb Code    24  list.o(i.vListInsertEnd)
    vPortEnterCritical                       0x0800428d   Thumb Code    30  port.o(i.vPortEnterCritical)
    vPortExitCritical                        0x080042b1   Thumb Code    28  port.o(i.vPortExitCritical)
    vPortFree                                0x080042d1   Thumb Code    64  heap_4.o(i.vPortFree)
    vPortSetupTimerInterrupt                 0x08004319   Thumb Code    36  port.o(i.vPortSetupTimerInterrupt)
    vTaskDelay                               0x08004341   Thumb Code    46  tasks.o(i.vTaskDelay)
    vTaskGetInfo                             0x08004375   Thumb Code   126  tasks.o(i.vTaskGetInfo)
    vTaskInternalSetTimeOutState             0x080043f9   Thumb Code    14  tasks.o(i.vTaskInternalSetTimeOutState)
    vTaskList                                0x08004411   Thumb Code   204  tasks.o(i.vTaskList)
    vTaskMissedYield                         0x080044f1   Thumb Code     8  tasks.o(i.vTaskMissedYield)
    vTaskPlaceOnEventList                    0x080044fd   Thumb Code    28  tasks.o(i.vTaskPlaceOnEventList)
    vTaskPriorityDisinheritAfterTimeout      0x0800451d   Thumb Code   166  tasks.o(i.vTaskPriorityDisinheritAfterTimeout)
    vTaskStartScheduler                      0x080045cd   Thumb Code    72  tasks.o(i.vTaskStartScheduler)
    vTaskSuspendAll                          0x08004631   Thumb Code    12  tasks.o(i.vTaskSuspendAll)
    vTaskSwitchContext                       0x08004641   Thumb Code    76  tasks.o(i.vTaskSwitchContext)
    wifi_PowerManage                         0x080046a1   Thumb Code    70  app_wifi.o(i.wifi_PowerManage)
    xPortStartScheduler                      0x080046ed   Thumb Code    42  port.o(i.xPortStartScheduler)
    xPortSysTickHandler                      0x08004721   Thumb Code    46  port.o(i.xPortSysTickHandler)
    xQueueCreateMutex                        0x08004755   Thumb Code    34  queue.o(i.xQueueCreateMutex)
    xQueueGenericCreate                      0x08004777   Thumb Code    56  queue.o(i.xQueueGenericCreate)
    xQueueGenericReset                       0x080047b1   Thumb Code   122  queue.o(i.xQueueGenericReset)
    xQueueGenericSend                        0x08004831   Thumb Code   308  queue.o(i.xQueueGenericSend)
    xQueueGenericSendFromISR                 0x08004969   Thumb Code   156  queue.o(i.xQueueGenericSendFromISR)
    xQueueReceive                            0x08004a05   Thumb Code   256  queue.o(i.xQueueReceive)
    xQueueSemaphoreTake                      0x08004b09   Thumb Code   300  queue.o(i.xQueueSemaphoreTake)
    xTaskCheckForTimeOut                     0x08004c39   Thumb Code    84  tasks.o(i.xTaskCheckForTimeOut)
    xTaskCreate                              0x08004c95   Thumb Code    96  tasks.o(i.xTaskCreate)
    xTaskGetSchedulerState                   0x08004cf5   Thumb Code    24  tasks.o(i.xTaskGetSchedulerState)
    xTaskGetTickCount                        0x08004d15   Thumb Code     6  tasks.o(i.xTaskGetTickCount)
    xTaskIncrementTick                       0x08004d21   Thumb Code   238  tasks.o(i.xTaskIncrementTick)
    xTaskPriorityDisinherit                  0x08004e3d   Thumb Code   122  tasks.o(i.xTaskPriorityDisinherit)
    xTaskPriorityInherit                     0x08004ec1   Thumb Code   186  tasks.o(i.xTaskPriorityInherit)
    xTaskRemoveFromEventList                 0x08004f89   Thumb Code   104  tasks.o(i.xTaskRemoveFromEventList)
    xTaskResumeAll                           0x08005009   Thumb Code   196  tasks.o(i.xTaskResumeAll)
    ascii_1206                               0x080050f0   Data        1140  lcdfont.o(.constdata)
    ascii_1608                               0x08005564   Data        1520  lcdfont.o(.constdata)
    ascii_2412                               0x08005b54   Data        4560  lcdfont.o(.constdata)
    ascii_3216                               0x08006d24   Data        6080  lcdfont.o(.constdata)
    ascii_4824                               0x080084e4   Data       13680  lcdfont.o(.constdata)
    gImage_wifiSigal                         0x0800ba54   Data        2432  lcdfont.o(.constdata)
    Region$$Table$$Base                      0x0800c3d4   Number         0  anon$$obj.o(Region$$Table)
    Region$$Table$$Limit                     0x0800c3f4   Number         0  anon$$obj.o(Region$$Table)
    wtn6                                     0x20000006   Data          40  hal_wtn6.o(.data)
    Wtn6Playflag                             0x2000002e   Data           1  hal_wtn6.o(.data)
    Wtn6VolueNum                             0x2000002f   Data           1  hal_wtn6.o(.data)
    Wtn6NextNum                              0x20000030   Data           1  hal_wtn6.o(.data)
    Wtn6Timer                                0x20000032   Data           2  hal_wtn6.o(.data)
    get_key_sta                              0x2000003c   Data          20  hal_key.o(.data)
    LedTask_Handle                           0x20000050   Data           4  main.o(.data)
    KeyTask_Handle                           0x20000054   Data           4  main.o(.data)
    TftLcd_Task_Handle                       0x20000058   Data           4  main.o(.data)
    TemHum_Task_Handle                       0x2000005c   Data           4  main.o(.data)
    Test_Task_Handle                         0x20000060   Data           4  main.o(.data)
    Wifi_Task_Handle                         0x20000064   Data           4  main.o(.data)
    Lora_Task_Handle                         0x20000068   Data           4  main.o(.data)
    EC200N_Task_Handle                       0x2000006c   Data           4  main.o(.data)
    SystemCoreClock                          0x20000070   Data           4  system_stm32f10x.o(.data)
    AHBPrescTable                            0x20000074   Data          16  system_stm32f10x.o(.data)
    KeyQueue                                 0x20000088   Data           4  app_key.o(.data)
    KeyEvent                                 0x2000008c   Data           4  app_key.o(.data)
    Wifi_Queue                               0x20000094   Data           4  app_wifi.o(.data)
    LoraQueue                                0x2000009c   Data           4  app_lora.o(.data)
    EC200N_Queue                             0x200000a0   Data           4  app_4g.o(.data)
    pxCurrentTCB                             0x200000c0   Data           4  tasks.o(.data)
    __stdout                                 0x20000120   Data           4  stdout.o(.data)
    Stu_Timer                                0x20000124   Data          24  hal_timer.o(.bss)
    TemHum_Para                              0x2000013c   Data          20  hal_al6630.o(.bss)
    KeyState                                 0x20000150   Data          16  hal_key.o(.bss)
    KeyScanTime                              0x20000160   Data          32  hal_key.o(.bss)
    KeyPressLongTimer                        0x20000180   Data          32  hal_key.o(.bss)
    KeyContPressTimer                        0x200001a0   Data          32  hal_key.o(.bss)
    Key_PressValue                           0x200001c0   Data          16  hal_key.o(.bss)
    ColorBuf                                 0x200094b4   Data         640  mt_tftlcd.o(.bss)
    __initial_sp                             0x20009b38   Data           0  startup_stm32f10x_cl.o(STACK)



==============================================================================

Memory Map of the image

  Image Entry point : 0x08000151

  Load Region LR_IROM1 (Base: 0x08000000, Size: 0x0000c518, Max: 0x00040000, ABSOLUTE)

    Execution Region ER_IROM1 (Exec base: 0x08000000, Load base: 0x08000000, Size: 0x0000c3f4, Max: 0x00040000, ABSOLUTE)

    Exec Addr    Load Addr    Size         Type   Attr      Idx    E Section Name        Object

    0x08000000   0x08000000   0x00000150   Data   RO         1016    RESET               startup_stm32f10x_cl.o
    0x08000150   0x08000150   0x00000000   Code   RO         5157  * .ARM.Collect$$$$00000000  mc_w.l(entry.o)
    0x08000150   0x08000150   0x00000004   Code   RO         5431    .ARM.Collect$$$$00000001  mc_w.l(entry2.o)
    0x08000154   0x08000154   0x00000004   Code   RO         5434    .ARM.Collect$$$$00000004  mc_w.l(entry5.o)
    0x08000158   0x08000158   0x00000000   Code   RO         5436    .ARM.Collect$$$$00000008  mc_w.l(entry7b.o)
    0x08000158   0x08000158   0x00000000   Code   RO         5438    .ARM.Collect$$$$0000000A  mc_w.l(entry8b.o)
    0x08000158   0x08000158   0x00000008   Code   RO         5439    .ARM.Collect$$$$0000000B  mc_w.l(entry9a.o)
    0x08000160   0x08000160   0x00000004   Code   RO         5446    .ARM.Collect$$$$0000000E  mc_w.l(entry12b.o)
    0x08000164   0x08000164   0x00000000   Code   RO         5441    .ARM.Collect$$$$0000000F  mc_w.l(entry10a.o)
    0x08000164   0x08000164   0x00000000   Code   RO         5443    .ARM.Collect$$$$00000011  mc_w.l(entry11a.o)
    0x08000164   0x08000164   0x00000004   Code   RO         5432    .ARM.Collect$$$$00002712  mc_w.l(entry2.o)
    0x08000168   0x08000168   0x00000096   Code   RO         4853    .emb_text           port.o
    0x080001fe   0x080001fe   0x00000002   PAD
    0x08000200   0x08000200   0x00000024   Code   RO         1017    .text               startup_stm32f10x_cl.o
    0x08000224   0x08000224   0x00000024   Code   RO         5160    .text               mc_w.l(memcpya.o)
    0x08000248   0x08000248   0x00000024   Code   RO         5162    .text               mc_w.l(memseta.o)
    0x0800026c   0x0800026c   0x0000000e   Code   RO         5164    .text               mc_w.l(strlen.o)
    0x0800027a   0x0800027a   0x00000012   Code   RO         5166    .text               mc_w.l(strcpy.o)
    0x0800028c   0x0800028c   0x00000062   Code   RO         5450    .text               mc_w.l(uldiv.o)
    0x080002ee   0x080002ee   0x00000002   PAD
    0x080002f0   0x080002f0   0x00000024   Code   RO         5463    .text               mc_w.l(init.o)
    0x08000314   0x08000314   0x0000001e   Code   RO         5465    .text               mc_w.l(llshl.o)
    0x08000332   0x08000332   0x00000020   Code   RO         5467    .text               mc_w.l(llushr.o)
    0x08000352   0x08000352   0x00000002   PAD
    0x08000354   0x08000354   0x00000048   Code   RO          871    i.App_TempHum_show  app_al6630.o
    0x0800039c   0x0800039c   0x00000004   Code   RO          701    i.BusFault_Handler  stm32f10x_it.o
    0x080003a0   0x080003a0   0x0000014c   Code   RO         1750    i.DMA_DeInit        stm32f10x_dma.o
    0x080004ec   0x080004ec   0x0000003c   Code   RO         1755    i.DMA_Init          stm32f10x_dma.o
    0x08000528   0x08000528   0x00000050   Code   RO          341    i.DMA_SPI3_TX       hal_tftlcd.o
    0x08000578   0x08000578   0x00000002   Code   RO          702    i.DebugMon_Handler  stm32f10x_it.o
    0x0800057a   0x0800057a   0x00000002   PAD
    0x0800057c   0x0800057c   0x000000b4   Code   RO          981    i.EC200N_Task       app_4g.o
    0x08000630   0x08000630   0x00000034   Code   RO          982    i.EC200S_PutOnHandler  app_4g.o
    0x08000664   0x08000664   0x00000116   Code   RO         2173    i.GPIO_Init         stm32f10x_gpio.o
    0x0800077a   0x0800077a   0x00000002   PAD
    0x0800077c   0x0800077c   0x00000090   Code   RO         2175    i.GPIO_PinRemapConfig  stm32f10x_gpio.o
    0x0800080c   0x0800080c   0x00000012   Code   RO         2177    i.GPIO_ReadInputDataBit  stm32f10x_gpio.o
    0x0800081e   0x0800081e   0x00000012   Code   RO         2179    i.GPIO_ReadOutputDataBit  stm32f10x_gpio.o
    0x08000830   0x08000830   0x00000004   Code   RO         2180    i.GPIO_ResetBits    stm32f10x_gpio.o
    0x08000834   0x08000834   0x00000004   Code   RO         2181    i.GPIO_SetBits      stm32f10x_gpio.o
    0x08000838   0x08000838   0x0000000a   Code   RO         2184    i.GPIO_WriteBit     stm32f10x_gpio.o
    0x08000842   0x08000842   0x00000002   PAD
    0x08000844   0x08000844   0x0000000c   Code   RO          544    i.Get_Humidity_Data  hal_al6630.o
    0x08000850   0x08000850   0x0000000c   Code   RO          545    i.Get_Temperature_Data  hal_al6630.o
    0x0800085c   0x0800085c   0x0000002c   Code   RO          115    i.Hal_Init          hal_init.o
    0x08000888   0x08000888   0x00000078   Code   RO          480    i.Hal_TimerHandle   hal_timer.o
    0x08000900   0x08000900   0x00000244   Code   RO          194    i.Hal_Usart_Init    hal_usart.o
    0x08000b44   0x08000b44   0x00000004   Code   RO          703    i.HardFault_Handler  stm32f10x_it.o
    0x08000b48   0x08000b48   0x000000b4   Code   RO          872    i.HumidityValue_Show  app_al6630.o
    0x08000bfc   0x08000bfc   0x000001ac   Code   RO          796    i.Key_Handle        app_key.o
    0x08000da8   0x08000da8   0x0000003c   Code   RO          797    i.Key_Task          app_key.o
    0x08000de4   0x08000de4   0x0000003e   Code   RO         5092    i.LCD_Address_Set   mt_tftlcd.o
    0x08000e22   0x08000e22   0x0000001c   Code   RO         5093    i.LCD_DrawPoint     mt_tftlcd.o
    0x08000e3e   0x08000e3e   0x00000002   PAD
    0x08000e40   0x08000e40   0x0000005c   Code   RO         5094    i.LCD_Fill          mt_tftlcd.o
    0x08000e9c   0x08000e9c   0x000001b4   Code   RO          342    i.LCD_Open_Init     hal_tftlcd.o
    0x08001050   0x08001050   0x00000170   Code   RO         5095    i.LCD_ShowChar      mt_tftlcd.o
    0x080011c0   0x080011c0   0x00000074   Code   RO         5096    i.LCD_ShowPicture32PixFont  mt_tftlcd.o
    0x08001234   0x08001234   0x00000042   Code   RO         5097    i.LCD_ShowString    mt_tftlcd.o
    0x08001276   0x08001276   0x0000001a   Code   RO          343    i.LCD_WR_DATA       hal_tftlcd.o
    0x08001290   0x08001290   0x0000000c   Code   RO          344    i.LCD_WR_DATA8      hal_tftlcd.o
    0x0800129c   0x0800129c   0x00000020   Code   RO          345    i.LCD_WR_REG        hal_tftlcd.o
    0x080012bc   0x080012bc   0x00000018   Code   RO          346    i.LCD_Writ_Bus      hal_tftlcd.o
    0x080012d4   0x080012d4   0x0000003c   Code   RO          783    i.Led_Task          app_led.o
    0x08001310   0x08001310   0x00000168   Code   RO          950    i.Lora_Task         app_lora.o
    0x08001478   0x08001478   0x00000004   Code   RO          704    i.MemManage_Handler  stm32f10x_it.o
    0x0800147c   0x0800147c   0x00000002   Code   RO          705    i.NMI_Handler       stm32f10x_it.o
    0x0800147e   0x0800147e   0x00000002   PAD
    0x08001480   0x08001480   0x00000070   Code   RO         1022    i.NVIC_Init         misc.o
    0x080014f0   0x080014f0   0x00000014   Code   RO         1023    i.NVIC_PriorityGroupConfig  misc.o
    0x08001504   0x08001504   0x00000020   Code   RO         2588    i.RCC_AHBPeriphClockCmd  stm32f10x_rcc.o
    0x08001524   0x08001524   0x00000020   Code   RO         2590    i.RCC_APB1PeriphClockCmd  stm32f10x_rcc.o
    0x08001544   0x08001544   0x00000020   Code   RO         2591    i.RCC_APB1PeriphResetCmd  stm32f10x_rcc.o
    0x08001564   0x08001564   0x00000020   Code   RO         2592    i.RCC_APB2PeriphClockCmd  stm32f10x_rcc.o
    0x08001584   0x08001584   0x00000020   Code   RO         2593    i.RCC_APB2PeriphResetCmd  stm32f10x_rcc.o
    0x080015a4   0x080015a4   0x00000190   Code   RO         2600    i.RCC_GetClocksFreq  stm32f10x_rcc.o
    0x08001734   0x08001734   0x00000018   Code   RO         3122    i.SPI_Cmd           stm32f10x_spi.o
    0x0800174c   0x0800174c   0x00000012   Code   RO         3128    i.SPI_I2S_DMACmd    stm32f10x_spi.o
    0x0800175e   0x0800175e   0x0000003c   Code   RO         3135    i.SPI_Init          stm32f10x_spi.o
    0x0800179a   0x0800179a   0x00000008   Code   RO          752    i.SetSysClock       system_stm32f10x.o
    0x080017a2   0x080017a2   0x00000002   PAD
    0x080017a4   0x080017a4   0x00000118   Code   RO          753    i.SetSysClockTo72   system_stm32f10x.o
    0x080018bc   0x080018bc   0x00000020   Code   RO          546    i.Str_TemHum_Init   hal_al6630.o
    0x080018dc   0x080018dc   0x00000028   Code   RO         1026    i.SysTick_CLKSourceConfig  misc.o
    0x08001904   0x08001904   0x00000010   Code   RO          706    i.SysTick_Handler   stm32f10x_it.o
    0x08001914   0x08001914   0x0000005c   Code   RO         4924    i.SysTick_Init      systick.o
    0x08001970   0x08001970   0x0000006c   Code   RO          755    i.SystemInit        system_stm32f10x.o
    0x080019dc   0x080019dc   0x00000080   Code   RO         3261    i.TI1_Config        stm32f10x_tim.o
    0x08001a5c   0x08001a5c   0x00000098   Code   RO         3262    i.TI2_Config        stm32f10x_tim.o
    0x08001af4   0x08001af4   0x00000090   Code   RO         3263    i.TI3_Config        stm32f10x_tim.o
    0x08001b84   0x08001b84   0x00000098   Code   RO         3264    i.TI4_Config        stm32f10x_tim.o
    0x08001c1c   0x08001c1c   0x000000d0   Code   RO          547    i.TIM3_IRQHandler   hal_al6630.o
    0x08001cec   0x08001cec   0x00000014   Code   RO          481    i.TIM4_IRQHandler   hal_timer.o
    0x08001d00   0x08001d00   0x00000006   Code   RO         3271    i.TIM_ClearFlag     stm32f10x_tim.o
    0x08001d06   0x08001d06   0x00000006   Code   RO         3272    i.TIM_ClearITPendingBit  stm32f10x_tim.o
    0x08001d0c   0x08001d0c   0x00000018   Code   RO         3277    i.TIM_Cmd           stm32f10x_tim.o
    0x08001d24   0x08001d24   0x000001e8   Code   RO         3282    i.TIM_DeInit        stm32f10x_tim.o
    0x08001f0c   0x08001f0c   0x00000006   Code   RO         3293    i.TIM_GetCapture2   stm32f10x_tim.o
    0x08001f12   0x08001f12   0x00000022   Code   RO         3298    i.TIM_GetITStatus   stm32f10x_tim.o
    0x08001f34   0x08001f34   0x000000ac   Code   RO         3300    i.TIM_ICInit        stm32f10x_tim.o
    0x08001fe0   0x08001fe0   0x00000012   Code   RO         3302    i.TIM_ITConfig      stm32f10x_tim.o
    0x08001ff2   0x08001ff2   0x00000004   Code   RO         3342    i.TIM_SetCounter    stm32f10x_tim.o
    0x08001ff6   0x08001ff6   0x00000012   Code   RO         3343    i.TIM_SetIC1Prescaler  stm32f10x_tim.o
    0x08002008   0x08002008   0x0000001a   Code   RO         3344    i.TIM_SetIC2Prescaler  stm32f10x_tim.o
    0x08002022   0x08002022   0x00000012   Code   RO         3345    i.TIM_SetIC3Prescaler  stm32f10x_tim.o
    0x08002034   0x08002034   0x0000001a   Code   RO         3346    i.TIM_SetIC4Prescaler  stm32f10x_tim.o
    0x0800204e   0x0800204e   0x00000002   PAD
    0x08002050   0x08002050   0x000000a4   Code   RO         3348    i.TIM_TimeBaseInit  stm32f10x_tim.o
    0x080020f4   0x080020f4   0x00000012   Code   RO          873    i.TemHum_Task       app_al6630.o
    0x08002106   0x08002106   0x00000002   PAD
    0x08002108   0x08002108   0x000000b4   Code   RO          874    i.TemperatureValue_Show  app_al6630.o
    0x080021bc   0x080021bc   0x00000108   Code   RO         4980    i.Test_Task         test.o
    0x080022c4   0x080022c4   0x00000012   Code   RO          833    i.TftLcd_Task       app_tftlcd.o
    0x080022d6   0x080022d6   0x00000014   Code   RO          834    i.Tftlcd_Clear      app_tftlcd.o
    0x080022ea   0x080022ea   0x00000002   PAD
    0x080022ec   0x080022ec   0x000000b0   Code   RO          195    i.UART5_IRQHandler  hal_usart.o
    0x0800239c   0x0800239c   0x0000008c   Code   RO          196    i.USART2_IRQHandler  hal_usart.o
    0x08002428   0x08002428   0x0000008c   Code   RO          197    i.USART3_IRQHandler  hal_usart.o
    0x080024b4   0x080024b4   0x0000001e   Code   RO         3810    i.USART_ClearITPendingBit  stm32f10x_usart.o
    0x080024d2   0x080024d2   0x00000018   Code   RO         3813    i.USART_Cmd         stm32f10x_usart.o
    0x080024ea   0x080024ea   0x0000001a   Code   RO         3816    i.USART_GetFlagStatus  stm32f10x_usart.o
    0x08002504   0x08002504   0x00000054   Code   RO         3817    i.USART_GetITStatus  stm32f10x_usart.o
    0x08002558   0x08002558   0x0000004a   Code   RO         3819    i.USART_ITConfig    stm32f10x_usart.o
    0x080025a2   0x080025a2   0x00000002   PAD
    0x080025a4   0x080025a4   0x000000d8   Code   RO         3820    i.USART_Init        stm32f10x_usart.o
    0x0800267c   0x0800267c   0x0000000a   Code   RO         3827    i.USART_ReceiveData  stm32f10x_usart.o
    0x08002686   0x08002686   0x00000008   Code   RO         3830    i.USART_SendData    stm32f10x_usart.o
    0x0800268e   0x0800268e   0x00000004   Code   RO          707    i.UsageFault_Handler  stm32f10x_it.o
    0x08002692   0x08002692   0x00000002   PAD
    0x08002694   0x08002694   0x00000034   Code   RO          913    i.Wifi_Task         app_wifi.o
    0x080026c8   0x080026c8   0x00000020   Code   RO         5303    i.__0printf$5       mc_w.l(printf5.o)
    0x080026e8   0x080026e8   0x00000028   Code   RO         5305    i.__0sprintf$5      mc_w.l(printf5.o)
    0x08002710   0x08002710   0x0000000e   Code   RO         5475    i.__scatterload_copy  mc_w.l(handlers.o)
    0x0800271e   0x0800271e   0x00000002   Code   RO         5476    i.__scatterload_null  mc_w.l(handlers.o)
    0x08002720   0x08002720   0x0000000e   Code   RO         5477    i.__scatterload_zeroinit  mc_w.l(handlers.o)
    0x0800272e   0x0800272e   0x00000002   PAD
    0x08002730   0x08002730   0x000002c0   Code   RO         5310    i._printf_core      mc_w.l(printf5.o)
    0x080029f0   0x080029f0   0x0000000a   Code   RO         5312    i._sputc            mc_w.l(printf5.o)
    0x080029fa   0x080029fa   0x00000012   Code   RO          259    i.delay_1msTest     hal_gpio.o
    0x08002a0c   0x08002a0c   0x0000006c   Code   RO         4427    i.eTaskGetState     tasks.o
    0x08002a78   0x08002a78   0x00000018   Code   RO          198    i.fputc             hal_usart.o
    0x08002a90   0x08002a90   0x0000001c   Code   RO          548    i.hal_Al6630_Init   hal_al6630.o
    0x08002aac   0x08002aac   0x00000038   Code   RO          482    i.hal_CreatTimer    hal_timer.o
    0x08002ae4   0x08002ae4   0x00000010   Code   RO          260    i.hal_GPIO_4GPowerKey_H  hal_gpio.o
    0x08002af4   0x08002af4   0x00000010   Code   RO          261    i.hal_GPIO_4GPowerKey_L  hal_gpio.o
    0x08002b04   0x08002b04   0x00000010   Code   RO          262    i.hal_GPIO_GetACState  hal_gpio.o
    0x08002b14   0x08002b14   0x00000010   Code   RO          263    i.hal_GPIO_WIFIPowerEN_H  hal_gpio.o
    0x08002b24   0x08002b24   0x00000010   Code   RO          264    i.hal_GPIO_WIFIPowerEN_L  hal_gpio.o
    0x08002b34   0x08002b34   0x000000c0   Code   RO          549    i.hal_GetTemHum_Proc  hal_al6630.o
    0x08002bf4   0x08002bf4   0x0000004c   Code   RO          265    i.hal_Gpio_AcStateCheck  hal_gpio.o
    0x08002c40   0x08002c40   0x00000084   Code   RO          266    i.hal_Gpio_Init     hal_gpio.o
    0x08002cc4   0x08002cc4   0x000000d4   Code   RO          600    i.hal_Key_DBGet_Sta  hal_key.o
    0x08002d98   0x08002d98   0x00000044   Code   RO          601    i.hal_Key_Init      hal_key.o
    0x08002ddc   0x08002ddc   0x00000118   Code   RO          602    i.hal_Key_Proc      hal_key.o
    0x08002ef4   0x08002ef4   0x00000038   Code   RO            1    i.hal_LedConfig     hal_led.o
    0x08002f2c   0x08002f2c   0x00000008   Code   RO            2    i.hal_LedInit       hal_led.o
    0x08002f34   0x08002f34   0x00000040   Code   RO            3    i.hal_LedTurn       hal_led.o
    0x08002f74   0x08002f74   0x00000014   Code   RO          348    i.hal_Oled_Display_on  hal_tftlcd.o
    0x08002f88   0x08002f88   0x00000034   Code   RO          486    i.hal_ResetTimer    hal_timer.o
    0x08002fbc   0x08002fbc   0x0000002c   Code   RO          418    i.hal_SC8002Config  hal_wtn6.o
    0x08002fe8   0x08002fe8   0x00000050   Code   RO          550    i.hal_Tim3_SentDatPin  hal_al6630.o
    0x08003038   0x08003038   0x00000064   Code   RO          419    i.hal_Wtn6Config    hal_wtn6.o
    0x0800309c   0x0800309c   0x00000028   Code   RO          420    i.hal_Wtn6_Init     hal_wtn6.o
    0x080030c4   0x080030c4   0x00000074   Code   RO          421    i.hal_Wtn6_Play     hal_wtn6.o
    0x08003138   0x08003138   0x00000108   Code   RO          422    i.hal_Wtn6_PlayHandle  hal_wtn6.o
    0x08003240   0x08003240   0x00000010   Code   RO          603    i.hal_get_DB0Sta    hal_key.o
    0x08003250   0x08003250   0x00000010   Code   RO          604    i.hal_get_DB1Sta    hal_key.o
    0x08003260   0x08003260   0x00000014   Code   RO          605    i.hal_get_DB2Sta    hal_key.o
    0x08003274   0x08003274   0x00000014   Code   RO          606    i.hal_get_DB3Sta    hal_key.o
    0x08003288   0x08003288   0x00000014   Code   RO          607    i.hal_get_DB4Sta    hal_key.o
    0x0800329c   0x0800329c   0x00000040   Code   RO          608    i.hal_key_Config    hal_key.o
    0x080032dc   0x080032dc   0x00000014   Code   RO          349    i.hal_oled_RestH    hal_tftlcd.o
    0x080032f0   0x080032f0   0x00000014   Code   RO          350    i.hal_oled_RestL    hal_tftlcd.o
    0x08003304   0x08003304   0x00000024   Code   RO          317    i.hal_spi2CSDrive   hal_flash.o
    0x08003328   0x08003328   0x000000b8   Code   RO          318    i.hal_spi2Init      hal_flash.o
    0x080033e0   0x080033e0   0x0000000c   Code   RO          351    i.hal_tftlcd_Delay  hal_tftlcd.o
    0x080033ec   0x080033ec   0x00000150   Code   RO          352    i.hal_tftlcd_Init   hal_tftlcd.o
    0x0800353c   0x0800353c   0x000000b4   Code   RO          551    i.hal_timer3CapConfig  hal_al6630.o
    0x080035f0   0x080035f0   0x00000080   Code   RO          487    i.hal_timer4Config  hal_timer.o
    0x08003670   0x08003670   0x00000044   Code   RO          488    i.hal_timer_Init    hal_timer.o
    0x080036b4   0x080036b4   0x00000158   Code   RO          661    i.main              main.o
    0x0800380c   0x0800380c   0x00000098   Code   RO         4429    i.prvAddCurrentTaskToDelayedList  tasks.o
    0x080038a4   0x080038a4   0x000000b8   Code   RO         4430    i.prvAddNewTaskToReadyList  tasks.o
    0x0800395c   0x0800395c   0x00000048   Code   RO         4431    i.prvCheckTasksWaitingTermination  tasks.o
    0x080039a4   0x080039a4   0x0000002a   Code   RO         4203    i.prvCopyDataFromQueue  queue.o
    0x080039ce   0x080039ce   0x0000007c   Code   RO         4204    i.prvCopyDataToQueue  queue.o
    0x08003a4a   0x08003a4a   0x00000012   Code   RO         4432    i.prvDeleteTCB      tasks.o
    0x08003a5c   0x08003a5c   0x00000014   Code   RO         4205    i.prvGetDisinheritPriorityAfterTimeout  queue.o
    0x08003a70   0x08003a70   0x0000007c   Code   RO         4804    i.prvHeapInit       heap_4.o
    0x08003aec   0x08003aec   0x00000028   Code   RO         4433    i.prvIdleTask       tasks.o
    0x08003b14   0x08003b14   0x0000001c   Code   RO         4206    i.prvInitialiseMutex  queue.o
    0x08003b30   0x08003b30   0x0000002e   Code   RO         4207    i.prvInitialiseNewQueue  queue.o
    0x08003b5e   0x08003b5e   0x00000090   Code   RO         4434    i.prvInitialiseNewTask  tasks.o
    0x08003bee   0x08003bee   0x00000002   PAD
    0x08003bf0   0x08003bf0   0x00000068   Code   RO         4435    i.prvInitialiseTaskLists  tasks.o
    0x08003c58   0x08003c58   0x00000068   Code   RO         4805    i.prvInsertBlockIntoFreeList  heap_4.o
    0x08003cc0   0x08003cc0   0x0000001a   Code   RO         4208    i.prvIsQueueEmpty   queue.o
    0x08003cda   0x08003cda   0x0000001e   Code   RO         4209    i.prvIsQueueFull    queue.o
    0x08003cf8   0x08003cf8   0x0000006a   Code   RO         4436    i.prvListTasksWithinSingleList  tasks.o
    0x08003d62   0x08003d62   0x00000052   Code   RO         4210    i.prvNotifyQueueSetContainer  queue.o
    0x08003db4   0x08003db4   0x00000034   Code   RO         4437    i.prvResetNextTaskUnblockTime  tasks.o
    0x08003de8   0x08003de8   0x00000016   Code   RO         4438    i.prvTaskCheckFreeStackSpace  tasks.o
    0x08003dfe   0x08003dfe   0x00000016   Code   RO         4854    i.prvTaskExitError  port.o
    0x08003e14   0x08003e14   0x00000092   Code   RO         4211    i.prvUnlockQueue    queue.o
    0x08003ea6   0x08003ea6   0x0000002a   Code   RO         4440    i.prvWriteNameToBuffer  tasks.o
    0x08003ed0   0x08003ed0   0x000000d0   Code   RO         4806    i.pvPortMalloc      heap_4.o
    0x08003fa0   0x08003fa0   0x00000020   Code   RO         4441    i.pvTaskIncrementMutexHeldCount  tasks.o
    0x08003fc0   0x08003fc0   0x00000024   Code   RO         4855    i.pxPortInitialiseStack  port.o
    0x08003fe4   0x08003fe4   0x00000140   Code   RO          835    i.showSystemTime    app_tftlcd.o
    0x08004124   0x08004124   0x00000024   Code   RO         4928    i.tick_check        systick.o
    0x08004148   0x08004148   0x00000028   Code   RO         4163    i.uxListRemove      list.o
    0x08004170   0x08004170   0x000000b0   Code   RO         4444    i.uxTaskGetSystemState  tasks.o
    0x08004220   0x08004220   0x0000001a   Code   RO         4164    i.vListInitialise   list.o
    0x0800423a   0x0800423a   0x00000006   Code   RO         4165    i.vListInitialiseItem  list.o
    0x08004240   0x08004240   0x00000034   Code   RO         4166    i.vListInsert       list.o
    0x08004274   0x08004274   0x00000018   Code   RO         4167    i.vListInsertEnd    list.o
    0x0800428c   0x0800428c   0x00000024   Code   RO         4857    i.vPortEnterCritical  port.o
    0x080042b0   0x080042b0   0x00000020   Code   RO         4858    i.vPortExitCritical  port.o
    0x080042d0   0x080042d0   0x00000048   Code   RO         4807    i.vPortFree         heap_4.o
    0x08004318   0x08004318   0x00000028   Code   RO         4859    i.vPortSetupTimerInterrupt  port.o
    0x08004340   0x08004340   0x00000034   Code   RO         4449    i.vTaskDelay        tasks.o
    0x08004374   0x08004374   0x00000084   Code   RO         4453    i.vTaskGetInfo      tasks.o
    0x080043f8   0x080043f8   0x00000018   Code   RO         4454    i.vTaskInternalSetTimeOutState  tasks.o
    0x08004410   0x08004410   0x000000e0   Code   RO         4455    i.vTaskList         tasks.o
    0x080044f0   0x080044f0   0x0000000c   Code   RO         4456    i.vTaskMissedYield  tasks.o
    0x080044fc   0x080044fc   0x00000020   Code   RO         4458    i.vTaskPlaceOnEventList  tasks.o
    0x0800451c   0x0800451c   0x000000b0   Code   RO         4460    i.vTaskPriorityDisinheritAfterTimeout  tasks.o
    0x080045cc   0x080045cc   0x00000064   Code   RO         4466    i.vTaskStartScheduler  tasks.o
    0x08004630   0x08004630   0x00000010   Code   RO         4468    i.vTaskSuspendAll   tasks.o
    0x08004640   0x08004640   0x00000060   Code   RO         4469    i.vTaskSwitchContext  tasks.o
    0x080046a0   0x080046a0   0x0000004c   Code   RO          914    i.wifi_PowerManage  app_wifi.o
    0x080046ec   0x080046ec   0x00000034   Code   RO         4860    i.xPortStartScheduler  port.o
    0x08004720   0x08004720   0x00000034   Code   RO         4861    i.xPortSysTickHandler  port.o
    0x08004754   0x08004754   0x00000022   Code   RO         4222    i.xQueueCreateMutex  queue.o
    0x08004776   0x08004776   0x00000038   Code   RO         4224    i.xQueueGenericCreate  queue.o
    0x080047ae   0x080047ae   0x00000002   PAD
    0x080047b0   0x080047b0   0x00000080   Code   RO         4225    i.xQueueGenericReset  queue.o
    0x08004830   0x08004830   0x00000138   Code   RO         4226    i.xQueueGenericSend  queue.o
    0x08004968   0x08004968   0x0000009c   Code   RO         4227    i.xQueueGenericSendFromISR  queue.o
    0x08004a04   0x08004a04   0x00000104   Code   RO         4233    i.xQueueReceive     queue.o
    0x08004b08   0x08004b08   0x00000130   Code   RO         4238    i.xQueueSemaphoreTake  queue.o
    0x08004c38   0x08004c38   0x0000005c   Code   RO         4470    i.xTaskCheckForTimeOut  tasks.o
    0x08004c94   0x08004c94   0x00000060   Code   RO         4471    i.xTaskCreate       tasks.o
    0x08004cf4   0x08004cf4   0x00000020   Code   RO         4475    i.xTaskGetSchedulerState  tasks.o
    0x08004d14   0x08004d14   0x0000000c   Code   RO         4476    i.xTaskGetTickCount  tasks.o
    0x08004d20   0x08004d20   0x0000011c   Code   RO         4478    i.xTaskIncrementTick  tasks.o
    0x08004e3c   0x08004e3c   0x00000084   Code   RO         4481    i.xTaskPriorityDisinherit  tasks.o
    0x08004ec0   0x08004ec0   0x000000c8   Code   RO         4482    i.xTaskPriorityInherit  tasks.o
    0x08004f88   0x08004f88   0x00000080   Code   RO         4483    i.xTaskRemoveFromEventList  tasks.o
    0x08005008   0x08005008   0x000000e8   Code   RO         4484    i.xTaskResumeAll    tasks.o
    0x080050f0   0x080050f0   0x000072e4   Data   RO         4968    .constdata          lcdfont.o
    0x0800c3d4   0x0800c3d4   0x00000020   Data   RO         5473    Region$$Table       anon$$obj.o


    Execution Region RW_IRAM1 (Exec base: 0x20000000, Load base: 0x0800c3f4, Size: 0x00009b38, Max: 0x00010000, ABSOLUTE)

    Exec Addr    Load Addr    Size         Type   Attr      Idx    E Section Name        Object

    0x20000000   0x0800c3f4   0x00000004   Data   RW          199    .data               hal_usart.o
    0x20000004   0x0800c3f8   0x00000002   Data   RW          267    .data               hal_gpio.o
    0x20000006   0x0800c3fa   0x00000030   Data   RW          423    .data               hal_wtn6.o
    0x20000036   0x0800c42a   0x00000002   PAD
    0x20000038   0x0800c42c   0x00000004   Data   RW          553    .data               hal_al6630.o
    0x2000003c   0x0800c430   0x00000014   Data   RW          610    .data               hal_key.o
    0x20000050   0x0800c444   0x00000020   Data   RW          662    .data               main.o
    0x20000070   0x0800c464   0x00000014   Data   RW          756    .data               system_stm32f10x.o
    0x20000084   0x0800c478   0x00000004   Data   RW          784    .data               app_led.o
    0x20000088   0x0800c47c   0x00000008   Data   RW          798    .data               app_key.o
    0x20000090   0x0800c484   0x00000004   Data   RW          875    .data               app_al6630.o
    0x20000094   0x0800c488   0x00000006   Data   RW          915    .data               app_wifi.o
    0x2000009a   0x0800c48e   0x00000002   PAD
    0x2000009c   0x0800c490   0x00000004   Data   RW          951    .data               app_lora.o
    0x200000a0   0x0800c494   0x0000000c   Data   RW          983    .data               app_4g.o
    0x200000ac   0x0800c4a0   0x00000014   Data   RW         2628    .data               stm32f10x_rcc.o
    0x200000c0   0x0800c4b4   0x0000003c   Data   RW         4487    .data               tasks.o
    0x200000fc   0x0800c4f0   0x00000018   Data   RW         4812    .data               heap_4.o
    0x20000114   0x0800c508   0x00000004   Data   RW         4862    .data               port.o
    0x20000118   0x0800c50c   0x00000004   Data   RW         4929    .data               systick.o
    0x2000011c   0x0800c510   0x00000004   Data   RW         4981    .data               test.o
    0x20000120   0x0800c514   0x00000004   Data   RW         5447    .data               mc_w.l(stdout.o)
    0x20000124        -       0x00000018   Zero   RW          489    .bss                hal_timer.o
    0x2000013c        -       0x00000014   Zero   RW          552    .bss                hal_al6630.o
    0x20000150        -       0x00000080   Zero   RW          609    .bss                hal_key.o
    0x200001d0        -       0x000002e4   Zero   RW         4486    .bss                tasks.o
    0x200004b4        -       0x00009000   Zero   RW         4811    .bss                heap_4.o
    0x200094b4        -       0x00000280   Zero   RW         5098    .bss                mt_tftlcd.o
    0x20009734   0x0800c518   0x00000004   PAD
    0x20009738        -       0x00000400   Zero   RW         1014    STACK               startup_stm32f10x_cl.o


==============================================================================

Image component sizes


      Code (inc. data)   RO Data    RW Data    ZI Data      Debug   Object Name

       232         44          0         12          0       1309   app_4g.o
       450         22          0          4          0       2266   app_al6630.o
       488        284          0          8          0       1368   app_key.o
        60          4          0          4          0        535   app_led.o
       360          8          0          4          0       1764   app_lora.o
       358         16          0          0          0       1454   app_tftlcd.o
       128         12          0          6          0       1272   app_wifi.o
         0          0          0          0          0       9152   event_groups.o
       744         64          0          4         20       4320   hal_al6630.o
       220         14          0          0          0       1073   hal_flash.o
       306         44          0          2          0       4234   hal_gpio.o
        44          0          0          0          0      15287   hal_init.o
       716        110          0         20        128       5320   hal_key.o
       128         10          0          0          0     292384   hal_led.o
      1018         56          0          0          0       5569   hal_tftlcd.o
       444         38          0          0         24       3761   hal_timer.o
      1060         94          0          4          0       5944   hal_usart.o
       564         88          0         48          0     224734   hal_wtn6.o
       508         62          0         24      36864       3735   heap_4.o
         0          0      29412          0          0        902   lcdfont.o
       148          0          0          0          0       2982   list.o
       344        160          0         32          0       1035   main.o
       172         22          0          0          0       2241   misc.o
       732         30          0          0        640       5307   mt_tftlcd.o
       420         48          0          4          0       8748   port.o
      1794         18          0          0          0      13424   queue.o
        36          8        336          0       1024        804   startup_stm32f10x_cl.o
       392          8          0          0          0       3048   stm32f10x_dma.o
       476          6          0          0          0       5923   stm32f10x_gpio.o
        36          0          0          0          0       2835   stm32f10x_it.o
       560         56          0         20          0       7140   stm32f10x_rcc.o
       102          0          0          0          0       2902   stm32f10x_spi.o
      1586        214          0          0          0      12279   stm32f10x_tim.o
       472          6          0          0          0       7043   stm32f10x_usart.o
       396         32          0         20          0       2209   system_stm32f10x.o
       128         16          0          4          0       1352   systick.o
      3324        440          0         60        740      31871   tasks.o
       264        158          0          4          0       2524   test.o

    ----------------------------------------------------------------------
     19238       2192      29780        288      39444     700050   Object Totals
         0          0         32          0          0          0   (incl. Generated)
        28          0          0          4          4          0   (incl. Padding)

    ----------------------------------------------------------------------

      Code (inc. data)   RO Data    RW Data    ZI Data      Debug   Library Member Name

         0          0          0          0          0          0   entry.o
         0          0          0          0          0          0   entry10a.o
         0          0          0          0          0          0   entry11a.o
         4          0          0          0          0          0   entry12b.o
         8          4          0          0          0          0   entry2.o
         4          0          0          0          0          0   entry5.o
         0          0          0          0          0          0   entry7b.o
         0          0          0          0          0          0   entry8b.o
         8          4          0          0          0          0   entry9a.o
        30          0          0          0          0          0   handlers.o
        36          8          0          0          0         68   init.o
        30          0          0          0          0         68   llshl.o
        32          0          0          0          0         68   llushr.o
        36          0          0          0          0         68   memcpya.o
        36          0          0          0          0        108   memseta.o
       786         60          0          0          0        336   printf5.o
         0          0          0          4          0          0   stdout.o
        18          0          0          0          0         68   strcpy.o
        14          0          0          0          0         68   strlen.o
        98          0          0          0          0         92   uldiv.o

    ----------------------------------------------------------------------
      1146         76          0          4          0        944   Library Totals
         6          0          0          0          0          0   (incl. Padding)

    ----------------------------------------------------------------------

      Code (inc. data)   RO Data    RW Data    ZI Data      Debug   Library Name

      1140         76          0          4          0        944   mc_w.l

    ----------------------------------------------------------------------
      1146         76          0          4          0        944   Library Totals

    ----------------------------------------------------------------------

==============================================================================


      Code (inc. data)   RO Data    RW Data    ZI Data      Debug   

     20384       2268      29780        292      39444     690226   Grand Totals
     20384       2268      29780        292      39444     690226   ELF Image Totals
     20384       2268      29780        292          0          0   ROM Totals

==============================================================================

    Total RO  Size (Code + RO Data)                50164 (  48.99kB)
    Total RW  Size (RW Data + ZI Data)             39736 (  38.80kB)
    Total ROM Size (Code + RO Data + RW Data)      50456 (  49.27kB)

==============================================================================

